2026-04-29 15:52:09,774 - INFO - Navigating to Login Page: http://operator-qa.qmaastech.com/
2026-04-29 15:52:12,219 - INFO - Attempting login for user: superadmin_qm@yopmail.com
2026-04-29 15:52:13,887 - INFO - Logging DOM elements BEFORE login click...
2026-04-29 15:52:13,887 - INFO - 
================================================================================
2026-04-29 15:52:13,891 - INFO - DOM SNAPSHOT AT STAGE: Before_Login
2026-04-29 15:52:13,891 - INFO - ================================================================================
2026-04-29 15:52:13,920 - INFO - 
Searching for pop-up elements in page content...
2026-04-29 15:52:14,175 - WARNING - ⚠ No known pop-up selectors found. Checking all visible divs...
2026-04-29 15:52:14,222 - INFO - Total DIV elements on page: 21
2026-04-29 15:52:14,651 - INFO -   Visible DIV 1: class='hero-pills' id='no-id' text='bolt
Real-time
smart_toy
AI-driven
hub
Multi-agenc'
2026-04-29 15:52:14,795 - INFO -   Visible DIV 2: class='auth-panel' id='no-id' text='Welcome Back

Sign in to your account to continue
'
2026-04-29 15:52:14,863 - INFO -   Visible DIV 3: class='auth-card' id='no-id' text='Welcome Back

Sign in to your account to continue
'
2026-04-29 15:52:14,951 - INFO -   Visible DIV 4: class='auth-step' id='no-id' text='Welcome Back

Sign in to your account to continue
'
2026-04-29 15:52:15,078 - INFO -   Visible DIV 5: class='field-wrap' id='no-id' text='Email ID / Username *
person'
2026-04-29 15:52:15,153 - INFO -   Visible DIV 6: class='input-shell' id='no-id' text='person'
2026-04-29 15:52:15,243 - INFO -   Visible DIV 7: class='field-wrap' id='no-id' text='Password *
lock
visibility_off'
2026-04-29 15:52:15,303 - INFO -   Visible DIV 8: class='input-shell' id='no-id' text='lock
visibility_off'
2026-04-29 15:52:15,393 - INFO -   Visible DIV 9: class='auth-bottom-links' id='no-id' text='New user?  Access Account

Forgot password?'
2026-04-29 15:52:15,437 - INFO - 
================================================================================

2026-04-29 15:52:16,010 - INFO - Login button clicked.
2026-04-29 15:52:16,014 - INFO - Taking rapid screenshots and validating pop-up...
2026-04-29 15:52:16,756 - INFO - Screenshot 1 captured - Attempting validation...
2026-04-29 15:52:16,756 - INFO - 
================================================================================
2026-04-29 15:52:16,756 - INFO - STARTING COMPREHENSIVE POP-UP VALIDATION
2026-04-29 15:52:16,756 - INFO - ================================================================================
2026-04-29 15:52:16,770 - INFO - 
[VALIDATION 1] Checking Pop-up Visibility...
2026-04-29 15:52:16,803 - INFO -   Visibility Status: True
2026-04-29 15:52:16,803 - INFO -   PASSED: Pop-up is visible
2026-04-29 15:52:16,803 - INFO - 
[VALIDATION 2] Extracting and Validating Text Content...
2026-04-29 15:52:16,821 - INFO -   Extracted Text: 'Login Successful'
2026-04-29 15:52:16,821 - INFO -   PASSED: Text matches exactly: 'Login Successful'
2026-04-29 15:52:16,821 - INFO - 
[VALIDATION 3] Checking for Typos...
2026-04-29 15:52:16,821 - INFO -   PASSED: No known typos detected
2026-04-29 15:52:16,831 - INFO - 
[VALIDATION 4] Extracting CSS Classes and Attributes...
2026-04-29 15:52:16,836 - INFO -   CSS Classes: snackbar success-snackbar
2026-04-29 15:52:16,851 - INFO -   PASSED: 'success' class is present
2026-04-29 15:52:16,852 - INFO - 
[VALIDATION 5] Checking Element Properties...
2026-04-29 15:52:16,919 - INFO -   ID: Not set
2026-04-29 15:52:16,919 - INFO -   Data-TestID: Not set
2026-04-29 15:52:16,919 - INFO -   Role: Not set
2026-04-29 15:52:16,933 - INFO -   ARIA Label: Not set
2026-04-29 15:52:16,934 - INFO - 
[VALIDATION 6] Checking Position and Size...
2026-04-29 15:52:16,950 - INFO -   X: 1230, Y: 20
2026-04-29 15:52:16,951 - INFO -   Width: 250, Height: 43.5
2026-04-29 15:52:16,951 - INFO -   PASSED: Element has valid dimensions
2026-04-29 15:52:16,953 - INFO - 
[VALIDATION 7] Checking Computed Styles...
2026-04-29 15:52:16,986 - INFO -   Display: block
2026-04-29 15:52:16,986 - INFO -   Opacity: 1
2026-04-29 15:52:16,986 - INFO -   PASSED: Element is displayed with proper opacity
2026-04-29 15:52:16,993 - INFO - 
================================================================================
2026-04-29 15:52:16,993 - INFO - POP-UP VALIDATION SUMMARY
2026-04-29 15:52:16,993 - INFO - ================================================================================
2026-04-29 15:52:16,993 - INFO -   Visibility: PASSED
2026-04-29 15:52:16,993 - INFO -   Text Match: PASSED
2026-04-29 15:52:16,993 - INFO -   Typo Check: PASSED
2026-04-29 15:52:16,993 - INFO -   CSS Classes: Present
2026-04-29 15:52:16,993 - INFO -   Position & Size: Valid
2026-04-29 15:52:16,993 - INFO -   Computed Styles: Valid
2026-04-29 15:52:16,993 - INFO - ================================================================================

2026-04-29 15:52:16,993 - INFO - ✓ ALL VALIDATIONS PASSED - Pop-up is working correctly!
2026-04-29 15:52:17,396 - INFO - Screenshot 2 captured - Attempting validation...
2026-04-29 15:52:17,397 - INFO - 
================================================================================
2026-04-29 15:52:17,397 - INFO - STARTING COMPREHENSIVE POP-UP VALIDATION
2026-04-29 15:52:17,397 - INFO - ================================================================================
2026-04-29 15:52:17,417 - ERROR - VALIDATION FAILED: Pop-up element not found!
2026-04-29 15:52:18,656 - INFO - Screenshot 3 captured - Attempting validation...
2026-04-29 15:52:18,657 - INFO - 
================================================================================
2026-04-29 15:52:18,657 - INFO - STARTING COMPREHENSIVE POP-UP VALIDATION
2026-04-29 15:52:18,658 - INFO - ================================================================================
2026-04-29 15:52:18,679 - ERROR - VALIDATION FAILED: Pop-up element not found!
2026-04-29 15:52:18,820 - INFO - Logging DOM elements AFTER login click (pop-up should appear here)...
2026-04-29 15:52:18,820 - INFO - 
================================================================================
2026-04-29 15:52:18,820 - INFO - DOM SNAPSHOT AT STAGE: After_Login_Click
2026-04-29 15:52:18,820 - INFO - ================================================================================
2026-04-29 15:52:18,849 - INFO - 
Searching for pop-up elements in page content...
2026-04-29 15:52:19,174 - WARNING - ⚠ No known pop-up selectors found. Checking all visible divs...
2026-04-29 15:52:19,239 - INFO - Total DIV elements on page: 29
2026-04-29 15:52:19,465 - INFO -   Visible DIV 1: class='header-right' id='no-id' text='English
French
Spanish
Quantum Toll Authority
supe'
2026-04-29 15:52:19,568 - INFO -   Visible DIV 2: class='nav-user' id='no-id' text='Quantum Toll Authority
superadmin_qm@yopmail.com'
2026-04-29 15:52:19,728 - INFO -   Visible DIV 3: class='nav-user-info' id='no-id' text='Quantum Toll Authority
superadmin_qm@yopmail.com'
2026-04-29 15:52:19,841 - INFO -   Visible DIV 4: class='uname' id='no-id' text='Quantum Toll Authority'
2026-04-29 15:52:19,936 - INFO -   Visible DIV 5: class='urole' id='no-id' text='superadmin_qm@yopmail.com'
2026-04-29 15:52:20,047 - INFO -   Visible DIV 6: class='main-container' id='no-id' text='dashboard_2
group
decimal_increase
admin_panel_set'
2026-04-29 15:52:20,153 - INFO -   Visible DIV 7: class='inner' id='no-id' text='dashboard_2'
2026-04-29 15:52:20,261 - INFO -   Visible DIV 8: class='inner' id='no-id' text='group'
2026-04-29 15:52:20,387 - INFO -   Visible DIV 9: class='inner' id='no-id' text='decimal_increase'
2026-04-29 15:52:20,525 - INFO -   Visible DIV 10: class='inner' id='no-id' text='admin_panel_settings'
2026-04-29 15:52:20,676 - INFO -   Visible DIV 11: class='inner' id='no-id' text='nest_doorbell_visitor'
2026-04-29 15:52:20,816 - INFO -   Visible DIV 12: class='inner' id='no-id' text='key_visualizer'
2026-04-29 15:52:20,842 - INFO - 
================================================================================

2026-04-29 15:52:21,238 - INFO - Waiting for dashboard URL...
2026-04-29 15:52:21,239 - INFO - 
================================================================================
2026-04-29 15:52:21,239 - INFO - DOM SNAPSHOT AT STAGE: Before_Dashboard_Navigation
2026-04-29 15:52:21,240 - INFO - ================================================================================
2026-04-29 15:52:21,271 - INFO - 
Searching for pop-up elements in page content...
2026-04-29 15:52:21,465 - WARNING - ⚠ No known pop-up selectors found. Checking all visible divs...
2026-04-29 15:52:21,509 - INFO - Total DIV elements on page: 29
2026-04-29 15:52:21,653 - INFO -   Visible DIV 1: class='header-right' id='no-id' text='English
French
Spanish
Quantum Toll Authority
supe'
2026-04-29 15:52:21,740 - INFO -   Visible DIV 2: class='nav-user' id='no-id' text='Quantum Toll Authority
superadmin_qm@yopmail.com'
2026-04-29 15:52:21,855 - INFO -   Visible DIV 3: class='nav-user-info' id='no-id' text='Quantum Toll Authority
superadmin_qm@yopmail.com'
2026-04-29 15:52:21,925 - INFO -   Visible DIV 4: class='uname' id='no-id' text='Quantum Toll Authority'
2026-04-29 15:52:21,987 - INFO -   Visible DIV 5: class='urole' id='no-id' text='superadmin_qm@yopmail.com'
2026-04-29 15:52:22,073 - INFO -   Visible DIV 6: class='main-container' id='no-id' text='dashboard_2
group
decimal_increase
admin_panel_set'
2026-04-29 15:52:22,141 - INFO -   Visible DIV 7: class='inner' id='no-id' text='dashboard_2'
2026-04-29 15:52:22,220 - INFO -   Visible DIV 8: class='inner' id='no-id' text='group'
2026-04-29 15:52:22,321 - INFO -   Visible DIV 9: class='inner' id='no-id' text='decimal_increase'
2026-04-29 15:52:22,404 - INFO -   Visible DIV 10: class='inner' id='no-id' text='admin_panel_settings'
2026-04-29 15:52:22,486 - INFO -   Visible DIV 11: class='inner' id='no-id' text='nest_doorbell_visitor'
2026-04-29 15:52:22,587 - INFO -   Visible DIV 12: class='inner' id='no-id' text='key_visualizer'
2026-04-29 15:52:22,620 - INFO - 
================================================================================

2026-04-29 15:52:22,641 - INFO - Login SUCCESS: Dashboard URL reached.
2026-04-29 15:52:23,171 - INFO - 
================================================================================
2026-04-29 15:52:23,171 - INFO - DOM SNAPSHOT AT STAGE: After_Dashboard_Loaded
2026-04-29 15:52:23,173 - INFO - ================================================================================
2026-04-29 15:52:23,207 - INFO - 
Searching for pop-up elements in page content...
2026-04-29 15:52:23,453 - WARNING - ⚠ No known pop-up selectors found. Checking all visible divs...
2026-04-29 15:52:23,471 - INFO - Total DIV elements on page: 29
2026-04-29 15:52:23,670 - INFO -   Visible DIV 1: class='header-right' id='no-id' text='English
French
Spanish
Quantum Toll Authority
supe'
2026-04-29 15:52:23,800 - INFO -   Visible DIV 2: class='nav-user' id='no-id' text='Quantum Toll Authority
superadmin_qm@yopmail.com'
2026-04-29 15:52:23,938 - INFO -   Visible DIV 3: class='nav-user-info' id='no-id' text='Quantum Toll Authority
superadmin_qm@yopmail.com'
2026-04-29 15:52:24,037 - INFO -   Visible DIV 4: class='uname' id='no-id' text='Quantum Toll Authority'
2026-04-29 15:52:24,155 - INFO -   Visible DIV 5: class='urole' id='no-id' text='superadmin_qm@yopmail.com'
2026-04-29 15:52:24,244 - INFO -   Visible DIV 6: class='main-container' id='no-id' text='dashboard_2
group
decimal_increase
admin_panel_set'
2026-04-29 15:52:24,304 - INFO -   Visible DIV 7: class='inner' id='no-id' text='dashboard_2'
2026-04-29 15:52:24,386 - INFO -   Visible DIV 8: class='inner' id='no-id' text='group'
2026-04-29 15:52:24,504 - INFO -   Visible DIV 9: class='inner' id='no-id' text='decimal_increase'
2026-04-29 15:52:24,610 - INFO -   Visible DIV 10: class='inner' id='no-id' text='admin_panel_settings'
2026-04-29 15:52:24,757 - INFO -   Visible DIV 11: class='inner' id='no-id' text='nest_doorbell_visitor'
2026-04-29 15:52:24,927 - INFO -   Visible DIV 12: class='inner' id='no-id' text='key_visualizer'
2026-04-29 15:52:24,959 - INFO - 
================================================================================

2026-04-29 15:52:24,959 - INFO - Checking for dashboard header 'Welcome to QM Toll portal!'...
2026-04-29 15:52:25,125 - INFO - ✅ Dashboard header found with selector: h4:has-text("Welcome to QM Toll portal!")
2026-04-29 15:52:25,125 - INFO -    Header text: 'Welcome to QM Toll portal!'
2026-04-29 15:52:25,131 - INFO - ✅ DASHBOARD VALIDATION PASSED: 'Welcome to QM Toll portal!' header found
2026-04-29 15:52:25,979 - INFO - Step 1: Navigating and Starting Onboarding...
2026-04-29 15:52:25,984 - INFO - Executing Sidebar Navigation Sequence...
2026-04-29 15:52:28,854 - INFO - Filling Step 1: Account Details...
2026-04-29 15:52:33,000 - INFO - Filled First Name: Dharmajan
2026-04-29 15:52:34,164 - INFO - Filled Middle Name: QA Team
2026-04-29 15:52:35,345 - INFO - Filled Last Name: Sachdeva
2026-04-29 15:52:36,489 - INFO - Checked: Use Same for Billing
2026-04-29 15:52:37,647 - INFO - Checked: Use Same for Shipping
2026-04-29 15:52:38,861 - INFO - Checked: Primary Address
2026-04-29 15:52:42,771 - INFO - Filled Address: 123 Automation Blvd
2026-04-29 15:52:44,010 - INFO - Filled Zip Code: 12345
2026-04-29 15:52:45,787 - INFO - Filled Phone: 9688282128
2026-04-29 15:52:46,970 - INFO - Filled Email: dharmajan.sachdeva37@testmail.com
2026-04-29 15:52:48,174 - INFO - Filled Confirm Email: dharmajan.sachdeva37@testmail.com
2026-04-29 15:52:48,174 - INFO - Clicking Save & Next...
2026-04-29 15:52:48,195 - INFO - Chatbot elements hidden via CSS injection.
2026-04-29 15:52:49,985 - INFO - Step 1 Submitted.
2026-04-29 15:52:49,987 - INFO - Adding 1 Vehicle(s)...
2026-04-29 15:52:50,364 - INFO - Step 2 loaded successfully.
2026-04-29 15:52:50,392 - INFO - Chatbot elements hidden via CSS injection.
2026-04-29 15:52:51,579 - INFO - Filled Plate 1: QA8533GP
2026-04-29 15:52:56,016 - INFO - Filled Plate Start Date: 2026-04-29
2026-04-29 15:53:07,311 - INFO - Clicking 'Add' button for Vehicle 1...
2026-04-29 15:53:07,343 - INFO - Chatbot elements hidden via CSS injection.
2026-04-29 15:53:10,570 - INFO - Vehicle 1 added successfully.
2026-04-29 15:53:12,115 - INFO - Highlighting and clicking 'Next' button...
2026-04-29 15:53:12,147 - INFO - Chatbot elements hidden via CSS injection.
2026-04-29 15:53:14,661 - INFO - Captured Permanent Account Number: 2000009567
2026-04-29 15:53:14,670 - INFO - Account 2000009567 saved to SharedData.
2026-04-29 15:53:14,670 - INFO - Starting Step 3: Payment Information...
2026-04-29 15:53:14,692 - INFO - Chatbot elements hidden via CSS injection.
2026-04-29 15:53:18,942 - INFO - Filled Cardholder Name: BTAuYchWctfSVLTYlFjTKRiqVwrVgYXZrPyLAUqvAghmj
2026-04-29 15:53:20,467 - INFO - Filled Card Number: 3579544949949915
2026-04-29 15:53:21,962 - INFO - Filled Expiry Date: 04/28
2026-04-29 15:53:23,481 - INFO - Filled CVV: 290
2026-04-29 15:53:25,778 - INFO - Clicking 'Preview and Pay'...
2026-04-29 15:53:25,793 - INFO - Chatbot elements hidden via CSS injection.
2026-04-29 15:53:26,481 - INFO - Waiting for Payment Summary card...
2026-04-29 15:53:27,934 - INFO - Starting Final Confirmation Modal...
2026-04-29 15:53:28,698 - INFO - ✅ Account onboarding completed successfully.
2026-04-29 15:53:28,699 - INFO - Finalizing process: Clicking 'Account Summary' button...
2026-04-29 15:53:28,961 - INFO - Step 2: Creating case for account: 2000009567
2026-04-29 16:28:57,408 - INFO - Navigating to Login Page: http://operator-qa.qmaastech.com/
2026-04-29 16:29:00,570 - INFO - Attempting login for user: superadmin_qm@yopmail.com
2026-04-29 16:29:02,309 - INFO - Logging DOM elements BEFORE login click...
2026-04-29 16:29:02,309 - INFO - 
================================================================================
2026-04-29 16:29:02,309 - INFO - DOM SNAPSHOT AT STAGE: Before_Login
2026-04-29 16:29:02,313 - INFO - ================================================================================
2026-04-29 16:29:02,348 - INFO - 
Searching for pop-up elements in page content...
2026-04-29 16:29:02,759 - WARNING - ⚠ No known pop-up selectors found. Checking all visible divs...
2026-04-29 16:29:02,814 - INFO - Total DIV elements on page: 21
2026-04-29 16:29:03,570 - INFO -   Visible DIV 1: class='hero-pills' id='no-id' text='bolt
Real-time
smart_toy
AI-driven
hub
Multi-agenc'
2026-04-29 16:29:03,776 - INFO -   Visible DIV 2: class='auth-panel' id='no-id' text='Welcome Back

Sign in to your account to continue
'
2026-04-29 16:29:03,909 - INFO -   Visible DIV 3: class='auth-card' id='no-id' text='Welcome Back

Sign in to your account to continue
'
2026-04-29 16:29:04,007 - INFO -   Visible DIV 4: class='auth-step' id='no-id' text='Welcome Back

Sign in to your account to continue
'
2026-04-29 16:29:04,244 - INFO -   Visible DIV 5: class='field-wrap' id='no-id' text='Email ID / Username *
person'
2026-04-29 16:29:04,406 - INFO -   Visible DIV 6: class='input-shell' id='no-id' text='person'
2026-04-29 16:29:04,620 - INFO -   Visible DIV 7: class='field-wrap' id='no-id' text='Password *
lock
visibility_off'
2026-04-29 16:29:04,804 - INFO -   Visible DIV 8: class='input-shell' id='no-id' text='lock
visibility_off'
2026-04-29 16:29:04,988 - INFO -   Visible DIV 9: class='auth-bottom-links' id='no-id' text='New user?  Access Account

Forgot password?'
2026-04-29 16:29:05,070 - INFO - 
================================================================================

2026-04-29 16:29:05,690 - INFO - Login button clicked.
2026-04-29 16:29:05,696 - INFO - Taking rapid screenshots and validating pop-up...
2026-04-29 16:29:06,457 - INFO - Screenshot 1 captured - Attempting validation...
2026-04-29 16:29:06,459 - INFO - 
================================================================================
2026-04-29 16:29:06,459 - INFO - STARTING COMPREHENSIVE POP-UP VALIDATION
2026-04-29 16:29:06,459 - INFO - ================================================================================
2026-04-29 16:29:06,496 - INFO - 
[VALIDATION 1] Checking Pop-up Visibility...
2026-04-29 16:29:06,517 - INFO -   Visibility Status: True
2026-04-29 16:29:06,528 - INFO -   PASSED: Pop-up is visible
2026-04-29 16:29:06,529 - INFO - 
[VALIDATION 2] Extracting and Validating Text Content...
2026-04-29 16:29:06,548 - INFO -   Extracted Text: 'Login Successful'
2026-04-29 16:29:06,558 - INFO -   PASSED: Text matches exactly: 'Login Successful'
2026-04-29 16:29:06,558 - INFO - 
[VALIDATION 3] Checking for Typos...
2026-04-29 16:29:06,558 - INFO -   PASSED: No known typos detected
2026-04-29 16:29:06,558 - INFO - 
[VALIDATION 4] Extracting CSS Classes and Attributes...
2026-04-29 16:29:06,585 - INFO -   CSS Classes: snackbar success-snackbar
2026-04-29 16:29:06,585 - INFO -   PASSED: 'success' class is present
2026-04-29 16:29:06,585 - INFO - 
[VALIDATION 5] Checking Element Properties...
2026-04-29 16:29:06,853 - INFO -   ID: Not set
2026-04-29 16:29:06,853 - INFO -   Data-TestID: Not set
2026-04-29 16:29:06,853 - INFO -   Role: Not set
2026-04-29 16:29:06,853 - INFO -   ARIA Label: Not set
2026-04-29 16:29:06,853 - INFO - 
[VALIDATION 6] Checking Position and Size...
2026-04-29 16:29:06,882 - WARNING -   WARNING: Could not get bounding box
2026-04-29 16:29:06,882 - INFO - 
[VALIDATION 7] Checking Computed Styles...
2026-04-29 16:29:06,922 - ERROR - Validation error: TypeError: Failed to execute 'getComputedStyle' on 'Window': parameter 1 is not of type 'Element'.
    at eval (eval at evaluate (:226:30), <anonymous>:1:8)
    at eval (<anonymous>)
    at UtilityScript.evaluate (<anonymous>:226:30)
    at UtilityScript.<anonymous> (<anonymous>:1:44)
2026-04-29 16:29:06,927 - WARNING -   WARNING: Could not check computed styles - element may have disappeared
2026-04-29 16:29:06,933 - INFO - 
================================================================================
2026-04-29 16:29:06,933 - INFO - POP-UP VALIDATION SUMMARY
2026-04-29 16:29:06,934 - INFO - ================================================================================
2026-04-29 16:29:06,936 - INFO -   Visibility: PASSED
2026-04-29 16:29:06,937 - INFO -   Text Match: PASSED
2026-04-29 16:29:06,937 - INFO -   Typo Check: PASSED
2026-04-29 16:29:06,938 - INFO -   CSS Classes: Present
2026-04-29 16:29:06,938 - INFO -   Position & Size: Valid
2026-04-29 16:29:06,939 - INFO -   Computed Styles: Valid
2026-04-29 16:29:06,939 - INFO - ================================================================================

2026-04-29 16:29:06,940 - INFO - ✓ ALL VALIDATIONS PASSED - Pop-up is working correctly!
2026-04-29 16:29:08,670 - INFO - Screenshot 2 captured - Attempting validation...
2026-04-29 16:29:08,671 - INFO - 
================================================================================
2026-04-29 16:29:08,671 - INFO - STARTING COMPREHENSIVE POP-UP VALIDATION
2026-04-29 16:29:08,672 - INFO - ================================================================================
2026-04-29 16:29:08,706 - ERROR - VALIDATION FAILED: Pop-up element not found!
2026-04-29 16:29:09,304 - INFO - Screenshot 3 captured - Attempting validation...
2026-04-29 16:29:09,305 - INFO - 
================================================================================
2026-04-29 16:29:09,306 - INFO - STARTING COMPREHENSIVE POP-UP VALIDATION
2026-04-29 16:29:09,306 - INFO - ================================================================================
2026-04-29 16:29:09,343 - ERROR - VALIDATION FAILED: Pop-up element not found!
2026-04-29 16:29:09,483 - INFO - Logging DOM elements AFTER login click (pop-up should appear here)...
2026-04-29 16:29:09,484 - INFO - 
================================================================================
2026-04-29 16:29:09,485 - INFO - DOM SNAPSHOT AT STAGE: After_Login_Click
2026-04-29 16:29:09,486 - INFO - ================================================================================
2026-04-29 16:29:09,532 - INFO - 
Searching for pop-up elements in page content...
2026-04-29 16:29:09,956 - WARNING - ⚠ No known pop-up selectors found. Checking all visible divs...
2026-04-29 16:29:10,027 - INFO - Total DIV elements on page: 29
2026-04-29 16:29:10,304 - INFO -   Visible DIV 1: class='header-right' id='no-id' text='English
French
Spanish
Quantum Toll Authority
supe'
2026-04-29 16:29:10,436 - INFO -   Visible DIV 2: class='nav-user' id='no-id' text='Quantum Toll Authority
superadmin_qm@yopmail.com'
2026-04-29 16:29:10,615 - INFO -   Visible DIV 3: class='nav-user-info' id='no-id' text='Quantum Toll Authority
superadmin_qm@yopmail.com'
2026-04-29 16:29:10,738 - INFO -   Visible DIV 4: class='uname' id='no-id' text='Quantum Toll Authority'
2026-04-29 16:29:10,853 - INFO -   Visible DIV 5: class='urole' id='no-id' text='superadmin_qm@yopmail.com'
2026-04-29 16:29:10,988 - INFO -   Visible DIV 6: class='main-container' id='no-id' text='dashboard_2
group
decimal_increase
admin_panel_set'
2026-04-29 16:29:11,109 - INFO -   Visible DIV 7: class='inner' id='no-id' text='dashboard_2'
2026-04-29 16:29:11,218 - INFO -   Visible DIV 8: class='inner' id='no-id' text='group'
2026-04-29 16:29:11,375 - INFO -   Visible DIV 9: class='inner' id='no-id' text='decimal_increase'
2026-04-29 16:29:11,525 - INFO -   Visible DIV 10: class='inner' id='no-id' text='admin_panel_settings'
2026-04-29 16:29:11,682 - INFO -   Visible DIV 11: class='inner' id='no-id' text='nest_doorbell_visitor'
2026-04-29 16:29:11,825 - INFO -   Visible DIV 12: class='inner' id='no-id' text='key_visualizer'
2026-04-29 16:29:11,855 - INFO - 
================================================================================

2026-04-29 16:29:12,046 - INFO - Waiting for dashboard URL...
2026-04-29 16:29:12,048 - INFO - 
================================================================================
2026-04-29 16:29:12,048 - INFO - DOM SNAPSHOT AT STAGE: Before_Dashboard_Navigation
2026-04-29 16:29:12,049 - INFO - ================================================================================
2026-04-29 16:29:12,083 - INFO - 
Searching for pop-up elements in page content...
2026-04-29 16:29:12,363 - WARNING - ⚠ No known pop-up selectors found. Checking all visible divs...
2026-04-29 16:29:12,412 - INFO - Total DIV elements on page: 29
2026-04-29 16:29:12,616 - INFO -   Visible DIV 1: class='header-right' id='no-id' text='English
French
Spanish
Quantum Toll Authority
supe'
2026-04-29 16:29:12,713 - INFO -   Visible DIV 2: class='nav-user' id='no-id' text='Quantum Toll Authority
superadmin_qm@yopmail.com'
2026-04-29 16:29:12,887 - INFO -   Visible DIV 3: class='nav-user-info' id='no-id' text='Quantum Toll Authority
superadmin_qm@yopmail.com'
2026-04-29 16:29:13,022 - INFO -   Visible DIV 4: class='uname' id='no-id' text='Quantum Toll Authority'
2026-04-29 16:29:13,185 - INFO -   Visible DIV 5: class='urole' id='no-id' text='superadmin_qm@yopmail.com'
2026-04-29 16:29:13,335 - INFO -   Visible DIV 6: class='main-container' id='no-id' text='dashboard_2
group
decimal_increase
admin_panel_set'
2026-04-29 16:29:13,537 - INFO -   Visible DIV 7: class='inner' id='no-id' text='dashboard_2'
2026-04-29 16:29:13,671 - INFO -   Visible DIV 8: class='inner' id='no-id' text='group'
2026-04-29 16:29:13,837 - INFO -   Visible DIV 9: class='inner' id='no-id' text='decimal_increase'
2026-04-29 16:29:13,997 - INFO -   Visible DIV 10: class='inner' id='no-id' text='admin_panel_settings'
2026-04-29 16:29:14,146 - INFO -   Visible DIV 11: class='inner' id='no-id' text='nest_doorbell_visitor'
2026-04-29 16:29:14,275 - INFO -   Visible DIV 12: class='inner' id='no-id' text='key_visualizer'
2026-04-29 16:29:14,303 - INFO - 
================================================================================

2026-04-29 16:29:14,331 - INFO - Login SUCCESS: Dashboard URL reached.
2026-04-29 16:29:14,887 - INFO - 
================================================================================
2026-04-29 16:29:14,887 - INFO - DOM SNAPSHOT AT STAGE: After_Dashboard_Loaded
2026-04-29 16:29:14,887 - INFO - ================================================================================
2026-04-29 16:29:14,916 - INFO - 
Searching for pop-up elements in page content...
2026-04-29 16:29:15,185 - WARNING - ⚠ No known pop-up selectors found. Checking all visible divs...
2026-04-29 16:29:15,221 - INFO - Total DIV elements on page: 29
2026-04-29 16:29:15,400 - INFO -   Visible DIV 1: class='header-right' id='no-id' text='English
French
Spanish
Quantum Toll Authority
supe'
2026-04-29 16:29:15,505 - INFO -   Visible DIV 2: class='nav-user' id='no-id' text='Quantum Toll Authority
superadmin_qm@yopmail.com'
2026-04-29 16:29:15,673 - INFO -   Visible DIV 3: class='nav-user-info' id='no-id' text='Quantum Toll Authority
superadmin_qm@yopmail.com'
2026-04-29 16:29:15,783 - INFO -   Visible DIV 4: class='uname' id='no-id' text='Quantum Toll Authority'
2026-04-29 16:29:15,876 - INFO -   Visible DIV 5: class='urole' id='no-id' text='superadmin_qm@yopmail.com'
2026-04-29 16:29:15,971 - INFO -   Visible DIV 6: class='main-container' id='no-id' text='dashboard_2
group
decimal_increase
admin_panel_set'
2026-04-29 16:29:16,093 - INFO -   Visible DIV 7: class='inner' id='no-id' text='dashboard_2'
2026-04-29 16:29:16,208 - INFO -   Visible DIV 8: class='inner' id='no-id' text='group'
2026-04-29 16:29:16,376 - INFO -   Visible DIV 9: class='inner' id='no-id' text='decimal_increase'
2026-04-29 16:29:16,503 - INFO -   Visible DIV 10: class='inner' id='no-id' text='admin_panel_settings'
2026-04-29 16:29:16,641 - INFO -   Visible DIV 11: class='inner' id='no-id' text='nest_doorbell_visitor'
2026-04-29 16:29:16,786 - INFO -   Visible DIV 12: class='inner' id='no-id' text='key_visualizer'
2026-04-29 16:29:16,814 - INFO - 
================================================================================

2026-04-29 16:29:16,814 - INFO - Checking for dashboard header 'Welcome to QM Toll portal!'...
2026-04-29 16:29:16,923 - INFO - ✅ Dashboard header found with selector: h4:has-text("Welcome to QM Toll portal!")
2026-04-29 16:29:16,925 - INFO -    Header text: 'Welcome to QM Toll portal!'
2026-04-29 16:29:16,925 - INFO - ✅ DASHBOARD VALIDATION PASSED: 'Welcome to QM Toll portal!' header found
2026-04-29 16:29:17,531 - INFO - Step 1: Navigating and Starting Onboarding...
2026-04-29 16:29:17,531 - INFO - Executing Sidebar Navigation Sequence...
2026-04-29 16:29:20,644 - INFO - Filling Step 1: Account Details...
2026-04-29 16:29:24,185 - INFO - Filled First Name: Aayush
2026-04-29 16:29:25,392 - INFO - Filled Middle Name: QA Team
2026-04-29 16:29:26,602 - INFO - Filled Last Name: Amble
2026-04-29 16:29:27,856 - INFO - Checked: Use Same for Billing
2026-04-29 16:29:29,040 - INFO - Checked: Use Same for Shipping
2026-04-29 16:29:30,214 - INFO - Checked: Primary Address
2026-04-29 16:29:34,068 - INFO - Filled Address: 123 Automation Blvd
2026-04-29 16:29:35,249 - INFO - Filled Zip Code: 12345
2026-04-29 16:29:36,964 - INFO - Filled Phone: 9546580581
2026-04-29 16:29:38,153 - INFO - Filled Email: aayush.amble63@testmail.com
2026-04-29 16:29:39,339 - INFO - Filled Confirm Email: aayush.amble63@testmail.com
2026-04-29 16:29:39,341 - INFO - Clicking Save & Next...
2026-04-29 16:29:39,364 - INFO - Chatbot elements hidden via CSS injection.
2026-04-29 16:29:41,196 - INFO - Step 1 Submitted.
2026-04-29 16:29:41,198 - INFO - Adding 1 Vehicle(s)...
2026-04-29 16:29:41,740 - INFO - Step 2 loaded successfully.
2026-04-29 16:29:41,776 - INFO - Chatbot elements hidden via CSS injection.
2026-04-29 16:29:43,139 - INFO - Filled Plate 1: QA2722GP
2026-04-29 16:29:47,664 - INFO - Filled Plate Start Date: 2026-04-29
2026-04-29 16:29:58,976 - INFO - Clicking 'Add' button for Vehicle 1...
2026-04-29 16:29:59,002 - INFO - Chatbot elements hidden via CSS injection.
2026-04-29 16:30:02,259 - INFO - Vehicle 1 added successfully.
2026-04-29 16:30:03,781 - INFO - Highlighting and clicking 'Next' button...
2026-04-29 16:30:03,811 - INFO - Chatbot elements hidden via CSS injection.
2026-04-29 16:30:06,616 - INFO - Captured Permanent Account Number: 2000009571
2026-04-29 16:30:06,616 - INFO - Account 2000009571 saved to SharedData.
2026-04-29 16:30:06,616 - INFO - Starting Step 3: Payment Information...
2026-04-29 16:30:06,661 - INFO - Chatbot elements hidden via CSS injection.
2026-04-29 16:30:10,989 - INFO - Filled Cardholder Name: XVtYjtEUEedXweseIBBDlVLc
2026-04-29 16:30:12,641 - INFO - Filled Card Number: 7811028617320204
2026-04-29 16:30:14,319 - INFO - Filled Expiry Date: 04/28
2026-04-29 16:30:15,990 - INFO - Filled CVV: 629
2026-04-29 16:30:18,375 - INFO - Clicking 'Preview and Pay'...
2026-04-29 16:30:18,406 - INFO - Chatbot elements hidden via CSS injection.
2026-04-29 16:30:19,157 - INFO - Waiting for Payment Summary card...
2026-04-29 16:30:20,694 - INFO - Starting Final Confirmation Modal...
2026-04-29 16:30:21,576 - INFO - ✅ Account onboarding completed successfully.
2026-04-29 16:30:21,584 - INFO - Finalizing process: Clicking 'Account Summary' button...
2026-04-29 16:30:21,902 - INFO - Step 2: Creating case for account: 2000009571
2026-04-29 16:33:17,934 - INFO - Navigating to Login Page: http://operator-qa.qmaastech.com/
2026-04-29 16:33:20,597 - INFO - Attempting login for user: superadmin_qm@yopmail.com
2026-04-29 16:33:22,329 - INFO - Logging DOM elements BEFORE login click...
2026-04-29 16:33:22,333 - INFO - 
================================================================================
2026-04-29 16:33:22,337 - INFO - DOM SNAPSHOT AT STAGE: Before_Login
2026-04-29 16:33:22,346 - INFO - ================================================================================
2026-04-29 16:33:22,464 - INFO - 
Searching for pop-up elements in page content...
2026-04-29 16:33:22,879 - WARNING - ⚠ No known pop-up selectors found. Checking all visible divs...
2026-04-29 16:33:22,963 - INFO - Total DIV elements on page: 21
2026-04-29 16:33:24,152 - INFO -   Visible DIV 1: class='hero-pills' id='no-id' text='bolt
Real-time
smart_toy
AI-driven
hub
Multi-agenc'
2026-04-29 16:33:24,372 - INFO -   Visible DIV 2: class='auth-panel' id='no-id' text='Welcome Back

Sign in to your account to continue
'
2026-04-29 16:33:24,502 - INFO -   Visible DIV 3: class='auth-card' id='no-id' text='Welcome Back

Sign in to your account to continue
'
2026-04-29 16:33:24,669 - INFO -   Visible DIV 4: class='auth-step' id='no-id' text='Welcome Back

Sign in to your account to continue
'
2026-04-29 16:33:24,870 - INFO -   Visible DIV 5: class='field-wrap' id='no-id' text='Email ID / Username *
person'
2026-04-29 16:33:25,012 - INFO -   Visible DIV 6: class='input-shell' id='no-id' text='person'
2026-04-29 16:33:25,136 - INFO -   Visible DIV 7: class='field-wrap' id='no-id' text='Password *
lock
visibility_off'
2026-04-29 16:33:25,279 - INFO -   Visible DIV 8: class='input-shell' id='no-id' text='lock
visibility_off'
2026-04-29 16:33:25,425 - INFO -   Visible DIV 9: class='auth-bottom-links' id='no-id' text='New user?  Access Account

Forgot password?'
2026-04-29 16:33:25,486 - INFO - 
================================================================================

2026-04-29 16:33:26,124 - INFO - Login button clicked.
2026-04-29 16:33:26,129 - INFO - Taking rapid screenshots and validating pop-up...
2026-04-29 16:33:26,871 - INFO - Screenshot 1 captured - Attempting validation...
2026-04-29 16:33:26,879 - INFO - 
================================================================================
2026-04-29 16:33:26,879 - INFO - STARTING COMPREHENSIVE POP-UP VALIDATION
2026-04-29 16:33:26,879 - INFO - ================================================================================
2026-04-29 16:33:26,926 - INFO - 
[VALIDATION 1] Checking Pop-up Visibility...
2026-04-29 16:33:26,976 - INFO -   Visibility Status: True
2026-04-29 16:33:26,976 - INFO -   PASSED: Pop-up is visible
2026-04-29 16:33:26,976 - INFO - 
[VALIDATION 2] Extracting and Validating Text Content...
2026-04-29 16:33:27,027 - INFO -   Extracted Text: 'Login Successful'
2026-04-29 16:33:27,027 - INFO -   PASSED: Text matches exactly: 'Login Successful'
2026-04-29 16:33:27,027 - INFO - 
[VALIDATION 3] Checking for Typos...
2026-04-29 16:33:27,027 - INFO -   PASSED: No known typos detected
2026-04-29 16:33:27,027 - INFO - 
[VALIDATION 4] Extracting CSS Classes and Attributes...
2026-04-29 16:33:27,098 - INFO -   CSS Classes: snackbar success-snackbar
2026-04-29 16:33:27,101 - INFO -   PASSED: 'success' class is present
2026-04-29 16:33:27,101 - INFO - 
[VALIDATION 5] Checking Element Properties...
2026-04-29 16:33:27,490 - INFO -   ID: Not set
2026-04-29 16:33:27,490 - INFO -   Data-TestID: Not set
2026-04-29 16:33:27,490 - INFO -   Role: Not set
2026-04-29 16:33:27,497 - INFO -   ARIA Label: Not set
2026-04-29 16:33:27,498 - INFO - 
[VALIDATION 6] Checking Position and Size...
2026-04-29 16:33:27,522 - WARNING -   WARNING: Could not get bounding box
2026-04-29 16:33:27,522 - INFO - 
[VALIDATION 7] Checking Computed Styles...
2026-04-29 16:33:27,552 - ERROR - Validation error: TypeError: Failed to execute 'getComputedStyle' on 'Window': parameter 1 is not of type 'Element'.
    at eval (eval at evaluate (:226:30), <anonymous>:1:8)
    at eval (<anonymous>)
    at UtilityScript.evaluate (<anonymous>:226:30)
    at UtilityScript.<anonymous> (<anonymous>:1:44)
2026-04-29 16:33:27,552 - WARNING -   WARNING: Could not check computed styles - element may have disappeared
2026-04-29 16:33:27,552 - INFO - 
================================================================================
2026-04-29 16:33:27,552 - INFO - POP-UP VALIDATION SUMMARY
2026-04-29 16:33:27,552 - INFO - ================================================================================
2026-04-29 16:33:27,552 - INFO -   Visibility: PASSED
2026-04-29 16:33:27,552 - INFO -   Text Match: PASSED
2026-04-29 16:33:27,552 - INFO -   Typo Check: PASSED
2026-04-29 16:33:27,552 - INFO -   CSS Classes: Present
2026-04-29 16:33:27,552 - INFO -   Position & Size: Valid
2026-04-29 16:33:27,552 - INFO -   Computed Styles: Valid
2026-04-29 16:33:27,552 - INFO - ================================================================================

2026-04-29 16:33:27,552 - INFO - ✓ ALL VALIDATIONS PASSED - Pop-up is working correctly!
2026-04-29 16:33:29,308 - INFO - Screenshot 2 captured - Attempting validation...
2026-04-29 16:33:29,308 - INFO - 
================================================================================
2026-04-29 16:33:29,308 - INFO - STARTING COMPREHENSIVE POP-UP VALIDATION
2026-04-29 16:33:29,308 - INFO - ================================================================================
2026-04-29 16:33:29,340 - ERROR - VALIDATION FAILED: Pop-up element not found!
2026-04-29 16:33:29,945 - INFO - Screenshot 3 captured - Attempting validation...
2026-04-29 16:33:29,945 - INFO - 
================================================================================
2026-04-29 16:33:29,951 - INFO - STARTING COMPREHENSIVE POP-UP VALIDATION
2026-04-29 16:33:29,952 - INFO - ================================================================================
2026-04-29 16:33:30,000 - ERROR - VALIDATION FAILED: Pop-up element not found!
2026-04-29 16:33:30,132 - INFO - Logging DOM elements AFTER login click (pop-up should appear here)...
2026-04-29 16:33:30,134 - INFO - 
================================================================================
2026-04-29 16:33:30,134 - INFO - DOM SNAPSHOT AT STAGE: After_Login_Click
2026-04-29 16:33:30,138 - INFO - ================================================================================
2026-04-29 16:33:30,209 - INFO - 
Searching for pop-up elements in page content...
2026-04-29 16:33:30,812 - WARNING - ⚠ No known pop-up selectors found. Checking all visible divs...
2026-04-29 16:33:30,893 - INFO - Total DIV elements on page: 29
2026-04-29 16:33:31,231 - INFO -   Visible DIV 1: class='header-right' id='no-id' text='English
French
Spanish
Quantum Toll Authority
supe'
2026-04-29 16:33:31,463 - INFO -   Visible DIV 2: class='nav-user' id='no-id' text='Quantum Toll Authority
superadmin_qm@yopmail.com'
2026-04-29 16:33:31,813 - INFO -   Visible DIV 3: class='nav-user-info' id='no-id' text='Quantum Toll Authority
superadmin_qm@yopmail.com'
2026-04-29 16:33:31,975 - INFO -   Visible DIV 4: class='uname' id='no-id' text='Quantum Toll Authority'
2026-04-29 16:33:32,178 - INFO -   Visible DIV 5: class='urole' id='no-id' text='superadmin_qm@yopmail.com'
2026-04-29 16:33:32,301 - INFO -   Visible DIV 6: class='main-container' id='no-id' text='dashboard_2
group
decimal_increase
admin_panel_set'
2026-04-29 16:33:32,493 - INFO -   Visible DIV 7: class='inner' id='no-id' text='dashboard_2'
2026-04-29 16:33:32,680 - INFO -   Visible DIV 8: class='inner' id='no-id' text='group'
2026-04-29 16:33:32,905 - INFO -   Visible DIV 9: class='inner' id='no-id' text='decimal_increase'
2026-04-29 16:33:33,110 - INFO -   Visible DIV 10: class='inner' id='no-id' text='admin_panel_settings'
2026-04-29 16:33:33,295 - INFO -   Visible DIV 11: class='inner' id='no-id' text='nest_doorbell_visitor'
2026-04-29 16:33:33,513 - INFO -   Visible DIV 12: class='inner' id='no-id' text='key_visualizer'
2026-04-29 16:33:33,552 - INFO - 
================================================================================

2026-04-29 16:33:33,815 - INFO - Waiting for dashboard URL...
2026-04-29 16:33:33,820 - INFO - 
================================================================================
2026-04-29 16:33:33,820 - INFO - DOM SNAPSHOT AT STAGE: Before_Dashboard_Navigation
2026-04-29 16:33:33,823 - INFO - ================================================================================
2026-04-29 16:33:33,873 - INFO - 
Searching for pop-up elements in page content...
2026-04-29 16:33:34,289 - WARNING - ⚠ No known pop-up selectors found. Checking all visible divs...
2026-04-29 16:33:34,358 - INFO - Total DIV elements on page: 29
2026-04-29 16:33:34,651 - INFO -   Visible DIV 1: class='header-right' id='no-id' text='English
French
Spanish
Quantum Toll Authority
supe'
2026-04-29 16:33:34,801 - INFO -   Visible DIV 2: class='nav-user' id='no-id' text='Quantum Toll Authority
superadmin_qm@yopmail.com'
2026-04-29 16:33:35,018 - INFO -   Visible DIV 3: class='nav-user-info' id='no-id' text='Quantum Toll Authority
superadmin_qm@yopmail.com'
2026-04-29 16:33:35,166 - INFO -   Visible DIV 4: class='uname' id='no-id' text='Quantum Toll Authority'
2026-04-29 16:33:35,332 - INFO -   Visible DIV 5: class='urole' id='no-id' text='superadmin_qm@yopmail.com'
2026-04-29 16:33:35,454 - INFO -   Visible DIV 6: class='main-container' id='no-id' text='dashboard_2
group
decimal_increase
admin_panel_set'
2026-04-29 16:33:35,613 - INFO -   Visible DIV 7: class='inner' id='no-id' text='dashboard_2'
2026-04-29 16:33:35,780 - INFO -   Visible DIV 8: class='inner' id='no-id' text='group'
2026-04-29 16:33:35,955 - INFO -   Visible DIV 9: class='inner' id='no-id' text='decimal_increase'
2026-04-29 16:33:36,118 - INFO -   Visible DIV 10: class='inner' id='no-id' text='admin_panel_settings'
2026-04-29 16:33:36,272 - INFO -   Visible DIV 11: class='inner' id='no-id' text='nest_doorbell_visitor'
2026-04-29 16:33:36,438 - INFO -   Visible DIV 12: class='inner' id='no-id' text='key_visualizer'
2026-04-29 16:33:36,489 - INFO - 
================================================================================

2026-04-29 16:33:36,521 - INFO - Login SUCCESS: Dashboard URL reached.
2026-04-29 16:33:37,081 - INFO - 
================================================================================
2026-04-29 16:33:37,081 - INFO - DOM SNAPSHOT AT STAGE: After_Dashboard_Loaded
2026-04-29 16:33:37,081 - INFO - ================================================================================
2026-04-29 16:33:37,127 - INFO - 
Searching for pop-up elements in page content...
2026-04-29 16:33:37,521 - WARNING - ⚠ No known pop-up selectors found. Checking all visible divs...
2026-04-29 16:33:37,571 - INFO - Total DIV elements on page: 29
2026-04-29 16:33:37,823 - INFO -   Visible DIV 1: class='header-right' id='no-id' text='English
French
Spanish
Quantum Toll Authority
supe'
2026-04-29 16:33:37,962 - INFO -   Visible DIV 2: class='nav-user' id='no-id' text='Quantum Toll Authority
superadmin_qm@yopmail.com'
2026-04-29 16:33:38,185 - INFO -   Visible DIV 3: class='nav-user-info' id='no-id' text='Quantum Toll Authority
superadmin_qm@yopmail.com'
2026-04-29 16:33:38,322 - INFO -   Visible DIV 4: class='uname' id='no-id' text='Quantum Toll Authority'
2026-04-29 16:33:38,481 - INFO -   Visible DIV 5: class='urole' id='no-id' text='superadmin_qm@yopmail.com'
2026-04-29 16:33:38,615 - INFO -   Visible DIV 6: class='main-container' id='no-id' text='dashboard_2
group
decimal_increase
admin_panel_set'
2026-04-29 16:33:38,785 - INFO -   Visible DIV 7: class='inner' id='no-id' text='dashboard_2'
2026-04-29 16:33:38,935 - INFO -   Visible DIV 8: class='inner' id='no-id' text='group'
2026-04-29 16:33:39,171 - INFO -   Visible DIV 9: class='inner' id='no-id' text='decimal_increase'
2026-04-29 16:33:39,355 - INFO -   Visible DIV 10: class='inner' id='no-id' text='admin_panel_settings'
2026-04-29 16:33:39,551 - INFO -   Visible DIV 11: class='inner' id='no-id' text='nest_doorbell_visitor'
2026-04-29 16:33:39,707 - INFO -   Visible DIV 12: class='inner' id='no-id' text='key_visualizer'
2026-04-29 16:33:39,746 - INFO - 
================================================================================

2026-04-29 16:33:39,749 - INFO - Checking for dashboard header 'Welcome to QM Toll portal!'...
2026-04-29 16:33:39,839 - INFO - ✅ Dashboard header found with selector: h4:has-text("Welcome to QM Toll portal!")
2026-04-29 16:33:39,839 - INFO -    Header text: 'Welcome to QM Toll portal!'
2026-04-29 16:33:39,839 - INFO - ✅ DASHBOARD VALIDATION PASSED: 'Welcome to QM Toll portal!' header found
2026-04-29 16:33:40,468 - INFO - Step 1: Navigating and Starting Onboarding...
2026-04-29 16:33:40,472 - INFO - Executing Sidebar Navigation Sequence...
2026-04-29 16:33:43,618 - INFO - Filling Step 1: Account Details...
2026-04-29 16:33:47,888 - INFO - Filled First Name: Pihu
2026-04-29 16:33:49,297 - INFO - Filled Middle Name: QA Team
2026-04-29 16:33:50,595 - INFO - Filled Last Name: Bail
2026-04-29 16:33:51,918 - INFO - Checked: Use Same for Billing
2026-04-29 16:33:53,283 - INFO - Checked: Use Same for Shipping
2026-04-29 16:33:54,506 - INFO - Checked: Primary Address
2026-04-29 16:33:58,536 - INFO - Filled Address: 123 Automation Blvd
2026-04-29 16:33:59,783 - INFO - Filled Zip Code: 12345
2026-04-29 16:34:01,601 - INFO - Filled Phone: 9824826103
2026-04-29 16:34:02,891 - INFO - Filled Email: pihu.bail13@testmail.com
2026-04-29 16:34:04,161 - INFO - Filled Confirm Email: pihu.bail13@testmail.com
2026-04-29 16:34:04,161 - INFO - Clicking Save & Next...
2026-04-29 16:34:04,201 - INFO - Chatbot elements hidden via CSS injection.
2026-04-29 16:34:06,265 - INFO - Step 1 Submitted.
2026-04-29 16:34:06,270 - INFO - Adding 1 Vehicle(s)...
2026-04-29 16:34:07,003 - INFO - Step 2 loaded successfully.
2026-04-29 16:34:07,066 - INFO - Chatbot elements hidden via CSS injection.
2026-04-29 16:34:08,613 - INFO - Filled Plate 1: QA9001GP
2026-04-29 16:34:13,483 - INFO - Filled Plate Start Date: 2026-04-29
2026-04-29 16:34:25,159 - INFO - Clicking 'Add' button for Vehicle 1...
2026-04-29 16:34:25,200 - INFO - Chatbot elements hidden via CSS injection.
2026-04-29 16:34:28,500 - INFO - Vehicle 1 added successfully.
2026-04-29 16:34:30,036 - INFO - Highlighting and clicking 'Next' button...
2026-04-29 16:34:30,079 - INFO - Chatbot elements hidden via CSS injection.
2026-04-29 16:34:33,238 - INFO - Captured Permanent Account Number: 2000009572
2026-04-29 16:34:33,238 - INFO - Account 2000009572 saved to SharedData.
2026-04-29 16:34:33,238 - INFO - Starting Step 3: Payment Information...
2026-04-29 16:34:33,278 - INFO - Chatbot elements hidden via CSS injection.
2026-04-29 16:34:37,958 - INFO - Filled Cardholder Name: skQVrztRtbglAhcmrVlPerQjQOCXwMoSfiftMRB
2026-04-29 16:34:39,704 - INFO - Filled Card Number: 2539582757484298
2026-04-29 16:34:41,475 - INFO - Filled Expiry Date: 04/28
2026-04-29 16:34:43,207 - INFO - Filled CVV: 574
2026-04-29 16:34:45,776 - INFO - Clicking 'Preview and Pay'...
2026-04-29 16:34:45,812 - INFO - Chatbot elements hidden via CSS injection.
2026-04-29 16:34:46,624 - INFO - Waiting for Payment Summary card...
2026-04-29 16:34:48,238 - INFO - Starting Final Confirmation Modal...
2026-04-29 16:34:49,614 - INFO - ✅ Account onboarding completed successfully.
2026-04-29 16:34:49,614 - INFO - Finalizing process: Clicking 'Account Summary' button...
2026-04-29 16:34:49,899 - INFO - Step 2: Creating case for account: 2000009572
2026-04-29 16:50:39,388 - INFO - Navigating to Login Page: http://operator-qa.qmaastech.com/
2026-04-29 16:50:42,623 - INFO - Attempting login for user: superadmin_qm@yopmail.com
2026-04-29 16:50:44,540 - INFO - Logging DOM elements BEFORE login click...
2026-04-29 16:50:44,556 - INFO - 
================================================================================
2026-04-29 16:50:44,558 - INFO - DOM SNAPSHOT AT STAGE: Before_Login
2026-04-29 16:50:44,560 - INFO - ================================================================================
2026-04-29 16:50:44,636 - INFO - 
Searching for pop-up elements in page content...
2026-04-29 16:50:45,050 - WARNING - ⚠ No known pop-up selectors found. Checking all visible divs...
2026-04-29 16:50:45,130 - INFO - Total DIV elements on page: 21
2026-04-29 16:50:46,152 - INFO -   Visible DIV 1: class='hero-pills' id='no-id' text='bolt
Real-time
smart_toy
AI-driven
hub
Multi-agenc'
2026-04-29 16:50:46,377 - INFO -   Visible DIV 2: class='auth-panel' id='no-id' text='Welcome Back

Sign in to your account to continue
'
2026-04-29 16:50:46,555 - INFO -   Visible DIV 3: class='auth-card' id='no-id' text='Welcome Back

Sign in to your account to continue
'
2026-04-29 16:50:46,714 - INFO -   Visible DIV 4: class='auth-step' id='no-id' text='Welcome Back

Sign in to your account to continue
'
2026-04-29 16:50:46,984 - INFO -   Visible DIV 5: class='field-wrap' id='no-id' text='Email ID / Username *
person'
2026-04-29 16:50:47,188 - INFO -   Visible DIV 6: class='input-shell' id='no-id' text='person'
2026-04-29 16:50:47,405 - INFO -   Visible DIV 7: class='field-wrap' id='no-id' text='Password *
lock
visibility_off'
2026-04-29 16:50:47,543 - INFO -   Visible DIV 8: class='input-shell' id='no-id' text='lock
visibility_off'
2026-04-29 16:50:47,691 - INFO -   Visible DIV 9: class='auth-bottom-links' id='no-id' text='New user?  Access Account

Forgot password?'
2026-04-29 16:50:47,758 - INFO - 
================================================================================

2026-04-29 16:50:48,400 - INFO - Login button clicked.
2026-04-29 16:50:48,403 - INFO - Taking rapid screenshots and validating pop-up...
2026-04-29 16:50:49,280 - INFO - Screenshot 1 captured - Attempting validation...
2026-04-29 16:50:49,280 - INFO - 
================================================================================
2026-04-29 16:50:49,280 - INFO - STARTING COMPREHENSIVE POP-UP VALIDATION
2026-04-29 16:50:49,280 - INFO - ================================================================================
2026-04-29 16:50:49,326 - INFO - 
[VALIDATION 1] Checking Pop-up Visibility...
2026-04-29 16:50:49,363 - INFO -   Visibility Status: True
2026-04-29 16:50:49,363 - INFO -   PASSED: Pop-up is visible
2026-04-29 16:50:49,363 - INFO - 
[VALIDATION 2] Extracting and Validating Text Content...
2026-04-29 16:50:49,397 - INFO -   Extracted Text: 'Login Successful'
2026-04-29 16:50:49,397 - INFO -   PASSED: Text matches exactly: 'Login Successful'
2026-04-29 16:50:49,397 - INFO - 
[VALIDATION 3] Checking for Typos...
2026-04-29 16:50:49,408 - INFO -   PASSED: No known typos detected
2026-04-29 16:50:49,408 - INFO - 
[VALIDATION 4] Extracting CSS Classes and Attributes...
2026-04-29 16:50:49,680 - INFO -   CSS Classes: snackbar success-snackbar
2026-04-29 16:50:49,681 - INFO -   PASSED: 'success' class is present
2026-04-29 16:50:49,681 - INFO - 
[VALIDATION 5] Checking Element Properties...
2026-04-29 16:50:49,834 - INFO -   ID: Not set
2026-04-29 16:50:49,834 - INFO -   Data-TestID: Not set
2026-04-29 16:50:49,834 - INFO -   Role: Not set
2026-04-29 16:50:49,834 - INFO -   ARIA Label: Not set
2026-04-29 16:50:49,834 - INFO - 
[VALIDATION 6] Checking Position and Size...
2026-04-29 16:50:49,867 - WARNING -   WARNING: Could not get bounding box
2026-04-29 16:50:49,867 - INFO - 
[VALIDATION 7] Checking Computed Styles...
2026-04-29 16:50:49,893 - ERROR - Validation error: TypeError: Failed to execute 'getComputedStyle' on 'Window': parameter 1 is not of type 'Element'.
    at eval (eval at evaluate (:226:30), <anonymous>:1:8)
    at eval (<anonymous>)
    at UtilityScript.evaluate (<anonymous>:226:30)
    at UtilityScript.<anonymous> (<anonymous>:1:44)
2026-04-29 16:50:49,893 - WARNING -   WARNING: Could not check computed styles - element may have disappeared
2026-04-29 16:50:49,908 - INFO - 
================================================================================
2026-04-29 16:50:49,908 - INFO - POP-UP VALIDATION SUMMARY
2026-04-29 16:50:49,908 - INFO - ================================================================================
2026-04-29 16:50:49,910 - INFO -   Visibility: PASSED
2026-04-29 16:50:49,910 - INFO -   Text Match: PASSED
2026-04-29 16:50:49,911 - INFO -   Typo Check: PASSED
2026-04-29 16:50:49,911 - INFO -   CSS Classes: Present
2026-04-29 16:50:49,913 - INFO -   Position & Size: Valid
2026-04-29 16:50:49,913 - INFO -   Computed Styles: Valid
2026-04-29 16:50:49,913 - INFO - ================================================================================

2026-04-29 16:50:49,916 - INFO - ✓ ALL VALIDATIONS PASSED - Pop-up is working correctly!
2026-04-29 16:50:51,691 - INFO - Screenshot 2 captured - Attempting validation...
2026-04-29 16:50:51,693 - INFO - 
================================================================================
2026-04-29 16:50:51,694 - INFO - STARTING COMPREHENSIVE POP-UP VALIDATION
2026-04-29 16:50:51,694 - INFO - ================================================================================
2026-04-29 16:50:51,737 - ERROR - VALIDATION FAILED: Pop-up element not found!
2026-04-29 16:50:52,438 - INFO - Screenshot 3 captured - Attempting validation...
2026-04-29 16:50:52,438 - INFO - 
================================================================================
2026-04-29 16:50:52,438 - INFO - STARTING COMPREHENSIVE POP-UP VALIDATION
2026-04-29 16:50:52,438 - INFO - ================================================================================
2026-04-29 16:50:52,474 - ERROR - VALIDATION FAILED: Pop-up element not found!
2026-04-29 16:50:52,616 - INFO - Logging DOM elements AFTER login click (pop-up should appear here)...
2026-04-29 16:50:52,616 - INFO - 
================================================================================
2026-04-29 16:50:52,616 - INFO - DOM SNAPSHOT AT STAGE: After_Login_Click
2026-04-29 16:50:52,616 - INFO - ================================================================================
2026-04-29 16:50:52,680 - INFO - 
Searching for pop-up elements in page content...
2026-04-29 16:50:53,193 - WARNING - ⚠ No known pop-up selectors found. Checking all visible divs...
2026-04-29 16:50:53,265 - INFO - Total DIV elements on page: 29
2026-04-29 16:50:53,540 - INFO -   Visible DIV 1: class='header-right' id='no-id' text='English
French
Spanish
Quantum Toll Authority
supe'
2026-04-29 16:50:53,693 - INFO -   Visible DIV 2: class='nav-user' id='no-id' text='Quantum Toll Authority
superadmin_qm@yopmail.com'
2026-04-29 16:50:53,884 - INFO -   Visible DIV 3: class='nav-user-info' id='no-id' text='Quantum Toll Authority
superadmin_qm@yopmail.com'
2026-04-29 16:50:54,050 - INFO -   Visible DIV 4: class='uname' id='no-id' text='Quantum Toll Authority'
2026-04-29 16:50:54,218 - INFO -   Visible DIV 5: class='urole' id='no-id' text='superadmin_qm@yopmail.com'
2026-04-29 16:50:54,357 - INFO -   Visible DIV 6: class='main-container' id='no-id' text='dashboard_2
group
decimal_increase
admin_panel_set'
2026-04-29 16:50:54,484 - INFO -   Visible DIV 7: class='inner' id='no-id' text='dashboard_2'
2026-04-29 16:50:54,609 - INFO -   Visible DIV 8: class='inner' id='no-id' text='group'
2026-04-29 16:50:54,830 - INFO -   Visible DIV 9: class='inner' id='no-id' text='decimal_increase'
2026-04-29 16:50:55,071 - INFO -   Visible DIV 10: class='inner' id='no-id' text='admin_panel_settings'
2026-04-29 16:50:55,305 - INFO -   Visible DIV 11: class='inner' id='no-id' text='nest_doorbell_visitor'
2026-04-29 16:50:55,484 - INFO -   Visible DIV 12: class='inner' id='no-id' text='key_visualizer'
2026-04-29 16:50:55,529 - INFO - 
================================================================================

2026-04-29 16:50:55,776 - INFO - Waiting for dashboard URL...
2026-04-29 16:50:55,776 - INFO - 
================================================================================
2026-04-29 16:50:55,776 - INFO - DOM SNAPSHOT AT STAGE: Before_Dashboard_Navigation
2026-04-29 16:50:55,776 - INFO - ================================================================================
2026-04-29 16:50:55,826 - INFO - 
Searching for pop-up elements in page content...
2026-04-29 16:50:56,180 - WARNING - ⚠ No known pop-up selectors found. Checking all visible divs...
2026-04-29 16:50:56,289 - INFO - Total DIV elements on page: 29
2026-04-29 16:50:56,513 - INFO -   Visible DIV 1: class='header-right' id='no-id' text='English
French
Spanish
Quantum Toll Authority
supe'
2026-04-29 16:50:56,673 - INFO -   Visible DIV 2: class='nav-user' id='no-id' text='Quantum Toll Authority
superadmin_qm@yopmail.com'
2026-04-29 16:50:56,879 - INFO -   Visible DIV 3: class='nav-user-info' id='no-id' text='Quantum Toll Authority
superadmin_qm@yopmail.com'
2026-04-29 16:50:57,060 - INFO -   Visible DIV 4: class='uname' id='no-id' text='Quantum Toll Authority'
2026-04-29 16:50:57,247 - INFO -   Visible DIV 5: class='urole' id='no-id' text='superadmin_qm@yopmail.com'
2026-04-29 16:50:57,392 - INFO -   Visible DIV 6: class='main-container' id='no-id' text='dashboard_2
group
decimal_increase
admin_panel_set'
2026-04-29 16:50:57,513 - INFO -   Visible DIV 7: class='inner' id='no-id' text='dashboard_2'
2026-04-29 16:50:57,687 - INFO -   Visible DIV 8: class='inner' id='no-id' text='group'
2026-04-29 16:50:57,847 - INFO -   Visible DIV 9: class='inner' id='no-id' text='decimal_increase'
2026-04-29 16:50:58,026 - INFO -   Visible DIV 10: class='inner' id='no-id' text='admin_panel_settings'
2026-04-29 16:50:58,193 - INFO -   Visible DIV 11: class='inner' id='no-id' text='nest_doorbell_visitor'
2026-04-29 16:50:58,389 - INFO -   Visible DIV 12: class='inner' id='no-id' text='key_visualizer'
2026-04-29 16:50:58,437 - INFO - 
================================================================================

2026-04-29 16:50:58,497 - INFO - Login SUCCESS: Dashboard URL reached.
2026-04-29 16:50:59,023 - INFO - 
================================================================================
2026-04-29 16:50:59,026 - INFO - DOM SNAPSHOT AT STAGE: After_Dashboard_Loaded
2026-04-29 16:50:59,026 - INFO - ================================================================================
2026-04-29 16:50:59,062 - INFO - 
Searching for pop-up elements in page content...
2026-04-29 16:50:59,411 - WARNING - ⚠ No known pop-up selectors found. Checking all visible divs...
2026-04-29 16:50:59,465 - INFO - Total DIV elements on page: 29
2026-04-29 16:50:59,679 - INFO -   Visible DIV 1: class='header-right' id='no-id' text='English
French
Spanish
Quantum Toll Authority
supe'
2026-04-29 16:50:59,764 - INFO -   Visible DIV 2: class='nav-user' id='no-id' text='Quantum Toll Authority
superadmin_qm@yopmail.com'
2026-04-29 16:50:59,945 - INFO -   Visible DIV 3: class='nav-user-info' id='no-id' text='Quantum Toll Authority
superadmin_qm@yopmail.com'
2026-04-29 16:51:00,095 - INFO -   Visible DIV 4: class='uname' id='no-id' text='Quantum Toll Authority'
2026-04-29 16:51:00,200 - INFO -   Visible DIV 5: class='urole' id='no-id' text='superadmin_qm@yopmail.com'
2026-04-29 16:51:00,312 - INFO -   Visible DIV 6: class='main-container' id='no-id' text='dashboard_2
group
decimal_increase
admin_panel_set'
2026-04-29 16:51:00,412 - INFO -   Visible DIV 7: class='inner' id='no-id' text='dashboard_2'
2026-04-29 16:51:00,528 - INFO -   Visible DIV 8: class='inner' id='no-id' text='group'
2026-04-29 16:51:00,716 - INFO -   Visible DIV 9: class='inner' id='no-id' text='decimal_increase'
2026-04-29 16:51:00,862 - INFO -   Visible DIV 10: class='inner' id='no-id' text='admin_panel_settings'
2026-04-29 16:51:00,998 - INFO -   Visible DIV 11: class='inner' id='no-id' text='nest_doorbell_visitor'
2026-04-29 16:51:01,129 - INFO -   Visible DIV 12: class='inner' id='no-id' text='key_visualizer'
2026-04-29 16:51:01,164 - INFO - 
================================================================================

2026-04-29 16:51:01,164 - INFO - Checking for dashboard header 'Welcome to QM Toll portal!'...
2026-04-29 16:51:01,263 - INFO - ✅ Dashboard header found with selector: h4:has-text("Welcome to QM Toll portal!")
2026-04-29 16:51:01,276 - INFO -    Header text: 'Welcome to QM Toll portal!'
2026-04-29 16:51:01,276 - INFO - ✅ DASHBOARD VALIDATION PASSED: 'Welcome to QM Toll portal!' header found
2026-04-29 16:51:01,895 - INFO - Step 1: Navigating and Starting Onboarding...
2026-04-29 16:51:01,895 - INFO - Executing Sidebar Navigation Sequence...
2026-04-29 16:51:05,006 - INFO - Filling Step 1: Account Details...
2026-04-29 16:51:08,639 - INFO - Filled First Name: Raunak
2026-04-29 16:51:09,951 - INFO - Filled Middle Name: QA Team
2026-04-29 16:51:11,314 - INFO - Filled Last Name: Kapoor
2026-04-29 16:51:12,570 - INFO - Checked: Use Same for Billing
2026-04-29 16:51:13,868 - INFO - Checked: Use Same for Shipping
2026-04-29 16:51:15,059 - INFO - Checked: Primary Address
2026-04-29 16:51:18,983 - INFO - Filled Address: 123 Automation Blvd
2026-04-29 16:51:20,202 - INFO - Filled Zip Code: 12345
2026-04-29 16:51:21,972 - INFO - Filled Phone: 9607732527
2026-04-29 16:51:23,171 - INFO - Filled Email: raunak.kapoor46@testmail.com
2026-04-29 16:51:24,390 - INFO - Filled Confirm Email: raunak.kapoor46@testmail.com
2026-04-29 16:51:24,390 - INFO - Clicking Save & Next...
2026-04-29 16:51:24,430 - INFO - Chatbot elements hidden via CSS injection.
2026-04-29 16:51:26,460 - INFO - Step 1 Submitted.
2026-04-29 16:51:26,462 - INFO - Adding 1 Vehicle(s)...
2026-04-29 16:51:27,116 - INFO - Step 2 loaded successfully.
2026-04-29 16:51:27,163 - INFO - Chatbot elements hidden via CSS injection.
2026-04-29 16:51:28,616 - INFO - Filled Plate 1: QA2775GP
2026-04-29 16:51:33,586 - INFO - Filled Plate Start Date: 2026-04-29
2026-04-29 16:51:45,309 - INFO - Clicking 'Add' button for Vehicle 1...
2026-04-29 16:51:45,339 - INFO - Chatbot elements hidden via CSS injection.
2026-04-29 16:51:48,640 - INFO - Vehicle 1 added successfully.
2026-04-29 16:51:50,178 - INFO - Highlighting and clicking 'Next' button...
2026-04-29 16:51:50,210 - INFO - Chatbot elements hidden via CSS injection.
2026-04-29 16:51:53,195 - INFO - Captured Permanent Account Number: 2000009573
2026-04-29 16:51:53,205 - INFO - Account 2000009573 saved to SharedData.
2026-04-29 16:51:53,205 - INFO - Starting Step 3: Payment Information...
2026-04-29 16:51:53,239 - INFO - Chatbot elements hidden via CSS injection.
2026-04-29 16:51:57,761 - INFO - Filled Cardholder Name: vtSmXExeuqWuwIcf
2026-04-29 16:51:59,453 - INFO - Filled Card Number: 7177092324742519
2026-04-29 16:52:01,105 - INFO - Filled Expiry Date: 04/28
2026-04-29 16:52:02,801 - INFO - Filled CVV: 859
2026-04-29 16:52:05,277 - INFO - Clicking 'Preview and Pay'...
2026-04-29 16:52:05,325 - INFO - Chatbot elements hidden via CSS injection.
2026-04-29 16:52:06,065 - INFO - Waiting for Payment Summary card...
2026-04-29 16:52:07,644 - INFO - Starting Final Confirmation Modal...
2026-04-29 16:52:09,194 - INFO - ✅ Account onboarding completed successfully.
2026-04-29 16:52:09,201 - INFO - Finalizing process: Clicking 'Account Summary' button...
2026-04-29 16:52:09,471 - INFO - Step 2: Creating case for account: 2000009573
