2026-04-23 16:54:37,849 - INFO - Navigating to Login Page: http://operator-qa.qmaastech.com/
2026-04-23 16:54:37,849 - INFO - Navigating to Login Page: http://operator-qa.qmaastech.com/
2026-04-23 16:54:37,849 - INFO - Navigating to: http://operator-qa.qmaastech.com/
2026-04-23 16:54:42,201 - INFO - Attempting login for user: superadmin_qm@yopmail.com
2026-04-23 16:54:43,958 - INFO - Logging DOM elements BEFORE login click...
2026-04-23 16:54:43,958 - INFO - 
================================================================================
2026-04-23 16:54:43,958 - INFO - DOM SNAPSHOT AT STAGE: Before_Login
2026-04-23 16:54:43,958 - INFO - ================================================================================
2026-04-23 16:54:44,015 - INFO - 
Searching for pop-up elements in page content...
2026-04-23 16:54:44,377 - WARNING - ⚠ No known pop-up selectors found. Checking all visible divs...
2026-04-23 16:54:44,434 - INFO - Total DIV elements on page: 21
2026-04-23 16:54:44,987 - INFO -   Visible DIV 1: class='hero-pills' id='no-id' text='bolt
Real-time
smart_toy
AI-driven
hub
Multi-agenc'
2026-04-23 16:54:45,125 - INFO -   Visible DIV 2: class='auth-panel' id='no-id' text='Welcome Back

Sign in to your account to continue
'
2026-04-23 16:54:45,198 - INFO -   Visible DIV 3: class='auth-card' id='no-id' text='Welcome Back

Sign in to your account to continue
'
2026-04-23 16:54:45,283 - INFO -   Visible DIV 4: class='auth-step' id='no-id' text='Welcome Back

Sign in to your account to continue
'
2026-04-23 16:54:45,416 - INFO -   Visible DIV 5: class='field-wrap' id='no-id' text='Email ID / Username *
person'
2026-04-23 16:54:45,518 - INFO -   Visible DIV 6: class='input-shell' id='no-id' text='person'
2026-04-23 16:54:45,613 - INFO -   Visible DIV 7: class='field-wrap' id='no-id' text='Password *
lock
visibility_off'
2026-04-23 16:54:45,710 - INFO -   Visible DIV 8: class='input-shell' id='no-id' text='lock
visibility_off'
2026-04-23 16:54:45,789 - INFO -   Visible DIV 9: class='auth-bottom-links' id='no-id' text='New user?  Access Account

Forgot password?'
2026-04-23 16:54:45,836 - INFO - 
================================================================================

2026-04-23 16:54:46,417 - INFO - Login button clicked.
2026-04-23 16:54:46,420 - INFO - Taking rapid screenshots and validating pop-up...
2026-04-23 16:54:46,996 - INFO - Screenshot captured: reports\RUN_20260423_165432\screenshots\03_Popup_Immediate_1_165446.png
2026-04-23 16:54:46,998 - INFO - Screenshot 1 captured - Attempting validation...
2026-04-23 16:54:47,000 - INFO - 
================================================================================
2026-04-23 16:54:47,001 - INFO - STARTING COMPREHENSIVE POP-UP VALIDATION
2026-04-23 16:54:47,002 - INFO - ================================================================================
2026-04-23 16:54:47,038 - INFO - 
[VALIDATION 1] Checking Pop-up Visibility...
2026-04-23 16:54:47,062 - INFO -   Visibility Status: True
2026-04-23 16:54:47,062 - INFO -   PASSED: Pop-up is visible
2026-04-23 16:54:47,064 - INFO - 
[VALIDATION 2] Extracting and Validating Text Content...
2026-04-23 16:54:47,085 - INFO -   Extracted Text: 'Login Successful'
2026-04-23 16:54:47,085 - INFO -   PASSED: Text matches exactly: 'Login Successful'
2026-04-23 16:54:47,085 - INFO - 
[VALIDATION 3] Checking for Typos...
2026-04-23 16:54:47,096 - INFO -   PASSED: No known typos detected
2026-04-23 16:54:47,096 - INFO - 
[VALIDATION 4] Extracting CSS Classes and Attributes...
2026-04-23 16:54:47,116 - INFO -   CSS Classes: snackbar success-snackbar
2026-04-23 16:54:47,116 - INFO -   PASSED: 'success' class is present
2026-04-23 16:54:47,116 - INFO - 
[VALIDATION 5] Checking Element Properties...
2026-04-23 16:54:47,216 - INFO -   ID: Not set
2026-04-23 16:54:47,216 - INFO -   Data-TestID: Not set
2026-04-23 16:54:47,216 - INFO -   Role: Not set
2026-04-23 16:54:47,219 - INFO -   ARIA Label: Not set
2026-04-23 16:54:47,221 - INFO - 
[VALIDATION 6] Checking Position and Size...
2026-04-23 16:54:47,239 - INFO -   X: 1230, Y: 20
2026-04-23 16:54:47,239 - INFO -   Width: 250, Height: 43.5
2026-04-23 16:54:47,239 - INFO -   PASSED: Element has valid dimensions
2026-04-23 16:54:47,239 - INFO - 
[VALIDATION 7] Checking Computed Styles...
2026-04-23 16:54:47,283 - INFO -   Display: block
2026-04-23 16:54:47,283 - INFO -   Opacity: 1
2026-04-23 16:54:47,283 - INFO -   PASSED: Element is displayed with proper opacity
2026-04-23 16:54:47,283 - INFO - 
================================================================================
2026-04-23 16:54:47,283 - INFO - POP-UP VALIDATION SUMMARY
2026-04-23 16:54:47,283 - INFO - ================================================================================
2026-04-23 16:54:47,283 - INFO -   Visibility: PASSED
2026-04-23 16:54:47,283 - INFO -   Text Match: PASSED
2026-04-23 16:54:47,283 - INFO -   Typo Check: PASSED
2026-04-23 16:54:47,283 - INFO -   CSS Classes: Present
2026-04-23 16:54:47,283 - INFO -   Position & Size: Valid
2026-04-23 16:54:47,283 - INFO -   Computed Styles: Valid
2026-04-23 16:54:47,283 - INFO - ================================================================================

2026-04-23 16:54:47,298 - INFO - ✓ ALL VALIDATIONS PASSED - Pop-up is working correctly!
2026-04-23 16:54:47,746 - INFO - Screenshot captured: reports\RUN_20260423_165432\screenshots\03_Popup_Immediate_2_165447.png
2026-04-23 16:54:47,746 - INFO - Screenshot 2 captured - Attempting validation...
2026-04-23 16:54:47,747 - INFO - 
================================================================================
2026-04-23 16:54:47,749 - INFO - STARTING COMPREHENSIVE POP-UP VALIDATION
2026-04-23 16:54:47,749 - INFO - ================================================================================
2026-04-23 16:54:47,775 - ERROR - VALIDATION FAILED: Pop-up element not found!
2026-04-23 16:54:49,211 - INFO - Screenshot captured: reports\RUN_20260423_165432\screenshots\03_Popup_Immediate_3_165447.png
2026-04-23 16:54:49,212 - INFO - Screenshot 3 captured - Attempting validation...
2026-04-23 16:54:49,212 - INFO - 
================================================================================
2026-04-23 16:54:49,213 - INFO - STARTING COMPREHENSIVE POP-UP VALIDATION
2026-04-23 16:54:49,213 - INFO - ================================================================================
2026-04-23 16:54:49,244 - ERROR - VALIDATION FAILED: Pop-up element not found!
2026-04-23 16:54:49,369 - INFO - Logging DOM elements AFTER login click (pop-up should appear here)...
2026-04-23 16:54:49,370 - INFO - 
================================================================================
2026-04-23 16:54:49,371 - INFO - DOM SNAPSHOT AT STAGE: After_Login_Click
2026-04-23 16:54:49,371 - INFO - ================================================================================
2026-04-23 16:54:49,396 - INFO - 
Searching for pop-up elements in page content...
2026-04-23 16:54:49,644 - WARNING - ⚠ No known pop-up selectors found. Checking all visible divs...
2026-04-23 16:54:49,698 - INFO - Total DIV elements on page: 29
2026-04-23 16:54:49,888 - INFO -   Visible DIV 1: class='header-right' id='no-id' text='English
French
Spanish
Quantum Toll Authority
supe'
2026-04-23 16:54:49,991 - INFO -   Visible DIV 2: class='nav-user' id='no-id' text='Quantum Toll Authority
superadmin_qm@yopmail.com'
2026-04-23 16:54:50,116 - INFO -   Visible DIV 3: class='nav-user-info' id='no-id' text='Quantum Toll Authority
superadmin_qm@yopmail.com'
2026-04-23 16:54:50,219 - INFO -   Visible DIV 4: class='uname' id='no-id' text='Quantum Toll Authority'
2026-04-23 16:54:50,313 - INFO -   Visible DIV 5: class='urole' id='no-id' text='superadmin_qm@yopmail.com'
2026-04-23 16:54:50,399 - INFO -   Visible DIV 6: class='main-container' id='no-id' text='dashboard_2
group
decimal_increase
admin_panel_set'
2026-04-23 16:54:50,506 - INFO -   Visible DIV 7: class='inner' id='no-id' text='dashboard_2'
2026-04-23 16:54:50,592 - INFO -   Visible DIV 8: class='inner' id='no-id' text='group'
2026-04-23 16:54:50,696 - INFO -   Visible DIV 9: class='inner' id='no-id' text='decimal_increase'
2026-04-23 16:54:50,840 - INFO -   Visible DIV 10: class='inner' id='no-id' text='admin_panel_settings'
2026-04-23 16:54:50,945 - INFO -   Visible DIV 11: class='inner' id='no-id' text='nest_doorbell_visitor'
2026-04-23 16:54:51,056 - INFO -   Visible DIV 12: class='inner' id='no-id' text='key_visualizer'
2026-04-23 16:54:51,079 - INFO - 
================================================================================

2026-04-23 16:54:51,326 - INFO - Screenshot captured: reports\RUN_20260423_165432\screenshots\02_Just_After_Login_Click_165451.png
2026-04-23 16:54:51,330 - INFO - Waiting for dashboard URL...
2026-04-23 16:54:51,330 - INFO - 
================================================================================
2026-04-23 16:54:51,330 - INFO - DOM SNAPSHOT AT STAGE: Before_Dashboard_Navigation
2026-04-23 16:54:51,330 - INFO - ================================================================================
2026-04-23 16:54:51,358 - INFO - 
Searching for pop-up elements in page content...
2026-04-23 16:54:51,571 - WARNING - ⚠ No known pop-up selectors found. Checking all visible divs...
2026-04-23 16:54:51,607 - INFO - Total DIV elements on page: 29
2026-04-23 16:54:51,751 - INFO -   Visible DIV 1: class='header-right' id='no-id' text='English
French
Spanish
Quantum Toll Authority
supe'
2026-04-23 16:54:51,835 - INFO -   Visible DIV 2: class='nav-user' id='no-id' text='Quantum Toll Authority
superadmin_qm@yopmail.com'
2026-04-23 16:54:51,934 - INFO -   Visible DIV 3: class='nav-user-info' id='no-id' text='Quantum Toll Authority
superadmin_qm@yopmail.com'
2026-04-23 16:54:52,001 - INFO -   Visible DIV 4: class='uname' id='no-id' text='Quantum Toll Authority'
2026-04-23 16:54:52,068 - INFO -   Visible DIV 5: class='urole' id='no-id' text='superadmin_qm@yopmail.com'
2026-04-23 16:54:52,135 - INFO -   Visible DIV 6: class='main-container' id='no-id' text='dashboard_2
group
decimal_increase
admin_panel_set'
2026-04-23 16:54:52,217 - INFO -   Visible DIV 7: class='inner' id='no-id' text='dashboard_2'
2026-04-23 16:54:52,301 - INFO -   Visible DIV 8: class='inner' id='no-id' text='group'
2026-04-23 16:54:52,384 - INFO -   Visible DIV 9: class='inner' id='no-id' text='decimal_increase'
2026-04-23 16:54:52,484 - INFO -   Visible DIV 10: class='inner' id='no-id' text='admin_panel_settings'
2026-04-23 16:54:52,600 - INFO -   Visible DIV 11: class='inner' id='no-id' text='nest_doorbell_visitor'
2026-04-23 16:54:52,704 - INFO -   Visible DIV 12: class='inner' id='no-id' text='key_visualizer'
2026-04-23 16:54:52,723 - INFO - 
================================================================================

2026-04-23 16:54:52,735 - INFO - Login SUCCESS: Dashboard URL reached.
2026-04-23 16:54:53,273 - INFO - 
================================================================================
2026-04-23 16:54:53,286 - INFO - DOM SNAPSHOT AT STAGE: After_Dashboard_Loaded
2026-04-23 16:54:53,287 - INFO - ================================================================================
2026-04-23 16:54:53,318 - INFO - 
Searching for pop-up elements in page content...
2026-04-23 16:54:53,687 - WARNING - ⚠ No known pop-up selectors found. Checking all visible divs...
2026-04-23 16:54:53,738 - INFO - Total DIV elements on page: 29
2026-04-23 16:54:53,933 - INFO -   Visible DIV 1: class='header-right' id='no-id' text='English
French
Spanish
Quantum Toll Authority
supe'
2026-04-23 16:54:54,027 - INFO -   Visible DIV 2: class='nav-user' id='no-id' text='Quantum Toll Authority
superadmin_qm@yopmail.com'
2026-04-23 16:54:54,153 - INFO -   Visible DIV 3: class='nav-user-info' id='no-id' text='Quantum Toll Authority
superadmin_qm@yopmail.com'
2026-04-23 16:54:54,241 - INFO -   Visible DIV 4: class='uname' id='no-id' text='Quantum Toll Authority'
2026-04-23 16:54:54,313 - INFO -   Visible DIV 5: class='urole' id='no-id' text='superadmin_qm@yopmail.com'
2026-04-23 16:54:54,393 - INFO -   Visible DIV 6: class='main-container' id='no-id' text='dashboard_2
group
decimal_increase
admin_panel_set'
2026-04-23 16:54:54,455 - INFO -   Visible DIV 7: class='inner' id='no-id' text='dashboard_2'
2026-04-23 16:54:54,519 - INFO -   Visible DIV 8: class='inner' id='no-id' text='group'
2026-04-23 16:54:54,600 - INFO -   Visible DIV 9: class='inner' id='no-id' text='decimal_increase'
2026-04-23 16:54:54,695 - INFO -   Visible DIV 10: class='inner' id='no-id' text='admin_panel_settings'
2026-04-23 16:54:54,796 - INFO -   Visible DIV 11: class='inner' id='no-id' text='nest_doorbell_visitor'
2026-04-23 16:54:54,883 - INFO -   Visible DIV 12: class='inner' id='no-id' text='key_visualizer'
2026-04-23 16:54:54,914 - INFO - 
================================================================================

2026-04-23 16:54:54,914 - INFO - Checking for dashboard header 'Welcome to QM Toll portal!'...
2026-04-23 16:54:54,969 - INFO - ✅ Dashboard header found with selector: h4:has-text("Welcome to QM Toll portal!")
2026-04-23 16:54:54,969 - INFO -    Header text: 'Welcome to QM Toll portal!'
2026-04-23 16:54:54,969 - INFO - ✅ DASHBOARD VALIDATION PASSED: 'Welcome to QM Toll portal!' header found
2026-04-23 16:54:55,204 - INFO - Screenshot captured: reports\RUN_20260423_165432\screenshots\01_Login_Success_Dashboard_165454.png
2026-04-23 16:54:55,495 - INFO - Step 1: Starting Onboarding to create a new account...
2026-04-23 16:54:55,496 - INFO - Filling Onboarding details for United States...
2026-04-23 17:24:46,000 - INFO - Navigating to Login Page: http://operator-qa.qmaastech.com/
2026-04-23 17:24:46,000 - INFO - Navigating to: http://operator-qa.qmaastech.com/
2026-04-23 17:24:48,505 - INFO - Attempting login for user: superadmin_qm@yopmail.com
2026-04-23 17:24:50,209 - INFO - Logging DOM elements BEFORE login click...
2026-04-23 17:24:50,209 - INFO - 
================================================================================
2026-04-23 17:24:50,209 - INFO - DOM SNAPSHOT AT STAGE: Before_Login
2026-04-23 17:24:50,219 - INFO - ================================================================================
2026-04-23 17:24:50,249 - INFO - 
Searching for pop-up elements in page content...
2026-04-23 17:24:50,589 - WARNING - ⚠ No known pop-up selectors found. Checking all visible divs...
2026-04-23 17:24:50,652 - INFO - Total DIV elements on page: 21
2026-04-23 17:24:51,157 - INFO -   Visible DIV 1: class='hero-pills' id='no-id' text='bolt
Real-time
smart_toy
AI-driven
hub
Multi-agenc'
2026-04-23 17:24:51,347 - INFO -   Visible DIV 2: class='auth-panel' id='no-id' text='Welcome Back

Sign in to your account to continue
'
2026-04-23 17:24:51,434 - INFO -   Visible DIV 3: class='auth-card' id='no-id' text='Welcome Back

Sign in to your account to continue
'
2026-04-23 17:24:51,508 - INFO -   Visible DIV 4: class='auth-step' id='no-id' text='Welcome Back

Sign in to your account to continue
'
2026-04-23 17:24:51,639 - INFO -   Visible DIV 5: class='field-wrap' id='no-id' text='Email ID / Username *
person'
2026-04-23 17:24:51,724 - INFO -   Visible DIV 6: class='input-shell' id='no-id' text='person'
2026-04-23 17:24:51,820 - INFO -   Visible DIV 7: class='field-wrap' id='no-id' text='Password *
lock
visibility_off'
2026-04-23 17:24:51,893 - INFO -   Visible DIV 8: class='input-shell' id='no-id' text='lock
visibility_off'
2026-04-23 17:24:51,979 - INFO -   Visible DIV 9: class='auth-bottom-links' id='no-id' text='New user?  Access Account

Forgot password?'
2026-04-23 17:24:52,019 - INFO - 
================================================================================

2026-04-23 17:24:52,606 - INFO - Login button clicked.
2026-04-23 17:24:52,610 - INFO - Taking rapid screenshots and validating pop-up...
2026-04-23 17:24:53,212 - INFO - Screenshot captured: reports\RUN_20260423_172443\screenshots\03_Popup_Immediate_1_172452.png
2026-04-23 17:24:53,212 - INFO - Screenshot 1 captured - Attempting validation...
2026-04-23 17:24:53,212 - INFO - 
================================================================================
2026-04-23 17:24:53,212 - INFO - STARTING COMPREHENSIVE POP-UP VALIDATION
2026-04-23 17:24:53,212 - INFO - ================================================================================
2026-04-23 17:24:53,227 - INFO - 
[VALIDATION 1] Checking Pop-up Visibility...
2026-04-23 17:24:53,260 - INFO -   Visibility Status: True
2026-04-23 17:24:53,260 - INFO -   PASSED: Pop-up is visible
2026-04-23 17:24:53,260 - INFO - 
[VALIDATION 2] Extracting and Validating Text Content...
2026-04-23 17:24:53,279 - INFO -   Extracted Text: 'Login Successful'
2026-04-23 17:24:53,279 - INFO -   PASSED: Text matches exactly: 'Login Successful'
2026-04-23 17:24:53,279 - INFO - 
[VALIDATION 3] Checking for Typos...
2026-04-23 17:24:53,279 - INFO -   PASSED: No known typos detected
2026-04-23 17:24:53,279 - INFO - 
[VALIDATION 4] Extracting CSS Classes and Attributes...
2026-04-23 17:24:53,308 - INFO -   CSS Classes: snackbar success-snackbar
2026-04-23 17:24:53,309 - INFO -   PASSED: 'success' class is present
2026-04-23 17:24:53,310 - INFO - 
[VALIDATION 5] Checking Element Properties...
2026-04-23 17:24:53,378 - INFO -   ID: Not set
2026-04-23 17:24:53,391 - INFO -   Data-TestID: Not set
2026-04-23 17:24:53,391 - INFO -   Role: Not set
2026-04-23 17:24:53,391 - INFO -   ARIA Label: Not set
2026-04-23 17:24:53,393 - INFO - 
[VALIDATION 6] Checking Position and Size...
2026-04-23 17:24:53,411 - INFO -   X: 1230, Y: 20
2026-04-23 17:24:53,411 - INFO -   Width: 250, Height: 43.5
2026-04-23 17:24:53,411 - INFO -   PASSED: Element has valid dimensions
2026-04-23 17:24:53,411 - INFO - 
[VALIDATION 7] Checking Computed Styles...
2026-04-23 17:24:53,444 - INFO -   Display: block
2026-04-23 17:24:53,444 - INFO -   Opacity: 1
2026-04-23 17:24:53,444 - INFO -   PASSED: Element is displayed with proper opacity
2026-04-23 17:24:53,444 - INFO - 
================================================================================
2026-04-23 17:24:53,444 - INFO - POP-UP VALIDATION SUMMARY
2026-04-23 17:24:53,444 - INFO - ================================================================================
2026-04-23 17:24:53,444 - INFO -   Visibility: PASSED
2026-04-23 17:24:53,444 - INFO -   Text Match: PASSED
2026-04-23 17:24:53,444 - INFO -   Typo Check: PASSED
2026-04-23 17:24:53,444 - INFO -   CSS Classes: Present
2026-04-23 17:24:53,444 - INFO -   Position & Size: Valid
2026-04-23 17:24:53,444 - INFO -   Computed Styles: Valid
2026-04-23 17:24:53,459 - INFO - ================================================================================

2026-04-23 17:24:53,460 - INFO - ✓ ALL VALIDATIONS PASSED - Pop-up is working correctly!
2026-04-23 17:24:53,947 - INFO - Screenshot captured: reports\RUN_20260423_172443\screenshots\03_Popup_Immediate_2_172453.png
2026-04-23 17:24:53,948 - INFO - Screenshot 2 captured - Attempting validation...
2026-04-23 17:24:53,948 - INFO - 
================================================================================
2026-04-23 17:24:53,949 - INFO - STARTING COMPREHENSIVE POP-UP VALIDATION
2026-04-23 17:24:53,950 - INFO - ================================================================================
2026-04-23 17:24:53,977 - ERROR - VALIDATION FAILED: Pop-up element not found!
2026-04-23 17:24:55,180 - INFO - Screenshot captured: reports\RUN_20260423_172443\screenshots\03_Popup_Immediate_3_172454.png
2026-04-23 17:24:55,180 - INFO - Screenshot 3 captured - Attempting validation...
2026-04-23 17:24:55,180 - INFO - 
================================================================================
2026-04-23 17:24:55,180 - INFO - STARTING COMPREHENSIVE POP-UP VALIDATION
2026-04-23 17:24:55,180 - INFO - ================================================================================
2026-04-23 17:24:55,206 - ERROR - VALIDATION FAILED: Pop-up element not found!
2026-04-23 17:24:55,327 - INFO - Logging DOM elements AFTER login click (pop-up should appear here)...
2026-04-23 17:24:55,327 - INFO - 
================================================================================
2026-04-23 17:24:55,327 - INFO - DOM SNAPSHOT AT STAGE: After_Login_Click
2026-04-23 17:24:55,327 - INFO - ================================================================================
2026-04-23 17:24:55,347 - INFO - 
Searching for pop-up elements in page content...
2026-04-23 17:24:55,634 - WARNING - ⚠ No known pop-up selectors found. Checking all visible divs...
2026-04-23 17:24:55,679 - INFO - Total DIV elements on page: 29
2026-04-23 17:24:55,880 - INFO -   Visible DIV 1: class='header-right' id='no-id' text='English
French
Spanish
Quantum Toll Authority
supe'
2026-04-23 17:24:55,970 - INFO -   Visible DIV 2: class='nav-user' id='no-id' text='Quantum Toll Authority
superadmin_qm@yopmail.com'
2026-04-23 17:24:56,105 - INFO -   Visible DIV 3: class='nav-user-info' id='no-id' text='Quantum Toll Authority
superadmin_qm@yopmail.com'
2026-04-23 17:24:56,204 - INFO -   Visible DIV 4: class='uname' id='no-id' text='Quantum Toll Authority'
2026-04-23 17:24:56,301 - INFO -   Visible DIV 5: class='urole' id='no-id' text='superadmin_qm@yopmail.com'
2026-04-23 17:24:56,413 - INFO -   Visible DIV 6: class='main-container' id='no-id' text='dashboard_2
group
decimal_increase
admin_panel_set'
2026-04-23 17:24:56,525 - INFO -   Visible DIV 7: class='inner' id='no-id' text='dashboard_2'
2026-04-23 17:24:56,635 - INFO -   Visible DIV 8: class='inner' id='no-id' text='group'
2026-04-23 17:24:56,747 - INFO -   Visible DIV 9: class='inner' id='no-id' text='decimal_increase'
2026-04-23 17:24:56,870 - INFO -   Visible DIV 10: class='inner' id='no-id' text='admin_panel_settings'
2026-04-23 17:24:56,997 - INFO -   Visible DIV 11: class='inner' id='no-id' text='nest_doorbell_visitor'
2026-04-23 17:24:57,121 - INFO -   Visible DIV 12: class='inner' id='no-id' text='key_visualizer'
2026-04-23 17:24:57,147 - INFO - 
================================================================================

2026-04-23 17:24:57,547 - INFO - Screenshot captured: reports\RUN_20260423_172443\screenshots\02_Just_After_Login_Click_172457.png
2026-04-23 17:24:57,548 - INFO - Waiting for dashboard URL...
2026-04-23 17:24:57,549 - INFO - 
================================================================================
2026-04-23 17:24:57,549 - INFO - DOM SNAPSHOT AT STAGE: Before_Dashboard_Navigation
2026-04-23 17:24:57,550 - INFO - ================================================================================
2026-04-23 17:24:57,575 - INFO - 
Searching for pop-up elements in page content...
2026-04-23 17:24:57,800 - WARNING - ⚠ No known pop-up selectors found. Checking all visible divs...
2026-04-23 17:24:57,834 - INFO - Total DIV elements on page: 29
2026-04-23 17:24:57,964 - INFO -   Visible DIV 1: class='header-right' id='no-id' text='English
French
Spanish
Quantum Toll Authority
supe'
2026-04-23 17:24:58,048 - INFO -   Visible DIV 2: class='nav-user' id='no-id' text='Quantum Toll Authority
superadmin_qm@yopmail.com'
2026-04-23 17:24:58,159 - INFO -   Visible DIV 3: class='nav-user-info' id='no-id' text='Quantum Toll Authority
superadmin_qm@yopmail.com'
2026-04-23 17:24:58,248 - INFO -   Visible DIV 4: class='uname' id='no-id' text='Quantum Toll Authority'
2026-04-23 17:24:58,326 - INFO -   Visible DIV 5: class='urole' id='no-id' text='superadmin_qm@yopmail.com'
2026-04-23 17:24:58,409 - INFO -   Visible DIV 6: class='main-container' id='no-id' text='dashboard_2
group
decimal_increase
admin_panel_set'
2026-04-23 17:24:58,492 - INFO -   Visible DIV 7: class='inner' id='no-id' text='dashboard_2'
2026-04-23 17:24:58,575 - INFO -   Visible DIV 8: class='inner' id='no-id' text='group'
2026-04-23 17:24:58,677 - INFO -   Visible DIV 9: class='inner' id='no-id' text='decimal_increase'
2026-04-23 17:24:58,827 - INFO -   Visible DIV 10: class='inner' id='no-id' text='admin_panel_settings'
2026-04-23 17:24:58,939 - INFO -   Visible DIV 11: class='inner' id='no-id' text='nest_doorbell_visitor'
2026-04-23 17:24:59,034 - INFO -   Visible DIV 12: class='inner' id='no-id' text='key_visualizer'
2026-04-23 17:24:59,058 - INFO - 
================================================================================

2026-04-23 17:24:59,082 - INFO - Login SUCCESS: Dashboard URL reached.
2026-04-23 17:24:59,606 - INFO - 
================================================================================
2026-04-23 17:24:59,610 - INFO - DOM SNAPSHOT AT STAGE: After_Dashboard_Loaded
2026-04-23 17:24:59,613 - INFO - ================================================================================
2026-04-23 17:24:59,651 - INFO - 
Searching for pop-up elements in page content...
2026-04-23 17:24:59,893 - WARNING - ⚠ No known pop-up selectors found. Checking all visible divs...
2026-04-23 17:24:59,983 - INFO - Total DIV elements on page: 29
2026-04-23 17:25:00,174 - INFO -   Visible DIV 1: class='header-right' id='no-id' text='English
French
Spanish
Quantum Toll Authority
supe'
2026-04-23 17:25:00,277 - INFO -   Visible DIV 2: class='nav-user' id='no-id' text='Quantum Toll Authority
superadmin_qm@yopmail.com'
2026-04-23 17:25:00,442 - INFO -   Visible DIV 3: class='nav-user-info' id='no-id' text='Quantum Toll Authority
superadmin_qm@yopmail.com'
2026-04-23 17:25:00,569 - INFO -   Visible DIV 4: class='uname' id='no-id' text='Quantum Toll Authority'
2026-04-23 17:25:00,698 - INFO -   Visible DIV 5: class='urole' id='no-id' text='superadmin_qm@yopmail.com'
2026-04-23 17:25:00,752 - INFO -   Visible DIV 6: class='main-container' id='no-id' text='dashboard_2
group
decimal_increase
admin_panel_set'
2026-04-23 17:25:00,895 - INFO -   Visible DIV 7: class='inner' id='no-id' text='dashboard_2'
2026-04-23 17:25:00,996 - INFO -   Visible DIV 8: class='inner' id='no-id' text='group'
2026-04-23 17:25:01,185 - INFO -   Visible DIV 9: class='inner' id='no-id' text='decimal_increase'
2026-04-23 17:25:01,339 - INFO -   Visible DIV 10: class='inner' id='no-id' text='admin_panel_settings'
2026-04-23 17:25:01,524 - INFO -   Visible DIV 11: class='inner' id='no-id' text='nest_doorbell_visitor'
2026-04-23 17:25:01,665 - INFO -   Visible DIV 12: class='inner' id='no-id' text='key_visualizer'
2026-04-23 17:25:01,730 - INFO - 
================================================================================

2026-04-23 17:25:01,730 - INFO - Checking for dashboard header 'Welcome to QM Toll portal!'...
2026-04-23 17:25:01,861 - INFO - ✅ Dashboard header found with selector: h4:has-text("Welcome to QM Toll portal!")
2026-04-23 17:25:01,861 - INFO -    Header text: 'Welcome to QM Toll portal!'
2026-04-23 17:25:01,861 - INFO - ✅ DASHBOARD VALIDATION PASSED: 'Welcome to QM Toll portal!' header found
2026-04-23 17:25:02,083 - INFO - Screenshot captured: reports\RUN_20260423_172443\screenshots\01_Login_Success_Dashboard_172501.png
2026-04-23 17:25:02,654 - INFO - Step 1: Navigating and Starting Onboarding...
2026-04-23 17:25:02,654 - INFO - Navigating to Onboarding Module...
