2026-04-07 13:01:16,446 - INFO - Test Session Started.
2026-04-07 13:01:16,986 - INFO - Navigating to Login Page: http://operator-qa.qmaastech.com/
2026-04-07 13:01:16,986 - INFO - Navigating to: http://operator-qa.qmaastech.com/
2026-04-07 13:01:19,407 - INFO - Attempting login for user: superadmin_qm@yopmail.com
2026-04-07 13:01:21,091 - INFO - Logging DOM elements BEFORE login click...
2026-04-07 13:01:21,092 - INFO - 
================================================================================
2026-04-07 13:01:21,094 - INFO - DOM SNAPSHOT AT STAGE: Before_Login
2026-04-07 13:01:21,094 - INFO - ================================================================================
2026-04-07 13:01:21,115 - INFO - 
Searching for pop-up elements in page content...
2026-04-07 13:01:21,478 - WARNING - ⚠ No known pop-up selectors found. Checking all visible divs...
2026-04-07 13:01:21,549 - INFO - Total DIV elements on page: 20
2026-04-07 13:01:22,028 - INFO -   Visible DIV 1: class='hero-pills' id='no-id' text='bolt
Real-time
smart_toy
AI-driven
hub
Multi-agenc'
2026-04-07 13:01:22,169 - INFO -   Visible DIV 2: class='auth-panel' id='no-id' text='Welcome Back

Sign in to your account to continue
'
2026-04-07 13:01:22,261 - INFO -   Visible DIV 3: class='auth-card' id='no-id' text='Welcome Back

Sign in to your account to continue
'
2026-04-07 13:01:22,365 - INFO -   Visible DIV 4: class='auth-step' id='no-id' text='Welcome Back

Sign in to your account to continue
'
2026-04-07 13:01:22,493 - INFO -   Visible DIV 5: class='field-wrap' id='no-id' text='Email ID / Username *
person'
2026-04-07 13:01:22,581 - INFO -   Visible DIV 6: class='input-shell' id='no-id' text='person'
2026-04-07 13:01:22,662 - INFO -   Visible DIV 7: class='field-wrap' id='no-id' text='Password *
lock
visibility_off'
2026-04-07 13:01:22,749 - INFO -   Visible DIV 8: class='input-shell' id='no-id' text='lock
visibility_off'
2026-04-07 13:01:22,825 - INFO -   Visible DIV 9: class='auth-bottom-links' id='no-id' text='New user?  Access Account

Forgot password?'
2026-04-07 13:01:22,879 - INFO - 
================================================================================

2026-04-07 13:01:23,449 - INFO - Login button clicked.
2026-04-07 13:01:23,463 - INFO - Taking rapid screenshots and validating pop-up...
2026-04-07 13:01:24,121 - INFO - Screenshot captured: reports/RUN_20260407_130116\screenshots\03_Popup_Immediate_1_130123.png
2026-04-07 13:01:24,121 - INFO - Screenshot 1 captured - Attempting validation...
2026-04-07 13:01:24,121 - INFO - 
================================================================================
2026-04-07 13:01:24,121 - INFO - STARTING COMPREHENSIVE POP-UP VALIDATION
2026-04-07 13:01:24,121 - INFO - ================================================================================
2026-04-07 13:01:24,147 - INFO - 
[VALIDATION 1] Checking Pop-up Visibility...
2026-04-07 13:01:24,185 - INFO -   Visibility Status: True
2026-04-07 13:01:24,185 - INFO -   PASSED: Pop-up is visible
2026-04-07 13:01:24,195 - INFO - 
[VALIDATION 2] Extracting and Validating Text Content...
2026-04-07 13:01:24,218 - INFO -   Extracted Text: 'Login Successful'
2026-04-07 13:01:24,219 - INFO -   PASSED: Text matches exactly: 'Login Successful'
2026-04-07 13:01:24,219 - INFO - 
[VALIDATION 3] Checking for Typos...
2026-04-07 13:01:24,220 - INFO -   PASSED: No known typos detected
2026-04-07 13:01:24,220 - INFO - 
[VALIDATION 4] Extracting CSS Classes and Attributes...
2026-04-07 13:01:24,231 - INFO -   CSS Classes: snackbar success-snackbar
2026-04-07 13:01:24,231 - INFO -   PASSED: 'success' class is present
2026-04-07 13:01:24,244 - INFO - 
[VALIDATION 5] Checking Element Properties...
2026-04-07 13:01:24,309 - INFO -   ID: Not set
2026-04-07 13:01:24,309 - INFO -   Data-TestID: Not set
2026-04-07 13:01:24,309 - INFO -   Role: Not set
2026-04-07 13:01:24,309 - INFO -   ARIA Label: Not set
2026-04-07 13:01:24,309 - INFO - 
[VALIDATION 6] Checking Position and Size...
2026-04-07 13:01:24,325 - INFO -   X: 1210, Y: 20
2026-04-07 13:01:24,325 - INFO -   Width: 250, Height: 43.5
2026-04-07 13:01:24,325 - INFO -   PASSED: Element has valid dimensions
2026-04-07 13:01:24,325 - INFO - 
[VALIDATION 7] Checking Computed Styles...
2026-04-07 13:01:24,357 - INFO -   Display: block
2026-04-07 13:01:24,357 - INFO -   Opacity: 1
2026-04-07 13:01:24,357 - INFO -   PASSED: Element is displayed with proper opacity
2026-04-07 13:01:24,357 - INFO - 
================================================================================
2026-04-07 13:01:24,357 - INFO - POP-UP VALIDATION SUMMARY
2026-04-07 13:01:24,357 - INFO - ================================================================================
2026-04-07 13:01:24,357 - INFO -   Visibility: PASSED
2026-04-07 13:01:24,357 - INFO -   Text Match: PASSED
2026-04-07 13:01:24,357 - INFO -   Typo Check: PASSED
2026-04-07 13:01:24,357 - INFO -   CSS Classes: Present
2026-04-07 13:01:24,357 - INFO -   Position & Size: Valid
2026-04-07 13:01:24,357 - INFO -   Computed Styles: Valid
2026-04-07 13:01:24,357 - INFO - ================================================================================

2026-04-07 13:01:24,357 - INFO - ✓ ALL VALIDATIONS PASSED - Pop-up is working correctly!
2026-04-07 13:01:24,959 - INFO - Screenshot captured: reports/RUN_20260407_130116\screenshots\03_Popup_Immediate_2_130124.png
2026-04-07 13:01:24,959 - INFO - Screenshot 2 captured - Attempting validation...
2026-04-07 13:01:24,961 - INFO - 
================================================================================
2026-04-07 13:01:24,961 - INFO - STARTING COMPREHENSIVE POP-UP VALIDATION
2026-04-07 13:01:24,961 - INFO - ================================================================================
2026-04-07 13:01:24,977 - ERROR - VALIDATION FAILED: Pop-up element not found!
2026-04-07 13:01:26,181 - INFO - Screenshot captured: reports/RUN_20260407_130116\screenshots\03_Popup_Immediate_3_130125.png
2026-04-07 13:01:26,182 - INFO - Screenshot 3 captured - Attempting validation...
2026-04-07 13:01:26,184 - INFO - 
================================================================================
2026-04-07 13:01:26,186 - INFO - STARTING COMPREHENSIVE POP-UP VALIDATION
2026-04-07 13:01:26,186 - INFO - ================================================================================
2026-04-07 13:01:26,243 - ERROR - VALIDATION FAILED: Pop-up element not found!
2026-04-07 13:01:26,380 - INFO - Logging DOM elements AFTER login click (pop-up should appear here)...
2026-04-07 13:01:26,380 - INFO - 
================================================================================
2026-04-07 13:01:26,380 - INFO - DOM SNAPSHOT AT STAGE: After_Login_Click
2026-04-07 13:01:26,380 - INFO - ================================================================================
2026-04-07 13:01:26,401 - INFO - 
Searching for pop-up elements in page content...
2026-04-07 13:01:26,827 - WARNING - ⚠ No known pop-up selectors found. Checking all visible divs...
2026-04-07 13:01:26,889 - INFO - Total DIV elements on page: 28
2026-04-07 13:01:27,159 - INFO -   Visible DIV 1: class='header-right' id='no-id' text='English
French
Spanish
Quantum Toll Authority
supe'
2026-04-07 13:01:27,293 - INFO -   Visible DIV 2: class='nav-user' id='no-id' text='Quantum Toll Authority
superadmin_qm@yopmail.com'
2026-04-07 13:01:27,486 - INFO -   Visible DIV 3: class='nav-user-info' id='no-id' text='Quantum Toll Authority
superadmin_qm@yopmail.com'
2026-04-07 13:01:27,624 - INFO -   Visible DIV 4: class='uname' id='no-id' text='Quantum Toll Authority'
2026-04-07 13:01:27,738 - INFO -   Visible DIV 5: class='urole' id='no-id' text='superadmin_qm@yopmail.com'
2026-04-07 13:01:27,853 - INFO -   Visible DIV 6: class='main-container' id='no-id' text='dashboard_2
group
decimal_increase
admin_panel_set'
2026-04-07 13:01:27,953 - INFO -   Visible DIV 7: class='inner' id='no-id' text='dashboard_2'
2026-04-07 13:01:28,061 - INFO -   Visible DIV 8: class='inner' id='no-id' text='group'
2026-04-07 13:01:28,197 - INFO -   Visible DIV 9: class='inner' id='no-id' text='decimal_increase'
2026-04-07 13:01:28,339 - INFO -   Visible DIV 10: class='inner' id='no-id' text='admin_panel_settings'
2026-04-07 13:01:28,469 - INFO -   Visible DIV 11: class='inner' id='no-id' text='nest_doorbell_visitor'
2026-04-07 13:01:28,604 - INFO -   Visible DIV 12: class='inner' id='no-id' text='key_visualizer'
2026-04-07 13:01:28,631 - INFO - 
================================================================================

2026-04-07 13:01:29,100 - INFO - Screenshot captured: reports/RUN_20260407_130116\screenshots\02_Just_After_Login_Click_130128.png
2026-04-07 13:01:29,101 - INFO - Executing test_user_authentication...
2026-04-07 13:01:29,101 - INFO - Pop-up capture and validation completed in login fixture
2026-04-07 13:01:29,102 - INFO - Waiting for dashboard URL...
2026-04-07 13:01:29,102 - INFO - 
================================================================================
2026-04-07 13:01:29,102 - INFO - DOM SNAPSHOT AT STAGE: Before_Dashboard_Navigation
2026-04-07 13:01:29,102 - INFO - ================================================================================
2026-04-07 13:01:29,142 - INFO - 
Searching for pop-up elements in page content...
2026-04-07 13:01:29,358 - WARNING - ⚠ No known pop-up selectors found. Checking all visible divs...
2026-04-07 13:01:29,397 - INFO - Total DIV elements on page: 28
2026-04-07 13:01:29,524 - INFO -   Visible DIV 1: class='header-right' id='no-id' text='English
French
Spanish
Quantum Toll Authority
supe'
2026-04-07 13:01:29,603 - INFO -   Visible DIV 2: class='nav-user' id='no-id' text='Quantum Toll Authority
superadmin_qm@yopmail.com'
2026-04-07 13:01:29,715 - INFO -   Visible DIV 3: class='nav-user-info' id='no-id' text='Quantum Toll Authority
superadmin_qm@yopmail.com'
2026-04-07 13:01:29,781 - INFO -   Visible DIV 4: class='uname' id='no-id' text='Quantum Toll Authority'
2026-04-07 13:01:29,843 - INFO -   Visible DIV 5: class='urole' id='no-id' text='superadmin_qm@yopmail.com'
2026-04-07 13:01:29,923 - INFO -   Visible DIV 6: class='main-container' id='no-id' text='dashboard_2
group
decimal_increase
admin_panel_set'
2026-04-07 13:01:29,986 - INFO -   Visible DIV 7: class='inner' id='no-id' text='dashboard_2'
2026-04-07 13:01:30,050 - INFO -   Visible DIV 8: class='inner' id='no-id' text='group'
2026-04-07 13:01:30,130 - INFO -   Visible DIV 9: class='inner' id='no-id' text='decimal_increase'
2026-04-07 13:01:30,209 - INFO -   Visible DIV 10: class='inner' id='no-id' text='admin_panel_settings'
2026-04-07 13:01:30,332 - INFO -   Visible DIV 11: class='inner' id='no-id' text='nest_doorbell_visitor'
2026-04-07 13:01:30,431 - INFO -   Visible DIV 12: class='inner' id='no-id' text='key_visualizer'
2026-04-07 13:01:30,447 - INFO - 
================================================================================

2026-04-07 13:01:30,463 - INFO - Login SUCCESS: Dashboard URL reached.
2026-04-07 13:01:30,987 - INFO - 
================================================================================
2026-04-07 13:01:30,987 - INFO - DOM SNAPSHOT AT STAGE: After_Dashboard_Loaded
2026-04-07 13:01:30,987 - INFO - ================================================================================
2026-04-07 13:01:31,016 - INFO - 
Searching for pop-up elements in page content...
2026-04-07 13:01:31,251 - WARNING - ⚠ No known pop-up selectors found. Checking all visible divs...
2026-04-07 13:01:31,299 - INFO - Total DIV elements on page: 28
2026-04-07 13:01:31,458 - INFO -   Visible DIV 1: class='header-right' id='no-id' text='English
French
Spanish
Quantum Toll Authority
supe'
2026-04-07 13:01:31,536 - INFO -   Visible DIV 2: class='nav-user' id='no-id' text='Quantum Toll Authority
superadmin_qm@yopmail.com'
2026-04-07 13:01:31,632 - INFO -   Visible DIV 3: class='nav-user-info' id='no-id' text='Quantum Toll Authority
superadmin_qm@yopmail.com'
2026-04-07 13:01:31,711 - INFO -   Visible DIV 4: class='uname' id='no-id' text='Quantum Toll Authority'
2026-04-07 13:01:31,776 - INFO -   Visible DIV 5: class='urole' id='no-id' text='superadmin_qm@yopmail.com'
2026-04-07 13:01:31,864 - INFO -   Visible DIV 6: class='main-container' id='no-id' text='dashboard_2
group
decimal_increase
admin_panel_set'
2026-04-07 13:01:31,942 - INFO -   Visible DIV 7: class='inner' id='no-id' text='dashboard_2'
2026-04-07 13:01:32,012 - INFO -   Visible DIV 8: class='inner' id='no-id' text='group'
2026-04-07 13:01:32,104 - INFO -   Visible DIV 9: class='inner' id='no-id' text='decimal_increase'
2026-04-07 13:01:32,218 - INFO -   Visible DIV 10: class='inner' id='no-id' text='admin_panel_settings'
2026-04-07 13:01:32,341 - INFO -   Visible DIV 11: class='inner' id='no-id' text='nest_doorbell_visitor'
2026-04-07 13:01:32,462 - INFO -   Visible DIV 12: class='inner' id='no-id' text='key_visualizer'
2026-04-07 13:01:32,488 - INFO - 
================================================================================

2026-04-07 13:01:32,488 - INFO - Checking for dashboard header 'Welcome to QM Toll portal!'...
2026-04-07 13:01:32,569 - INFO - ✅ Dashboard header found with selector: h4:has-text("Welcome to QM Toll portal!")
2026-04-07 13:01:32,569 - INFO -    Header text: 'Welcome to QM Toll portal!'
2026-04-07 13:01:32,571 - INFO - ✅ DASHBOARD VALIDATION PASSED: 'Welcome to QM Toll portal!' header found
2026-04-07 13:01:32,846 - INFO - Screenshot captured: reports/RUN_20260407_130116\screenshots\01_Login_Success_Dashboard_130132.png
2026-04-07 13:01:32,847 - INFO - Test case test_user_authentication completed successfully.
2026-04-07 16:58:14,297 - INFO - Test Session Started.
2026-04-07 16:58:14,297 - INFO - Navigating to Login Page: http://operator-qa.qmaastech.com/
2026-04-07 16:58:14,301 - INFO - Navigating to: http://operator-qa.qmaastech.com/
2026-04-07 16:58:18,394 - INFO - Attempting login for user: superadmin_qm@yopmail.com
2026-04-07 16:58:20,253 - INFO - Logging DOM elements BEFORE login click...
2026-04-07 16:58:20,253 - INFO - 
================================================================================
2026-04-07 16:58:20,253 - INFO - DOM SNAPSHOT AT STAGE: Before_Login
2026-04-07 16:58:20,253 - INFO - ================================================================================
2026-04-07 16:58:20,273 - INFO - 
Searching for pop-up elements in page content...
2026-04-07 16:58:20,694 - WARNING - ⚠ No known pop-up selectors found. Checking all visible divs...
2026-04-07 16:58:20,762 - INFO - Total DIV elements on page: 20
2026-04-07 16:58:21,504 - INFO -   Visible DIV 1: class='hero-pills' id='no-id' text='bolt
Real-time
smart_toy
AI-driven
hub
Multi-agenc'
2026-04-07 16:58:21,631 - INFO -   Visible DIV 2: class='auth-panel' id='no-id' text='Welcome Back

Sign in to your account to continue
'
2026-04-07 16:58:21,712 - INFO -   Visible DIV 3: class='auth-card' id='no-id' text='Welcome Back

Sign in to your account to continue
'
2026-04-07 16:58:21,796 - INFO -   Visible DIV 4: class='auth-step' id='no-id' text='Welcome Back

Sign in to your account to continue
'
2026-04-07 16:58:22,007 - INFO -   Visible DIV 5: class='field-wrap' id='no-id' text='Email ID / Username *
person'
2026-04-07 16:58:22,139 - INFO -   Visible DIV 6: class='input-shell' id='no-id' text='person'
2026-04-07 16:58:22,223 - INFO -   Visible DIV 7: class='field-wrap' id='no-id' text='Password *
lock
visibility_off'
2026-04-07 16:58:22,291 - INFO -   Visible DIV 8: class='input-shell' id='no-id' text='lock
visibility_off'
2026-04-07 16:58:22,365 - INFO -   Visible DIV 9: class='auth-bottom-links' id='no-id' text='New user?  Access Account

Forgot password?'
2026-04-07 16:58:22,405 - INFO - 
================================================================================

2026-04-07 16:58:22,977 - INFO - Login button clicked.
2026-04-07 16:58:22,978 - INFO - Taking rapid screenshots and validating pop-up...
2026-04-07 16:58:23,862 - INFO - Screenshot captured: D:\QA_QM_BOS_REG\screenshots\03_Popup_Immediate_1_165822.png
2026-04-07 16:58:23,866 - INFO - Screenshot 1 captured - Attempting validation...
2026-04-07 16:58:23,866 - INFO - 
================================================================================
2026-04-07 16:58:23,868 - INFO - STARTING COMPREHENSIVE POP-UP VALIDATION
2026-04-07 16:58:23,868 - INFO - ================================================================================
2026-04-07 16:58:23,900 - INFO - 
[VALIDATION 1] Checking Pop-up Visibility...
2026-04-07 16:58:24,135 - INFO -   Visibility Status: False
2026-04-07 16:58:24,135 - ERROR -   FAILED: Pop-up is not visible!
2026-04-07 16:58:26,014 - INFO - Screenshot captured: D:\QA_QM_BOS_REG\screenshots\03_Popup_Immediate_2_165824.png
2026-04-07 16:58:26,014 - INFO - Screenshot 2 captured - Attempting validation...
2026-04-07 16:58:26,016 - INFO - 
================================================================================
2026-04-07 16:58:26,020 - INFO - STARTING COMPREHENSIVE POP-UP VALIDATION
2026-04-07 16:58:26,022 - INFO - ================================================================================
2026-04-07 16:58:26,065 - ERROR - VALIDATION FAILED: Pop-up element not found!
2026-04-07 16:58:26,762 - INFO - Screenshot captured: D:\QA_QM_BOS_REG\screenshots\03_Popup_Immediate_3_165826.png
2026-04-07 16:58:26,764 - INFO - Screenshot 3 captured - Attempting validation...
2026-04-07 16:58:26,766 - INFO - 
================================================================================
2026-04-07 16:58:26,766 - INFO - STARTING COMPREHENSIVE POP-UP VALIDATION
2026-04-07 16:58:26,766 - INFO - ================================================================================
2026-04-07 16:58:26,812 - ERROR - VALIDATION FAILED: Pop-up element not found!
2026-04-07 16:58:26,957 - INFO - Logging DOM elements AFTER login click (pop-up should appear here)...
2026-04-07 16:58:26,957 - INFO - 
================================================================================
2026-04-07 16:58:26,957 - INFO - DOM SNAPSHOT AT STAGE: After_Login_Click
2026-04-07 16:58:26,957 - INFO - ================================================================================
2026-04-07 16:58:27,020 - INFO - 
Searching for pop-up elements in page content...
2026-04-07 16:58:27,492 - WARNING - ⚠ No known pop-up selectors found. Checking all visible divs...
2026-04-07 16:58:27,630 - INFO - Total DIV elements on page: 28
2026-04-07 16:58:27,970 - INFO -   Visible DIV 1: class='header-right' id='no-id' text='English
French
Spanish
Quantum Toll Authority
supe'
2026-04-07 16:58:28,106 - INFO -   Visible DIV 2: class='nav-user' id='no-id' text='Quantum Toll Authority
superadmin_qm@yopmail.com'
2026-04-07 16:58:28,306 - INFO -   Visible DIV 3: class='nav-user-info' id='no-id' text='Quantum Toll Authority
superadmin_qm@yopmail.com'
2026-04-07 16:58:28,461 - INFO -   Visible DIV 4: class='uname' id='no-id' text='Quantum Toll Authority'
2026-04-07 16:58:28,611 - INFO -   Visible DIV 5: class='urole' id='no-id' text='superadmin_qm@yopmail.com'
2026-04-07 16:58:28,745 - INFO -   Visible DIV 6: class='main-container' id='no-id' text='dashboard_2
group
decimal_increase
admin_panel_set'
2026-04-07 16:58:28,846 - INFO -   Visible DIV 7: class='inner' id='no-id' text='dashboard_2'
2026-04-07 16:58:28,971 - INFO -   Visible DIV 8: class='inner' id='no-id' text='group'
2026-04-07 16:58:29,149 - INFO -   Visible DIV 9: class='inner' id='no-id' text='decimal_increase'
2026-04-07 16:58:29,314 - INFO -   Visible DIV 10: class='inner' id='no-id' text='admin_panel_settings'
2026-04-07 16:58:29,512 - INFO -   Visible DIV 11: class='inner' id='no-id' text='nest_doorbell_visitor'
2026-04-07 16:58:29,678 - INFO -   Visible DIV 12: class='inner' id='no-id' text='key_visualizer'
2026-04-07 16:58:29,720 - INFO - 
================================================================================

2026-04-07 16:58:30,236 - INFO - Screenshot captured: D:\QA_QM_BOS_REG\screenshots\02_Just_After_Login_Click_165829.png
2026-04-07 18:03:30,918 - INFO - Starting Authenticated Session...
2026-04-07 18:03:30,925 - INFO - Navigating to Login Page: http://operator-qa.qmaastech.com/
2026-04-07 18:03:30,928 - INFO - Navigating to: http://operator-qa.qmaastech.com/
2026-04-07 18:03:34,253 - INFO - Attempting login for user: superadmin_qm@yopmail.com
2026-04-07 18:03:35,941 - INFO - Logging DOM elements BEFORE login click...
2026-04-07 18:03:35,943 - INFO - 
================================================================================
2026-04-07 18:03:35,943 - INFO - DOM SNAPSHOT AT STAGE: Before_Login
2026-04-07 18:03:35,943 - INFO - ================================================================================
2026-04-07 18:03:35,972 - INFO - 
Searching for pop-up elements in page content...
2026-04-07 18:03:36,315 - WARNING - ⚠ No known pop-up selectors found. Checking all visible divs...
2026-04-07 18:03:36,347 - INFO - Total DIV elements on page: 20
2026-04-07 18:03:36,739 - INFO -   Visible DIV 1: class='hero-pills' id='no-id' text='bolt
Real-time
smart_toy
AI-driven
hub
Multi-agenc'
2026-04-07 18:03:36,881 - INFO -   Visible DIV 2: class='auth-panel' id='no-id' text='Welcome Back

Sign in to your account to continue
'
2026-04-07 18:03:36,976 - INFO -   Visible DIV 3: class='auth-card' id='no-id' text='Welcome Back

Sign in to your account to continue
'
2026-04-07 18:03:37,054 - INFO -   Visible DIV 4: class='auth-step' id='no-id' text='Welcome Back

Sign in to your account to continue
'
2026-04-07 18:03:37,151 - INFO -   Visible DIV 5: class='field-wrap' id='no-id' text='Email ID / Username *
person'
2026-04-07 18:03:37,238 - INFO -   Visible DIV 6: class='input-shell' id='no-id' text='person'
2026-04-07 18:03:37,310 - INFO -   Visible DIV 7: class='field-wrap' id='no-id' text='Password *
lock
visibility_off'
2026-04-07 18:03:37,382 - INFO -   Visible DIV 8: class='input-shell' id='no-id' text='lock
visibility_off'
2026-04-07 18:03:37,441 - INFO -   Visible DIV 9: class='auth-bottom-links' id='no-id' text='New user?  Access Account

Forgot password?'
2026-04-07 18:03:37,478 - INFO - 
================================================================================

2026-04-07 18:03:38,033 - INFO - Login button clicked.
2026-04-07 18:03:38,036 - INFO - Taking rapid screenshots and validating pop-up...
2026-04-07 18:03:38,602 - INFO - Screenshot captured: reports/RUN_20260407_180328\screenshots\03_Popup_Immediate_1_180338.png
2026-04-07 18:03:38,602 - INFO - Screenshot 1 captured - Attempting validation...
2026-04-07 18:03:38,602 - INFO - 
================================================================================
2026-04-07 18:03:38,605 - INFO - STARTING COMPREHENSIVE POP-UP VALIDATION
2026-04-07 18:03:38,605 - INFO - ================================================================================
2026-04-07 18:03:38,617 - INFO - 
[VALIDATION 1] Checking Pop-up Visibility...
2026-04-07 18:03:38,649 - INFO -   Visibility Status: True
2026-04-07 18:03:38,649 - INFO -   PASSED: Pop-up is visible
2026-04-07 18:03:38,649 - INFO - 
[VALIDATION 2] Extracting and Validating Text Content...
2026-04-07 18:03:38,669 - INFO -   Extracted Text: 'Login Successful'
2026-04-07 18:03:38,669 - INFO -   PASSED: Text matches exactly: 'Login Successful'
2026-04-07 18:03:38,669 - INFO - 
[VALIDATION 3] Checking for Typos...
2026-04-07 18:03:38,669 - INFO -   PASSED: No known typos detected
2026-04-07 18:03:38,669 - INFO - 
[VALIDATION 4] Extracting CSS Classes and Attributes...
2026-04-07 18:03:38,696 - INFO -   CSS Classes: snackbar success-snackbar
2026-04-07 18:03:38,698 - INFO -   PASSED: 'success' class is present
2026-04-07 18:03:38,698 - INFO - 
[VALIDATION 5] Checking Element Properties...
2026-04-07 18:03:38,763 - INFO -   ID: Not set
2026-04-07 18:03:38,763 - INFO -   Data-TestID: Not set
2026-04-07 18:03:38,763 - INFO -   Role: Not set
2026-04-07 18:03:38,779 - INFO -   ARIA Label: Not set
2026-04-07 18:03:38,779 - INFO - 
[VALIDATION 6] Checking Position and Size...
2026-04-07 18:03:38,788 - INFO -   X: 1210, Y: 20
2026-04-07 18:03:38,788 - INFO -   Width: 250, Height: 43.5
2026-04-07 18:03:38,788 - INFO -   PASSED: Element has valid dimensions
2026-04-07 18:03:38,788 - INFO - 
[VALIDATION 7] Checking Computed Styles...
2026-04-07 18:03:38,811 - INFO -   Display: block
2026-04-07 18:03:38,811 - INFO -   Opacity: 1
2026-04-07 18:03:38,811 - INFO -   PASSED: Element is displayed with proper opacity
2026-04-07 18:03:38,811 - INFO - 
================================================================================
2026-04-07 18:03:38,811 - INFO - POP-UP VALIDATION SUMMARY
2026-04-07 18:03:38,811 - INFO - ================================================================================
2026-04-07 18:03:38,811 - INFO -   Visibility: PASSED
2026-04-07 18:03:38,811 - INFO -   Text Match: PASSED
2026-04-07 18:03:38,811 - INFO -   Typo Check: PASSED
2026-04-07 18:03:38,811 - INFO -   CSS Classes: Present
2026-04-07 18:03:38,811 - INFO -   Position & Size: Valid
2026-04-07 18:03:38,811 - INFO -   Computed Styles: Valid
2026-04-07 18:03:38,811 - INFO - ================================================================================

2026-04-07 18:03:38,811 - INFO - ✓ ALL VALIDATIONS PASSED - Pop-up is working correctly!
2026-04-07 18:03:39,221 - INFO - Screenshot captured: reports/RUN_20260407_180328\screenshots\03_Popup_Immediate_2_180338.png
2026-04-07 18:03:39,222 - INFO - Screenshot 2 captured - Attempting validation...
2026-04-07 18:03:39,222 - INFO - 
================================================================================
2026-04-07 18:03:39,223 - INFO - STARTING COMPREHENSIVE POP-UP VALIDATION
2026-04-07 18:03:39,223 - INFO - ================================================================================
2026-04-07 18:03:39,286 - ERROR - VALIDATION FAILED: Pop-up element not found!
2026-04-07 18:03:40,808 - INFO - Screenshot captured: reports/RUN_20260407_180328\screenshots\03_Popup_Immediate_3_180339.png
2026-04-07 18:03:40,810 - INFO - Screenshot 3 captured - Attempting validation...
2026-04-07 18:03:40,816 - INFO - 
================================================================================
2026-04-07 18:03:40,817 - INFO - STARTING COMPREHENSIVE POP-UP VALIDATION
2026-04-07 18:03:40,818 - INFO - ================================================================================
2026-04-07 18:03:40,856 - ERROR - VALIDATION FAILED: Pop-up element not found!
2026-04-07 18:03:40,981 - INFO - Logging DOM elements AFTER login click (pop-up should appear here)...
2026-04-07 18:03:40,982 - INFO - 
================================================================================
2026-04-07 18:03:40,982 - INFO - DOM SNAPSHOT AT STAGE: After_Login_Click
2026-04-07 18:03:40,983 - INFO - ================================================================================
2026-04-07 18:03:41,005 - INFO - 
Searching for pop-up elements in page content...
2026-04-07 18:03:41,311 - WARNING - ⚠ No known pop-up selectors found. Checking all visible divs...
2026-04-07 18:03:41,361 - INFO - Total DIV elements on page: 28
2026-04-07 18:03:41,561 - INFO -   Visible DIV 1: class='header-right' id='no-id' text='English
French
Spanish
Quantum Toll Authority
supe'
2026-04-07 18:03:41,661 - INFO -   Visible DIV 2: class='nav-user' id='no-id' text='Quantum Toll Authority
superadmin_qm@yopmail.com'
2026-04-07 18:03:41,792 - INFO -   Visible DIV 3: class='nav-user-info' id='no-id' text='Quantum Toll Authority
superadmin_qm@yopmail.com'
2026-04-07 18:03:41,888 - INFO -   Visible DIV 4: class='uname' id='no-id' text='Quantum Toll Authority'
2026-04-07 18:03:42,006 - INFO -   Visible DIV 5: class='urole' id='no-id' text='superadmin_qm@yopmail.com'
2026-04-07 18:03:42,104 - INFO -   Visible DIV 6: class='main-container' id='no-id' text='dashboard_2
group
decimal_increase
admin_panel_set'
2026-04-07 18:03:42,193 - INFO -   Visible DIV 7: class='inner' id='no-id' text='dashboard_2'
2026-04-07 18:03:42,296 - INFO -   Visible DIV 8: class='inner' id='no-id' text='group'
2026-04-07 18:03:42,402 - INFO -   Visible DIV 9: class='inner' id='no-id' text='decimal_increase'
2026-04-07 18:03:42,504 - INFO -   Visible DIV 10: class='inner' id='no-id' text='admin_panel_settings'
2026-04-07 18:03:42,610 - INFO -   Visible DIV 11: class='inner' id='no-id' text='nest_doorbell_visitor'
2026-04-07 18:03:42,705 - INFO -   Visible DIV 12: class='inner' id='no-id' text='key_visualizer'
2026-04-07 18:03:42,725 - INFO - 
================================================================================

2026-04-07 18:03:42,976 - INFO - Screenshot captured: reports/RUN_20260407_180328\screenshots\02_Just_After_Login_Click_180342.png
2026-04-07 18:06:40,470 - INFO - Starting Authenticated Session...
2026-04-07 18:06:40,473 - INFO - Navigating to Login Page: http://operator-qa.qmaastech.com/
2026-04-07 18:06:40,474 - INFO - Navigating to: http://operator-qa.qmaastech.com/
2026-04-07 18:06:42,876 - INFO - Attempting login for user: superadmin_qm@yopmail.com
2026-04-07 18:06:44,611 - INFO - Logging DOM elements BEFORE login click...
2026-04-07 18:06:44,614 - INFO - 
================================================================================
2026-04-07 18:06:44,614 - INFO - DOM SNAPSHOT AT STAGE: Before_Login
2026-04-07 18:06:44,614 - INFO - ================================================================================
2026-04-07 18:06:44,644 - INFO - 
Searching for pop-up elements in page content...
2026-04-07 18:06:44,956 - WARNING - ⚠ No known pop-up selectors found. Checking all visible divs...
2026-04-07 18:06:45,004 - INFO - Total DIV elements on page: 20
2026-04-07 18:06:45,581 - INFO -   Visible DIV 1: class='hero-pills' id='no-id' text='bolt
Real-time
smart_toy
AI-driven
hub
Multi-agenc'
2026-04-07 18:06:45,772 - INFO -   Visible DIV 2: class='auth-panel' id='no-id' text='Welcome Back

Sign in to your account to continue
'
2026-04-07 18:06:45,892 - INFO -   Visible DIV 3: class='auth-card' id='no-id' text='Welcome Back

Sign in to your account to continue
'
2026-04-07 18:06:45,987 - INFO -   Visible DIV 4: class='auth-step' id='no-id' text='Welcome Back

Sign in to your account to continue
'
2026-04-07 18:06:46,102 - INFO -   Visible DIV 5: class='field-wrap' id='no-id' text='Email ID / Username *
person'
2026-04-07 18:06:46,161 - INFO -   Visible DIV 6: class='input-shell' id='no-id' text='person'
2026-04-07 18:06:46,248 - INFO -   Visible DIV 7: class='field-wrap' id='no-id' text='Password *
lock
visibility_off'
2026-04-07 18:06:46,319 - INFO -   Visible DIV 8: class='input-shell' id='no-id' text='lock
visibility_off'
2026-04-07 18:06:46,415 - INFO -   Visible DIV 9: class='auth-bottom-links' id='no-id' text='New user?  Access Account

Forgot password?'
2026-04-07 18:06:46,478 - INFO - 
================================================================================

2026-04-07 18:06:47,069 - INFO - Login button clicked.
2026-04-07 18:06:47,072 - INFO - Taking rapid screenshots and validating pop-up...
2026-04-07 18:06:47,847 - INFO - Screenshot captured: reports/RUN_20260407_180637\screenshots\03_Popup_Immediate_1_180647.png
2026-04-07 18:06:47,850 - INFO - Screenshot 1 captured - Attempting validation...
2026-04-07 18:06:47,851 - INFO - 
================================================================================
2026-04-07 18:06:47,851 - INFO - STARTING COMPREHENSIVE POP-UP VALIDATION
2026-04-07 18:06:47,852 - INFO - ================================================================================
2026-04-07 18:06:47,870 - INFO - 
[VALIDATION 1] Checking Pop-up Visibility...
2026-04-07 18:06:47,911 - INFO -   Visibility Status: True
2026-04-07 18:06:47,913 - INFO -   PASSED: Pop-up is visible
2026-04-07 18:06:47,913 - INFO - 
[VALIDATION 2] Extracting and Validating Text Content...
2026-04-07 18:06:47,936 - INFO -   Extracted Text: 'Login Successful'
2026-04-07 18:06:47,936 - INFO -   PASSED: Text matches exactly: 'Login Successful'
2026-04-07 18:06:47,936 - INFO - 
[VALIDATION 3] Checking for Typos...
2026-04-07 18:06:47,936 - INFO -   PASSED: No known typos detected
2026-04-07 18:06:47,936 - INFO - 
[VALIDATION 4] Extracting CSS Classes and Attributes...
2026-04-07 18:06:47,952 - INFO -   CSS Classes: snackbar success-snackbar
2026-04-07 18:06:47,952 - INFO -   PASSED: 'success' class is present
2026-04-07 18:06:47,952 - INFO - 
[VALIDATION 5] Checking Element Properties...
2026-04-07 18:06:48,040 - INFO -   ID: Not set
2026-04-07 18:06:48,040 - INFO -   Data-TestID: Not set
2026-04-07 18:06:48,047 - INFO -   Role: Not set
2026-04-07 18:06:48,047 - INFO -   ARIA Label: Not set
2026-04-07 18:06:48,047 - INFO - 
[VALIDATION 6] Checking Position and Size...
2026-04-07 18:06:48,159 - WARNING -   WARNING: Could not get bounding box
2026-04-07 18:06:48,159 - INFO - 
[VALIDATION 7] Checking Computed Styles...
2026-04-07 18:06:48,185 - ERROR - Validation error: TypeError: Failed to execute 'getComputedStyle' on 'Window': parameter 1 is not of type 'Element'.
    at eval (eval at evaluate (:226:30), <anonymous>:1:8)
    at eval (<anonymous>)
    at UtilityScript.evaluate (<anonymous>:226:30)
    at UtilityScript.<anonymous> (<anonymous>:1:44)
2026-04-07 18:06:48,185 - WARNING -   WARNING: Could not check computed styles - element may have disappeared
2026-04-07 18:06:48,185 - INFO - 
================================================================================
2026-04-07 18:06:48,185 - INFO - POP-UP VALIDATION SUMMARY
2026-04-07 18:06:48,185 - INFO - ================================================================================
2026-04-07 18:06:48,185 - INFO -   Visibility: PASSED
2026-04-07 18:06:48,185 - INFO -   Text Match: PASSED
2026-04-07 18:06:48,185 - INFO -   Typo Check: PASSED
2026-04-07 18:06:48,185 - INFO -   CSS Classes: Present
2026-04-07 18:06:48,185 - INFO -   Position & Size: Valid
2026-04-07 18:06:48,185 - INFO -   Computed Styles: Valid
2026-04-07 18:06:48,185 - INFO - ================================================================================

2026-04-07 18:06:48,185 - INFO - ✓ ALL VALIDATIONS PASSED - Pop-up is working correctly!
2026-04-07 18:06:50,102 - INFO - Screenshot captured: reports/RUN_20260407_180637\screenshots\03_Popup_Immediate_2_180648.png
2026-04-07 18:06:50,105 - INFO - Screenshot 2 captured - Attempting validation...
2026-04-07 18:06:50,105 - INFO - 
================================================================================
2026-04-07 18:06:50,106 - INFO - STARTING COMPREHENSIVE POP-UP VALIDATION
2026-04-07 18:06:50,108 - INFO - ================================================================================
2026-04-07 18:06:50,155 - ERROR - VALIDATION FAILED: Pop-up element not found!
2026-04-07 18:06:50,856 - INFO - Screenshot captured: reports/RUN_20260407_180637\screenshots\03_Popup_Immediate_3_180650.png
2026-04-07 18:06:50,858 - INFO - Screenshot 3 captured - Attempting validation...
2026-04-07 18:06:50,859 - INFO - 
================================================================================
2026-04-07 18:06:50,860 - INFO - STARTING COMPREHENSIVE POP-UP VALIDATION
2026-04-07 18:06:50,860 - INFO - ================================================================================
2026-04-07 18:06:50,905 - ERROR - VALIDATION FAILED: Pop-up element not found!
2026-04-07 18:06:51,049 - INFO - Logging DOM elements AFTER login click (pop-up should appear here)...
2026-04-07 18:06:51,050 - INFO - 
================================================================================
2026-04-07 18:06:51,051 - INFO - DOM SNAPSHOT AT STAGE: After_Login_Click
2026-04-07 18:06:51,051 - INFO - ================================================================================
2026-04-07 18:06:51,111 - INFO - 
Searching for pop-up elements in page content...
2026-04-07 18:06:51,534 - WARNING - ⚠ No known pop-up selectors found. Checking all visible divs...
2026-04-07 18:06:51,605 - INFO - Total DIV elements on page: 28
2026-04-07 18:06:51,874 - INFO -   Visible DIV 1: class='header-right' id='no-id' text='English
French
Spanish
Quantum Toll Authority
supe'
2026-04-07 18:06:52,009 - INFO -   Visible DIV 2: class='nav-user' id='no-id' text='Quantum Toll Authority
superadmin_qm@yopmail.com'
2026-04-07 18:06:52,199 - INFO -   Visible DIV 3: class='nav-user-info' id='no-id' text='Quantum Toll Authority
superadmin_qm@yopmail.com'
2026-04-07 18:06:52,328 - INFO -   Visible DIV 4: class='uname' id='no-id' text='Quantum Toll Authority'
2026-04-07 18:06:52,439 - INFO -   Visible DIV 5: class='urole' id='no-id' text='superadmin_qm@yopmail.com'
2026-04-07 18:06:52,544 - INFO -   Visible DIV 6: class='main-container' id='no-id' text='dashboard_2
group
decimal_increase
admin_panel_set'
2026-04-07 18:06:52,638 - INFO -   Visible DIV 7: class='inner' id='no-id' text='dashboard_2'
2026-04-07 18:06:52,733 - INFO -   Visible DIV 8: class='inner' id='no-id' text='group'
2026-04-07 18:06:52,863 - INFO -   Visible DIV 9: class='inner' id='no-id' text='decimal_increase'
2026-04-07 18:06:52,976 - INFO -   Visible DIV 10: class='inner' id='no-id' text='admin_panel_settings'
2026-04-07 18:06:53,097 - INFO -   Visible DIV 11: class='inner' id='no-id' text='nest_doorbell_visitor'
2026-04-07 18:06:53,223 - INFO -   Visible DIV 12: class='inner' id='no-id' text='key_visualizer'
2026-04-07 18:06:53,257 - INFO - 
================================================================================

2026-04-07 18:06:53,560 - INFO - Screenshot captured: reports/RUN_20260407_180637\screenshots\02_Just_After_Login_Click_180653.png
2026-04-07 18:06:53,561 - INFO - Executing navigation test...
2026-04-07 18:06:53,561 - INFO - ⏳ Starting navigation to Onboard Customer...
2026-04-07 18:06:53,595 - INFO - 🖱️ Expanding 'Workbench' menu...
2026-04-07 18:06:54,715 - INFO - 🖱️ Clicking 'Onboard a Customer'...
