2026-04-03 14:53:30,040 - INFO - Test Session Started.
2026-04-03 14:53:31,169 - INFO - Navigating to Login Page: http://operator-qa.qmaastech.com/
2026-04-03 14:53:31,169 - INFO - Navigating to: http://operator-qa.qmaastech.com/
2026-04-03 14:53:34,894 - INFO - Attempting login for user: superadmin_qm@yopmail.com
2026-04-03 14:53:36,572 - INFO - Logging DOM elements BEFORE login click...
2026-04-03 14:53:36,572 - INFO - 
================================================================================
2026-04-03 14:53:36,572 - INFO - DOM SNAPSHOT AT STAGE: Before_Login
2026-04-03 14:53:36,572 - INFO - ================================================================================
2026-04-03 14:53:36,587 - INFO - 
Searching for pop-up elements in page content...
2026-04-03 14:53:36,870 - INFO - Total DIV elements on page: 20
2026-04-03 14:53:37,182 - INFO -   Visible DIV 1: class='hero-pills' id='no-id' text='bolt
Real-time
smart_toy
AI-driven
hub
Multi-agenc'
2026-04-03 14:53:37,259 - INFO -   Visible DIV 2: class='auth-panel' id='no-id' text='Welcome Back

Sign in to your account to continue
'
2026-04-03 14:53:37,301 - INFO -   Visible DIV 3: class='auth-card' id='no-id' text='Welcome Back

Sign in to your account to continue
'
2026-04-03 14:53:37,344 - INFO -   Visible DIV 4: class='auth-step' id='no-id' text='Welcome Back

Sign in to your account to continue
'
2026-04-03 14:53:37,433 - INFO -   Visible DIV 5: class='field-wrap' id='no-id' text='Email ID / Username *
person'
2026-04-03 14:53:37,486 - INFO -   Visible DIV 6: class='input-shell' id='no-id' text='person'
2026-04-03 14:53:37,545 - INFO -   Visible DIV 7: class='field-wrap' id='no-id' text='Password *
lock
visibility_off'
2026-04-03 14:53:37,599 - INFO -   Visible DIV 8: class='input-shell' id='no-id' text='lock
visibility_off'
2026-04-03 14:53:37,669 - INFO -   Visible DIV 9: class='auth-bottom-links' id='no-id' text='New user?  Access Account

Forgot password?'
2026-04-03 14:53:37,706 - INFO - 
================================================================================

2026-04-03 14:53:38,272 - INFO - Login button clicked.
2026-04-03 14:53:38,415 - INFO - Logging DOM elements AFTER login click (pop-up should appear here)...
2026-04-03 14:53:38,418 - INFO - 
================================================================================
2026-04-03 14:53:38,420 - INFO - DOM SNAPSHOT AT STAGE: After_Login_Click
2026-04-03 14:53:38,426 - INFO - ================================================================================
2026-04-03 14:53:38,514 - INFO - 
Searching for pop-up elements in page content...
2026-04-03 14:53:39,060 - INFO -   Element 1:
2026-04-03 14:53:39,060 - INFO -     - Selector: div[class*="success"]
2026-04-03 14:53:39,060 - INFO -     - Visible: True
2026-04-03 14:53:39,060 - INFO -     - Text: Login Successful
2026-04-03 14:53:39,060 - INFO -     - HTML: N/A
2026-04-03 14:53:39,188 - INFO - 
================================================================================

2026-04-03 14:53:39,761 - INFO - Screenshot captured: reports/RUN_20260403_145330\screenshots\02_Just_After_Login_Click_145339.png
2026-04-03 14:53:39,764 - INFO - Executing test_user_authentication...
2026-04-03 14:53:39,764 - INFO - Waiting for dashboard URL...
2026-04-03 14:53:39,764 - INFO - 
================================================================================
2026-04-03 14:53:39,764 - INFO - DOM SNAPSHOT AT STAGE: Before_Dashboard_Navigation
2026-04-03 14:53:39,764 - INFO - ================================================================================
2026-04-03 14:53:39,794 - INFO - 
Searching for pop-up elements in page content...
2026-04-03 14:53:40,024 - INFO - Total DIV elements on page: 28
2026-04-03 14:53:40,151 - INFO -   Visible DIV 1: class='header-right' id='no-id' text='English
French
Spanish
Quantum Toll Authority
supe'
2026-04-03 14:53:40,198 - INFO -   Visible DIV 2: class='nav-user' id='no-id' text='Quantum Toll Authority
superadmin_qm@yopmail.com'
2026-04-03 14:53:40,277 - INFO -   Visible DIV 3: class='nav-user-info' id='no-id' text='Quantum Toll Authority
superadmin_qm@yopmail.com'
2026-04-03 14:53:40,329 - INFO -   Visible DIV 4: class='uname' id='no-id' text='Quantum Toll Authority'
2026-04-03 14:53:40,386 - INFO -   Visible DIV 5: class='urole' id='no-id' text='superadmin_qm@yopmail.com'
2026-04-03 14:53:40,436 - INFO -   Visible DIV 6: class='main-container' id='no-id' text='dashboard_2
group
decimal_increase
admin_panel_set'
2026-04-03 14:53:40,514 - INFO -   Visible DIV 7: class='inner' id='no-id' text='dashboard_2'
2026-04-03 14:53:40,578 - INFO -   Visible DIV 8: class='inner' id='no-id' text='group'
2026-04-03 14:53:40,655 - INFO -   Visible DIV 9: class='inner' id='no-id' text='decimal_increase'
2026-04-03 14:53:40,741 - INFO -   Visible DIV 10: class='inner' id='no-id' text='admin_panel_settings'
2026-04-03 14:53:40,830 - INFO -   Visible DIV 11: class='inner' id='no-id' text='nest_doorbell_visitor'
2026-04-03 14:53:40,909 - INFO -   Visible DIV 12: class='inner' id='no-id' text='key_visualizer'
2026-04-03 14:53:40,931 - INFO - 
================================================================================

2026-04-03 14:53:40,956 - INFO - Login SUCCESS: Dashboard URL reached.
2026-04-03 14:53:41,487 - INFO - 
================================================================================
2026-04-03 14:53:41,487 - INFO - DOM SNAPSHOT AT STAGE: After_Dashboard_Loaded
2026-04-03 14:53:41,487 - INFO - ================================================================================
2026-04-03 14:53:41,521 - INFO - 
Searching for pop-up elements in page content...
2026-04-03 14:53:41,978 - INFO - Total DIV elements on page: 28
2026-04-03 14:53:42,236 - INFO -   Visible DIV 1: class='header-right' id='no-id' text='English
French
Spanish
Quantum Toll Authority
supe'
2026-04-03 14:53:42,354 - INFO -   Visible DIV 2: class='nav-user' id='no-id' text='Quantum Toll Authority
superadmin_qm@yopmail.com'
2026-04-03 14:53:42,527 - INFO -   Visible DIV 3: class='nav-user-info' id='no-id' text='Quantum Toll Authority
superadmin_qm@yopmail.com'
2026-04-03 14:53:42,626 - INFO -   Visible DIV 4: class='uname' id='no-id' text='Quantum Toll Authority'
2026-04-03 14:53:42,700 - INFO -   Visible DIV 5: class='urole' id='no-id' text='superadmin_qm@yopmail.com'
2026-04-03 14:53:42,780 - INFO -   Visible DIV 6: class='main-container' id='no-id' text='dashboard_2
group
decimal_increase
admin_panel_set'
2026-04-03 14:53:42,854 - INFO -   Visible DIV 7: class='inner' id='no-id' text='dashboard_2'
2026-04-03 14:53:42,940 - INFO -   Visible DIV 8: class='inner' id='no-id' text='group'
2026-04-03 14:53:43,031 - INFO -   Visible DIV 9: class='inner' id='no-id' text='decimal_increase'
2026-04-03 14:53:43,142 - INFO -   Visible DIV 10: class='inner' id='no-id' text='admin_panel_settings'
2026-04-03 14:53:43,233 - INFO -   Visible DIV 11: class='inner' id='no-id' text='nest_doorbell_visitor'
2026-04-03 14:53:43,339 - INFO -   Visible DIV 12: class='inner' id='no-id' text='key_visualizer'
2026-04-03 14:53:43,355 - INFO - 
================================================================================

2026-04-03 14:53:43,601 - INFO - Screenshot captured: reports/RUN_20260403_145330\screenshots\01_Login_Success_Dashboard_145343.png
2026-04-03 14:53:43,601 - INFO - Test case test_user_authentication completed successfully.
2026-04-03 15:14:15,930 - INFO - Test Session Started.
2026-04-03 15:14:16,582 - INFO - Navigating to Login Page: http://operator-qa.qmaastech.com/
2026-04-03 15:14:16,582 - INFO - Navigating to: http://operator-qa.qmaastech.com/
2026-04-03 15:14:19,082 - INFO - Attempting login for user: superadmin_qm@yopmail.com
2026-04-03 15:14:20,822 - INFO - Logging DOM elements BEFORE login click...
2026-04-03 15:14:20,822 - INFO - 
================================================================================
2026-04-03 15:14:20,822 - INFO - DOM SNAPSHOT AT STAGE: Before_Login
2026-04-03 15:14:20,822 - INFO - ================================================================================
2026-04-03 15:14:20,838 - INFO - 
Searching for pop-up elements in page content...
2026-04-03 15:14:21,316 - INFO - Total DIV elements on page: 20
2026-04-03 15:14:21,789 - INFO -   Visible DIV 1: class='hero-pills' id='no-id' text='bolt
Real-time
smart_toy
AI-driven
hub
Multi-agenc'
2026-04-03 15:14:21,959 - INFO -   Visible DIV 2: class='auth-panel' id='no-id' text='Welcome Back

Sign in to your account to continue
'
2026-04-03 15:14:22,072 - INFO -   Visible DIV 3: class='auth-card' id='no-id' text='Welcome Back

Sign in to your account to continue
'
2026-04-03 15:14:22,153 - INFO -   Visible DIV 4: class='auth-step' id='no-id' text='Welcome Back

Sign in to your account to continue
'
2026-04-03 15:14:22,253 - INFO -   Visible DIV 5: class='field-wrap' id='no-id' text='Email ID / Username *
person'
2026-04-03 15:14:22,329 - INFO -   Visible DIV 6: class='input-shell' id='no-id' text='person'
2026-04-03 15:14:22,404 - INFO -   Visible DIV 7: class='field-wrap' id='no-id' text='Password *
lock
visibility_off'
2026-04-03 15:14:22,470 - INFO -   Visible DIV 8: class='input-shell' id='no-id' text='lock
visibility_off'
2026-04-03 15:14:22,545 - INFO -   Visible DIV 9: class='auth-bottom-links' id='no-id' text='New user?  Access Account

Forgot password?'
2026-04-03 15:14:22,577 - INFO - 
================================================================================

2026-04-03 15:14:23,133 - INFO - Login button clicked.
2026-04-03 15:14:23,284 - INFO - Logging DOM elements AFTER login click (pop-up should appear here)...
2026-04-03 15:14:23,284 - INFO - 
================================================================================
2026-04-03 15:14:23,284 - INFO - DOM SNAPSHOT AT STAGE: After_Login_Click
2026-04-03 15:14:23,284 - INFO - ================================================================================
2026-04-03 15:14:23,403 - INFO - 
Searching for pop-up elements in page content...
2026-04-03 15:14:23,796 - INFO -   Element 1:
2026-04-03 15:14:23,796 - INFO -     - Selector: div[class*="success"]
2026-04-03 15:14:23,796 - INFO -     - Visible: True
2026-04-03 15:14:23,796 - INFO -     - Text: Login Successful
2026-04-03 15:14:23,796 - INFO -     - HTML: N/A
2026-04-03 15:14:23,894 - INFO - 
================================================================================

2026-04-03 15:14:24,524 - INFO - Screenshot captured: reports/RUN_20260403_151415\screenshots\02_Just_After_Login_Click_151423.png
2026-04-03 15:14:24,524 - INFO - Executing test_user_authentication...
2026-04-03 15:14:24,526 - INFO - Attempting to verify login pop-up...
2026-04-03 15:14:26,547 - WARNING - Pop-up verification failed (this is expected if pop-up disappears quickly): Timeout 2000ms exceeded.
2026-04-03 15:14:26,547 - INFO - Pop-up was not captured (may have disappeared too quickly)
2026-04-03 15:14:26,547 - INFO - Waiting for dashboard URL...
2026-04-03 15:14:26,547 - INFO - 
================================================================================
2026-04-03 15:14:26,547 - INFO - DOM SNAPSHOT AT STAGE: Before_Dashboard_Navigation
2026-04-03 15:14:26,547 - INFO - ================================================================================
2026-04-03 15:14:26,584 - INFO - 
Searching for pop-up elements in page content...
2026-04-03 15:14:27,116 - INFO - Total DIV elements on page: 28
2026-04-03 15:14:27,433 - INFO -   Visible DIV 1: class='header-right' id='no-id' text='English
French
Spanish
Quantum Toll Authority
supe'
2026-04-03 15:14:27,569 - INFO -   Visible DIV 2: class='nav-user' id='no-id' text='Quantum Toll Authority
superadmin_qm@yopmail.com'
2026-04-03 15:14:27,709 - INFO -   Visible DIV 3: class='nav-user-info' id='no-id' text='Quantum Toll Authority
superadmin_qm@yopmail.com'
2026-04-03 15:14:27,795 - INFO -   Visible DIV 4: class='uname' id='no-id' text='Quantum Toll Authority'
2026-04-03 15:14:27,878 - INFO -   Visible DIV 5: class='urole' id='no-id' text='superadmin_qm@yopmail.com'
2026-04-03 15:14:27,956 - INFO -   Visible DIV 6: class='main-container' id='no-id' text='dashboard_2
group
decimal_increase
admin_panel_set'
2026-04-03 15:14:28,050 - INFO -   Visible DIV 7: class='inner' id='no-id' text='dashboard_2'
2026-04-03 15:14:28,133 - INFO -   Visible DIV 8: class='inner' id='no-id' text='group'
2026-04-03 15:14:28,248 - INFO -   Visible DIV 9: class='inner' id='no-id' text='decimal_increase'
2026-04-03 15:14:28,375 - INFO -   Visible DIV 10: class='inner' id='no-id' text='admin_panel_settings'
2026-04-03 15:14:28,476 - INFO -   Visible DIV 11: class='inner' id='no-id' text='nest_doorbell_visitor'
2026-04-03 15:14:28,602 - INFO -   Visible DIV 12: class='inner' id='no-id' text='key_visualizer'
2026-04-03 15:14:28,624 - INFO - 
================================================================================

2026-04-03 15:14:28,656 - INFO - Login SUCCESS: Dashboard URL reached.
2026-04-03 15:14:29,191 - INFO - 
================================================================================
2026-04-03 15:14:29,191 - INFO - DOM SNAPSHOT AT STAGE: After_Dashboard_Loaded
2026-04-03 15:14:29,191 - INFO - ================================================================================
2026-04-03 15:14:29,207 - INFO - 
Searching for pop-up elements in page content...
2026-04-03 15:14:29,438 - INFO - Total DIV elements on page: 28
2026-04-03 15:14:29,577 - INFO -   Visible DIV 1: class='header-right' id='no-id' text='English
French
Spanish
Quantum Toll Authority
supe'
2026-04-03 15:14:29,640 - INFO -   Visible DIV 2: class='nav-user' id='no-id' text='Quantum Toll Authority
superadmin_qm@yopmail.com'
2026-04-03 15:14:29,727 - INFO -   Visible DIV 3: class='nav-user-info' id='no-id' text='Quantum Toll Authority
superadmin_qm@yopmail.com'
2026-04-03 15:14:29,787 - INFO -   Visible DIV 4: class='uname' id='no-id' text='Quantum Toll Authority'
2026-04-03 15:14:29,853 - INFO -   Visible DIV 5: class='urole' id='no-id' text='superadmin_qm@yopmail.com'
2026-04-03 15:14:29,916 - INFO -   Visible DIV 6: class='main-container' id='no-id' text='dashboard_2
group
decimal_increase
admin_panel_set'
2026-04-03 15:14:29,979 - INFO -   Visible DIV 7: class='inner' id='no-id' text='dashboard_2'
2026-04-03 15:14:30,052 - INFO -   Visible DIV 8: class='inner' id='no-id' text='group'
2026-04-03 15:14:30,127 - INFO -   Visible DIV 9: class='inner' id='no-id' text='decimal_increase'
2026-04-03 15:14:30,215 - INFO -   Visible DIV 10: class='inner' id='no-id' text='admin_panel_settings'
2026-04-03 15:14:30,311 - INFO -   Visible DIV 11: class='inner' id='no-id' text='nest_doorbell_visitor'
2026-04-03 15:14:30,405 - INFO -   Visible DIV 12: class='inner' id='no-id' text='key_visualizer'
2026-04-03 15:14:30,423 - INFO - 
================================================================================

2026-04-03 15:14:30,643 - INFO - Screenshot captured: reports/RUN_20260403_151415\screenshots\01_Login_Success_Dashboard_151430.png
2026-04-03 15:14:30,643 - INFO - Test case test_user_authentication completed successfully.
2026-04-03 17:52:25,979 - INFO - Test Session Started.
2026-04-03 17:52:26,608 - INFO - Navigating to Login Page: http://operator-qa.qmaastech.com/
2026-04-03 17:52:26,608 - INFO - Navigating to: http://operator-qa.qmaastech.com/
2026-04-03 17:52:28,989 - INFO - Attempting login for user: superadmin_qm@yopmail.com
2026-04-03 17:52:30,658 - INFO - Logging DOM elements BEFORE login click...
2026-04-03 17:52:30,658 - INFO - 
================================================================================
2026-04-03 17:52:30,665 - INFO - DOM SNAPSHOT AT STAGE: Before_Login
2026-04-03 17:52:30,665 - INFO - ================================================================================
2026-04-03 17:52:30,722 - INFO - 
Searching for pop-up elements in page content...
2026-04-03 17:52:31,220 - INFO - Total DIV elements on page: 20
2026-04-03 17:52:31,611 - INFO -   Visible DIV 1: class='hero-pills' id='no-id' text='bolt
Real-time
smart_toy
AI-driven
hub
Multi-agenc'
2026-04-03 17:52:31,723 - INFO -   Visible DIV 2: class='auth-panel' id='no-id' text='Welcome Back

Sign in to your account to continue
'
2026-04-03 17:52:31,816 - INFO -   Visible DIV 3: class='auth-card' id='no-id' text='Welcome Back

Sign in to your account to continue
'
2026-04-03 17:52:31,934 - INFO -   Visible DIV 4: class='auth-step' id='no-id' text='Welcome Back

Sign in to your account to continue
'
2026-04-03 17:52:32,061 - INFO -   Visible DIV 5: class='field-wrap' id='no-id' text='Email ID / Username *
person'
2026-04-03 17:52:32,128 - INFO -   Visible DIV 6: class='input-shell' id='no-id' text='person'
2026-04-03 17:52:32,205 - INFO -   Visible DIV 7: class='field-wrap' id='no-id' text='Password *
lock
visibility_off'
2026-04-03 17:52:32,288 - INFO -   Visible DIV 8: class='input-shell' id='no-id' text='lock
visibility_off'
2026-04-03 17:52:32,376 - INFO -   Visible DIV 9: class='auth-bottom-links' id='no-id' text='New user?  Access Account

Forgot password?'
2026-04-03 17:52:32,411 - INFO - 
================================================================================

2026-04-03 17:52:32,992 - INFO - Login button clicked.
2026-04-03 17:52:32,996 - INFO - Taking rapid screenshots to capture pop-up...
2026-04-03 17:52:33,666 - INFO - Screenshot captured: reports/RUN_20260403_175225\screenshots\03_Popup_Immediate_1_175233.png
2026-04-03 17:52:34,073 - INFO - Screenshot captured: reports/RUN_20260403_175225\screenshots\03_Popup_Immediate_2_175233.png
2026-04-03 17:52:34,426 - INFO - Screenshot captured: reports/RUN_20260403_175225\screenshots\03_Popup_Immediate_3_175234.png
2026-04-03 17:52:34,554 - INFO - Logging DOM elements AFTER login click (pop-up should appear here)...
2026-04-03 17:52:34,554 - INFO - 
================================================================================
2026-04-03 17:52:34,554 - INFO - DOM SNAPSHOT AT STAGE: After_Login_Click
2026-04-03 17:52:34,554 - INFO - ================================================================================
2026-04-03 17:52:34,570 - INFO - 
Searching for pop-up elements in page content...
2026-04-03 17:52:34,845 - INFO - Total DIV elements on page: 28
2026-04-03 17:52:35,000 - INFO -   Visible DIV 1: class='header-right' id='no-id' text='English
French
Spanish
Quantum Toll Authority
supe'
2026-04-03 17:52:35,078 - INFO -   Visible DIV 2: class='nav-user' id='no-id' text='Quantum Toll Authority
superadmin_qm@yopmail.com'
2026-04-03 17:52:35,189 - INFO -   Visible DIV 3: class='nav-user-info' id='no-id' text='Quantum Toll Authority
superadmin_qm@yopmail.com'
2026-04-03 17:52:35,279 - INFO -   Visible DIV 4: class='uname' id='no-id' text='Quantum Toll Authority'
2026-04-03 17:52:35,352 - INFO -   Visible DIV 5: class='urole' id='no-id' text='superadmin_qm@yopmail.com'
2026-04-03 17:52:35,428 - INFO -   Visible DIV 6: class='main-container' id='no-id' text='dashboard_2
group
decimal_increase
admin_panel_set'
2026-04-03 17:52:35,500 - INFO -   Visible DIV 7: class='inner' id='no-id' text='dashboard_2'
2026-04-03 17:52:35,583 - INFO -   Visible DIV 8: class='inner' id='no-id' text='group'
2026-04-03 17:52:35,698 - INFO -   Visible DIV 9: class='inner' id='no-id' text='decimal_increase'
2026-04-03 17:52:35,873 - INFO -   Visible DIV 10: class='inner' id='no-id' text='admin_panel_settings'
2026-04-03 17:52:36,011 - INFO -   Visible DIV 11: class='inner' id='no-id' text='nest_doorbell_visitor'
2026-04-03 17:52:36,125 - INFO -   Visible DIV 12: class='inner' id='no-id' text='key_visualizer'
2026-04-03 17:52:36,145 - INFO - 
================================================================================

2026-04-03 17:52:36,714 - INFO - Screenshot captured: reports/RUN_20260403_175225\screenshots\02_Just_After_Login_Click_175236.png
2026-04-03 17:52:36,717 - INFO - Executing test_user_authentication...
2026-04-03 17:52:36,718 - INFO - Checking if pop-up was captured in rapid screenshots...
2026-04-03 17:52:36,718 - INFO - Attempting to verify login pop-up...
2026-04-03 17:52:36,757 - INFO - Pop-up element not currently visible
2026-04-03 17:52:37,289 - WARNING - Pop-up did not appear within 500ms: Timeout 500ms exceeded.
2026-04-03 17:52:38,047 - INFO - Screenshot captured: reports/RUN_20260403_175225\screenshots\04_Popup_Attempted_Capture_175237.png
2026-04-03 17:52:38,048 - INFO - Took final screenshot attempt, even if pop-up not detected
2026-04-03 17:52:38,080 - INFO - Waiting for dashboard URL...
2026-04-03 17:52:38,081 - INFO - 
================================================================================
2026-04-03 17:52:38,081 - INFO - DOM SNAPSHOT AT STAGE: Before_Dashboard_Navigation
2026-04-03 17:52:38,081 - INFO - ================================================================================
2026-04-03 17:52:38,110 - INFO - 
Searching for pop-up elements in page content...
2026-04-03 17:52:38,422 - INFO - Total DIV elements on page: 28
2026-04-03 17:52:38,574 - INFO -   Visible DIV 1: class='header-right' id='no-id' text='English
French
Spanish
Quantum Toll Authority
supe'
2026-04-03 17:52:38,644 - INFO -   Visible DIV 2: class='nav-user' id='no-id' text='Quantum Toll Authority
superadmin_qm@yopmail.com'
2026-04-03 17:52:38,709 - INFO -   Visible DIV 3: class='nav-user-info' id='no-id' text='Quantum Toll Authority
superadmin_qm@yopmail.com'
2026-04-03 17:52:38,772 - INFO -   Visible DIV 4: class='uname' id='no-id' text='Quantum Toll Authority'
2026-04-03 17:52:38,822 - INFO -   Visible DIV 5: class='urole' id='no-id' text='superadmin_qm@yopmail.com'
2026-04-03 17:52:38,870 - INFO -   Visible DIV 6: class='main-container' id='no-id' text='dashboard_2
group
decimal_increase
admin_panel_set'
2026-04-03 17:52:38,917 - INFO -   Visible DIV 7: class='inner' id='no-id' text='dashboard_2'
2026-04-03 17:52:38,967 - INFO -   Visible DIV 8: class='inner' id='no-id' text='group'
2026-04-03 17:52:39,014 - INFO -   Visible DIV 9: class='inner' id='no-id' text='decimal_increase'
2026-04-03 17:52:39,076 - INFO -   Visible DIV 10: class='inner' id='no-id' text='admin_panel_settings'
2026-04-03 17:52:39,144 - INFO -   Visible DIV 11: class='inner' id='no-id' text='nest_doorbell_visitor'
2026-04-03 17:52:39,219 - INFO -   Visible DIV 12: class='inner' id='no-id' text='key_visualizer'
2026-04-03 17:52:39,235 - INFO - 
================================================================================

2026-04-03 17:52:39,247 - INFO - Login SUCCESS: Dashboard URL reached.
2026-04-03 17:52:39,761 - INFO - 
================================================================================
2026-04-03 17:52:39,761 - INFO - DOM SNAPSHOT AT STAGE: After_Dashboard_Loaded
2026-04-03 17:52:39,761 - INFO - ================================================================================
2026-04-03 17:52:39,777 - INFO - 
Searching for pop-up elements in page content...
2026-04-03 17:52:39,948 - INFO - Total DIV elements on page: 28
2026-04-03 17:52:40,091 - INFO -   Visible DIV 1: class='header-right' id='no-id' text='English
French
Spanish
Quantum Toll Authority
supe'
2026-04-03 17:52:40,186 - INFO -   Visible DIV 2: class='nav-user' id='no-id' text='Quantum Toll Authority
superadmin_qm@yopmail.com'
2026-04-03 17:52:40,340 - INFO -   Visible DIV 3: class='nav-user-info' id='no-id' text='Quantum Toll Authority
superadmin_qm@yopmail.com'
2026-04-03 17:52:40,425 - INFO -   Visible DIV 4: class='uname' id='no-id' text='Quantum Toll Authority'
2026-04-03 17:52:40,517 - INFO -   Visible DIV 5: class='urole' id='no-id' text='superadmin_qm@yopmail.com'
2026-04-03 17:52:40,601 - INFO -   Visible DIV 6: class='main-container' id='no-id' text='dashboard_2
group
decimal_increase
admin_panel_set'
2026-04-03 17:52:40,653 - INFO -   Visible DIV 7: class='inner' id='no-id' text='dashboard_2'
2026-04-03 17:52:40,715 - INFO -   Visible DIV 8: class='inner' id='no-id' text='group'
2026-04-03 17:52:40,796 - INFO -   Visible DIV 9: class='inner' id='no-id' text='decimal_increase'
2026-04-03 17:52:40,877 - INFO -   Visible DIV 10: class='inner' id='no-id' text='admin_panel_settings'
2026-04-03 17:52:40,950 - INFO -   Visible DIV 11: class='inner' id='no-id' text='nest_doorbell_visitor'
2026-04-03 17:52:41,050 - INFO -   Visible DIV 12: class='inner' id='no-id' text='key_visualizer'
2026-04-03 17:52:41,070 - INFO - 
================================================================================

2026-04-03 17:52:41,336 - INFO - Screenshot captured: reports/RUN_20260403_175225\screenshots\01_Login_Success_Dashboard_175241.png
2026-04-03 17:52:41,338 - INFO - Test case test_user_authentication completed successfully.
2026-04-03 18:09:25,205 - INFO - Test Session Started.
2026-04-03 18:09:25,856 - INFO - Navigating to Login Page: http://operator-qa.qmaastech.com/
2026-04-03 18:09:25,856 - INFO - Navigating to: http://operator-qa.qmaastech.com/
2026-04-03 18:09:28,106 - INFO - Attempting login for user: superadmin_qm@yopmail.com
2026-04-03 18:09:29,746 - INFO - Logging DOM elements BEFORE login click...
2026-04-03 18:09:29,747 - INFO - 
================================================================================
2026-04-03 18:09:29,747 - INFO - DOM SNAPSHOT AT STAGE: Before_Login
2026-04-03 18:09:29,747 - INFO - ================================================================================
2026-04-03 18:09:29,786 - INFO - 
Searching for pop-up elements in page content...
2026-04-03 18:09:30,148 - INFO - Total DIV elements on page: 20
2026-04-03 18:09:30,623 - INFO -   Visible DIV 1: class='hero-pills' id='no-id' text='bolt
Real-time
smart_toy
AI-driven
hub
Multi-agenc'
2026-04-03 18:09:30,735 - INFO -   Visible DIV 2: class='auth-panel' id='no-id' text='Welcome Back

Sign in to your account to continue
'
2026-04-03 18:09:30,828 - INFO -   Visible DIV 3: class='auth-card' id='no-id' text='Welcome Back

Sign in to your account to continue
'
2026-04-03 18:09:30,931 - INFO -   Visible DIV 4: class='auth-step' id='no-id' text='Welcome Back

Sign in to your account to continue
'
2026-04-03 18:09:31,041 - INFO -   Visible DIV 5: class='field-wrap' id='no-id' text='Email ID / Username *
person'
2026-04-03 18:09:31,111 - INFO -   Visible DIV 6: class='input-shell' id='no-id' text='person'
2026-04-03 18:09:31,171 - INFO -   Visible DIV 7: class='field-wrap' id='no-id' text='Password *
lock
visibility_off'
2026-04-03 18:09:31,233 - INFO -   Visible DIV 8: class='input-shell' id='no-id' text='lock
visibility_off'
2026-04-03 18:09:31,282 - INFO -   Visible DIV 9: class='auth-bottom-links' id='no-id' text='New user?  Access Account

Forgot password?'
2026-04-03 18:09:31,308 - INFO - 
================================================================================

2026-04-03 18:09:31,864 - INFO - Login button clicked.
2026-04-03 18:09:31,867 - INFO - Taking rapid screenshots to capture pop-up...
2026-04-03 18:09:32,526 - INFO - Screenshot captured: reports/RUN_20260403_180925\screenshots\03_Popup_Immediate_1_180931.png
2026-04-03 18:09:32,943 - INFO - Screenshot captured: reports/RUN_20260403_180925\screenshots\03_Popup_Immediate_2_180932.png
2026-04-03 18:09:33,295 - INFO - Screenshot captured: reports/RUN_20260403_180925\screenshots\03_Popup_Immediate_3_180933.png
2026-04-03 18:09:33,428 - INFO - Logging DOM elements AFTER login click (pop-up should appear here)...
2026-04-03 18:09:33,428 - INFO - 
================================================================================
2026-04-03 18:09:33,428 - INFO - DOM SNAPSHOT AT STAGE: After_Login_Click
2026-04-03 18:09:33,428 - INFO - ================================================================================
2026-04-03 18:09:33,451 - INFO - 
Searching for pop-up elements in page content...
2026-04-03 18:09:33,726 - INFO - Total DIV elements on page: 28
2026-04-03 18:09:33,884 - INFO -   Visible DIV 1: class='header-right' id='no-id' text='English
French
Spanish
Quantum Toll Authority
supe'
2026-04-03 18:09:33,963 - INFO -   Visible DIV 2: class='nav-user' id='no-id' text='Quantum Toll Authority
superadmin_qm@yopmail.com'
2026-04-03 18:09:34,060 - INFO -   Visible DIV 3: class='nav-user-info' id='no-id' text='Quantum Toll Authority
superadmin_qm@yopmail.com'
2026-04-03 18:09:34,139 - INFO -   Visible DIV 4: class='uname' id='no-id' text='Quantum Toll Authority'
2026-04-03 18:09:34,210 - INFO -   Visible DIV 5: class='urole' id='no-id' text='superadmin_qm@yopmail.com'
2026-04-03 18:09:34,289 - INFO -   Visible DIV 6: class='main-container' id='no-id' text='dashboard_2
group
decimal_increase
admin_panel_set'
2026-04-03 18:09:34,349 - INFO -   Visible DIV 7: class='inner' id='no-id' text='dashboard_2'
2026-04-03 18:09:34,422 - INFO -   Visible DIV 8: class='inner' id='no-id' text='group'
2026-04-03 18:09:34,524 - INFO -   Visible DIV 9: class='inner' id='no-id' text='decimal_increase'
2026-04-03 18:09:34,694 - INFO -   Visible DIV 10: class='inner' id='no-id' text='admin_panel_settings'
2026-04-03 18:09:34,854 - INFO -   Visible DIV 11: class='inner' id='no-id' text='nest_doorbell_visitor'
2026-04-03 18:09:34,964 - INFO -   Visible DIV 12: class='inner' id='no-id' text='key_visualizer'
2026-04-03 18:09:34,987 - INFO - 
================================================================================

2026-04-03 18:09:35,629 - INFO - Screenshot captured: reports/RUN_20260403_180925\screenshots\02_Just_After_Login_Click_180934.png
2026-04-03 18:09:35,633 - INFO - Executing test_user_authentication...
2026-04-03 18:09:35,635 - INFO - Checking if pop-up was captured in rapid screenshots...
2026-04-03 18:09:35,636 - INFO - Attempting to verify login pop-up...
2026-04-03 18:09:35,669 - INFO - Pop-up element not currently visible
2026-04-03 18:09:36,199 - WARNING - Pop-up did not appear within 500ms: Timeout 500ms exceeded.
2026-04-03 18:09:37,240 - INFO - Screenshot captured: reports/RUN_20260403_180925\screenshots\04_Popup_Attempted_Capture_180936.png
2026-04-03 18:09:37,241 - INFO - Took final screenshot attempt, even if pop-up not detected
2026-04-03 18:09:37,293 - INFO - 
================================================================================
2026-04-03 18:09:37,293 - INFO - PERFORMING COMPREHENSIVE POP-UP VALIDATION
2026-04-03 18:09:37,293 - INFO - ================================================================================

2026-04-03 18:09:37,294 - INFO - 
================================================================================
2026-04-03 18:09:37,294 - INFO - STARTING COMPREHENSIVE POP-UP VALIDATION
2026-04-03 18:09:37,295 - INFO - ================================================================================
2026-04-03 18:09:37,313 - ERROR - VALIDATION FAILED: Pop-up element not found!
2026-04-03 18:09:37,321 - WARNING -   Please review the detailed validation logs above
2026-04-03 18:09:37,322 - INFO - Waiting for dashboard URL...
2026-04-03 18:09:37,322 - INFO - 
================================================================================
2026-04-03 18:09:37,322 - INFO - DOM SNAPSHOT AT STAGE: Before_Dashboard_Navigation
2026-04-03 18:09:37,322 - INFO - ================================================================================
2026-04-03 18:09:37,343 - INFO - 
Searching for pop-up elements in page content...
2026-04-03 18:09:37,619 - INFO - Total DIV elements on page: 28
2026-04-03 18:09:37,732 - INFO -   Visible DIV 1: class='header-right' id='no-id' text='English
French
Spanish
Quantum Toll Authority
supe'
2026-04-03 18:09:37,791 - INFO -   Visible DIV 2: class='nav-user' id='no-id' text='Quantum Toll Authority
superadmin_qm@yopmail.com'
2026-04-03 18:09:37,874 - INFO -   Visible DIV 3: class='nav-user-info' id='no-id' text='Quantum Toll Authority
superadmin_qm@yopmail.com'
2026-04-03 18:09:37,917 - INFO -   Visible DIV 4: class='uname' id='no-id' text='Quantum Toll Authority'
2026-04-03 18:09:37,981 - INFO -   Visible DIV 5: class='urole' id='no-id' text='superadmin_qm@yopmail.com'
2026-04-03 18:09:38,042 - INFO -   Visible DIV 6: class='main-container' id='no-id' text='dashboard_2
group
decimal_increase
admin_panel_set'
2026-04-03 18:09:38,108 - INFO -   Visible DIV 7: class='inner' id='no-id' text='dashboard_2'
2026-04-03 18:09:38,179 - INFO -   Visible DIV 8: class='inner' id='no-id' text='group'
2026-04-03 18:09:38,288 - INFO -   Visible DIV 9: class='inner' id='no-id' text='decimal_increase'
2026-04-03 18:09:38,367 - INFO -   Visible DIV 10: class='inner' id='no-id' text='admin_panel_settings'
2026-04-03 18:09:38,446 - INFO -   Visible DIV 11: class='inner' id='no-id' text='nest_doorbell_visitor'
2026-04-03 18:09:38,562 - INFO -   Visible DIV 12: class='inner' id='no-id' text='key_visualizer'
2026-04-03 18:09:38,578 - INFO - 
================================================================================

2026-04-03 18:09:38,599 - INFO - Login SUCCESS: Dashboard URL reached.
2026-04-03 18:09:39,115 - INFO - 
================================================================================
2026-04-03 18:09:39,115 - INFO - DOM SNAPSHOT AT STAGE: After_Dashboard_Loaded
2026-04-03 18:09:39,115 - INFO - ================================================================================
2026-04-03 18:09:39,131 - INFO - 
Searching for pop-up elements in page content...
2026-04-03 18:09:39,381 - INFO - Total DIV elements on page: 28
2026-04-03 18:09:39,501 - INFO -   Visible DIV 1: class='header-right' id='no-id' text='English
French
Spanish
Quantum Toll Authority
supe'
2026-04-03 18:09:39,546 - INFO -   Visible DIV 2: class='nav-user' id='no-id' text='Quantum Toll Authority
superadmin_qm@yopmail.com'
2026-04-03 18:09:39,640 - INFO -   Visible DIV 3: class='nav-user-info' id='no-id' text='Quantum Toll Authority
superadmin_qm@yopmail.com'
2026-04-03 18:09:39,691 - INFO -   Visible DIV 4: class='uname' id='no-id' text='Quantum Toll Authority'
2026-04-03 18:09:39,752 - INFO -   Visible DIV 5: class='urole' id='no-id' text='superadmin_qm@yopmail.com'
2026-04-03 18:09:39,830 - INFO -   Visible DIV 6: class='main-container' id='no-id' text='dashboard_2
group
decimal_increase
admin_panel_set'
2026-04-03 18:09:39,936 - INFO -   Visible DIV 7: class='inner' id='no-id' text='dashboard_2'
2026-04-03 18:09:40,031 - INFO -   Visible DIV 8: class='inner' id='no-id' text='group'
2026-04-03 18:09:40,132 - INFO -   Visible DIV 9: class='inner' id='no-id' text='decimal_increase'
2026-04-03 18:09:40,228 - INFO -   Visible DIV 10: class='inner' id='no-id' text='admin_panel_settings'
2026-04-03 18:09:40,324 - INFO -   Visible DIV 11: class='inner' id='no-id' text='nest_doorbell_visitor'
2026-04-03 18:09:40,404 - INFO -   Visible DIV 12: class='inner' id='no-id' text='key_visualizer'
2026-04-03 18:09:40,436 - INFO - 
================================================================================

2026-04-03 18:09:40,702 - INFO - Screenshot captured: reports/RUN_20260403_180925\screenshots\01_Login_Success_Dashboard_180940.png
2026-04-03 18:09:40,702 - INFO - Test case test_user_authentication completed successfully.
2026-04-03 18:16:22,758 - INFO - Test Session Started.
2026-04-03 18:16:23,342 - INFO - Navigating to Login Page: http://operator-qa.qmaastech.com/
2026-04-03 18:16:23,344 - INFO - Navigating to: http://operator-qa.qmaastech.com/
2026-04-03 18:16:26,611 - INFO - Attempting login for user: superadmin_qm@yopmail.com
2026-04-03 18:16:28,265 - INFO - Logging DOM elements BEFORE login click...
2026-04-03 18:16:28,265 - INFO - 
================================================================================
2026-04-03 18:16:28,265 - INFO - DOM SNAPSHOT AT STAGE: Before_Login
2026-04-03 18:16:28,265 - INFO - ================================================================================
2026-04-03 18:16:28,284 - INFO - 
Searching for pop-up elements in page content...
2026-04-03 18:16:28,755 - INFO - Total DIV elements on page: 20
2026-04-03 18:16:29,162 - INFO -   Visible DIV 1: class='hero-pills' id='no-id' text='bolt
Real-time
smart_toy
AI-driven
hub
Multi-agenc'
2026-04-03 18:16:29,304 - INFO -   Visible DIV 2: class='auth-panel' id='no-id' text='Welcome Back

Sign in to your account to continue
'
2026-04-03 18:16:29,395 - INFO -   Visible DIV 3: class='auth-card' id='no-id' text='Welcome Back

Sign in to your account to continue
'
2026-04-03 18:16:29,456 - INFO -   Visible DIV 4: class='auth-step' id='no-id' text='Welcome Back

Sign in to your account to continue
'
2026-04-03 18:16:29,582 - INFO -   Visible DIV 5: class='field-wrap' id='no-id' text='Email ID / Username *
person'
2026-04-03 18:16:29,650 - INFO -   Visible DIV 6: class='input-shell' id='no-id' text='person'
2026-04-03 18:16:29,731 - INFO -   Visible DIV 7: class='field-wrap' id='no-id' text='Password *
lock
visibility_off'
2026-04-03 18:16:29,804 - INFO -   Visible DIV 8: class='input-shell' id='no-id' text='lock
visibility_off'
2026-04-03 18:16:29,868 - INFO -   Visible DIV 9: class='auth-bottom-links' id='no-id' text='New user?  Access Account

Forgot password?'
2026-04-03 18:16:29,921 - INFO - 
================================================================================

2026-04-03 18:16:30,497 - INFO - Login button clicked.
2026-04-03 18:16:30,500 - INFO - Taking rapid screenshots and validating pop-up...
2026-04-03 18:16:31,267 - INFO - Screenshot captured: reports/RUN_20260403_181622\screenshots\03_Popup_Immediate_1_181630.png
2026-04-03 18:16:31,267 - INFO - Screenshot 1 captured - Attempting validation...
2026-04-03 18:16:31,267 - INFO - 
================================================================================
2026-04-03 18:16:31,267 - INFO - STARTING COMPREHENSIVE POP-UP VALIDATION
2026-04-03 18:16:31,267 - INFO - ================================================================================
2026-04-03 18:16:31,298 - INFO - 
[VALIDATION 1] Checking Pop-up Visibility...
2026-04-03 18:16:31,309 - INFO -   Visibility Status: True
2026-04-03 18:16:31,309 - INFO -   PASSED: Pop-up is visible
2026-04-03 18:16:31,309 - INFO - 
[VALIDATION 2] Extracting and Validating Text Content...
2026-04-03 18:16:31,325 - INFO -   Extracted Text: 'Login Successful'
2026-04-03 18:16:31,325 - INFO -   PASSED: Text matches exactly: 'Login Successful'
2026-04-03 18:16:31,325 - INFO - 
[VALIDATION 3] Checking for Typos...
2026-04-03 18:16:31,325 - INFO -   PASSED: No known typos detected
2026-04-03 18:16:31,325 - INFO - 
[VALIDATION 4] Extracting CSS Classes and Attributes...
2026-04-03 18:16:31,357 - INFO -   CSS Classes: snackbar success-snackbar
2026-04-03 18:16:31,357 - INFO -   PASSED: 'success' class is present
2026-04-03 18:16:31,357 - INFO - 
[VALIDATION 5] Checking Element Properties...
2026-04-03 18:16:31,420 - INFO -   ID: Not set
2026-04-03 18:16:31,420 - INFO -   Data-TestID: Not set
2026-04-03 18:16:31,420 - INFO -   Role: Not set
2026-04-03 18:16:31,420 - INFO -   ARIA Label: Not set
2026-04-03 18:16:31,420 - INFO - 
[VALIDATION 6] Checking Position and Size...
2026-04-03 18:16:31,436 - INFO -   X: 1210, Y: 20
2026-04-03 18:16:31,436 - INFO -   Width: 250, Height: 43.5
2026-04-03 18:16:31,436 - INFO -   PASSED: Element has valid dimensions
2026-04-03 18:16:31,436 - INFO - 
[VALIDATION 7] Checking Computed Styles...
2026-04-03 18:16:31,468 - INFO -   Display: block
2026-04-03 18:16:31,468 - INFO -   Opacity: 1
2026-04-03 18:16:31,468 - INFO -   PASSED: Element is displayed with proper opacity
2026-04-03 18:16:31,468 - INFO - 
================================================================================
2026-04-03 18:16:31,468 - INFO - POP-UP VALIDATION SUMMARY
2026-04-03 18:16:31,468 - INFO - ================================================================================
2026-04-03 18:16:31,468 - INFO -   Visibility: PASSED
2026-04-03 18:16:31,468 - INFO -   Text Match: PASSED
2026-04-03 18:16:31,468 - INFO -   Typo Check: PASSED
2026-04-03 18:16:31,475 - INFO -   CSS Classes: Present
2026-04-03 18:16:31,475 - INFO -   Position & Size: Valid
2026-04-03 18:16:31,475 - INFO -   Computed Styles: Valid
2026-04-03 18:16:31,475 - INFO - ================================================================================

2026-04-03 18:16:31,851 - INFO - Screenshot captured: reports/RUN_20260403_181622\screenshots\03_Popup_Immediate_2_181631.png
2026-04-03 18:16:31,851 - INFO - Screenshot 2 captured - Attempting validation...
2026-04-03 18:16:31,852 - INFO - 
================================================================================
2026-04-03 18:16:31,852 - INFO - STARTING COMPREHENSIVE POP-UP VALIDATION
2026-04-03 18:16:31,853 - INFO - ================================================================================
2026-04-03 18:16:31,875 - ERROR - VALIDATION FAILED: Pop-up element not found!
2026-04-03 18:16:33,142 - INFO - Screenshot captured: reports/RUN_20260403_181622\screenshots\03_Popup_Immediate_3_181631.png
2026-04-03 18:16:33,144 - INFO - Screenshot 3 captured - Attempting validation...
2026-04-03 18:16:33,144 - INFO - 
================================================================================
2026-04-03 18:16:33,145 - INFO - STARTING COMPREHENSIVE POP-UP VALIDATION
2026-04-03 18:16:33,145 - INFO - ================================================================================
2026-04-03 18:16:33,176 - ERROR - VALIDATION FAILED: Pop-up element not found!
2026-04-03 18:16:33,307 - INFO - Logging DOM elements AFTER login click (pop-up should appear here)...
2026-04-03 18:16:33,307 - INFO - 
================================================================================
2026-04-03 18:16:33,307 - INFO - DOM SNAPSHOT AT STAGE: After_Login_Click
2026-04-03 18:16:33,307 - INFO - ================================================================================
2026-04-03 18:16:33,330 - INFO - 
Searching for pop-up elements in page content...
2026-04-03 18:16:33,715 - INFO - Total DIV elements on page: 28
2026-04-03 18:16:33,956 - INFO -   Visible DIV 1: class='header-right' id='no-id' text='English
French
Spanish
Quantum Toll Authority
supe'
2026-04-03 18:16:34,070 - INFO -   Visible DIV 2: class='nav-user' id='no-id' text='Quantum Toll Authority
superadmin_qm@yopmail.com'
2026-04-03 18:16:34,269 - INFO -   Visible DIV 3: class='nav-user-info' id='no-id' text='Quantum Toll Authority
superadmin_qm@yopmail.com'
2026-04-03 18:16:34,396 - INFO -   Visible DIV 4: class='uname' id='no-id' text='Quantum Toll Authority'
2026-04-03 18:16:34,550 - INFO -   Visible DIV 5: class='urole' id='no-id' text='superadmin_qm@yopmail.com'
2026-04-03 18:16:34,688 - INFO -   Visible DIV 6: class='main-container' id='no-id' text='dashboard_2
group
decimal_increase
admin_panel_set'
2026-04-03 18:16:34,801 - INFO -   Visible DIV 7: class='inner' id='no-id' text='dashboard_2'
2026-04-03 18:16:34,881 - INFO -   Visible DIV 8: class='inner' id='no-id' text='group'
2026-04-03 18:16:35,001 - INFO -   Visible DIV 9: class='inner' id='no-id' text='decimal_increase'
2026-04-03 18:16:35,111 - INFO -   Visible DIV 10: class='inner' id='no-id' text='admin_panel_settings'
2026-04-03 18:16:35,218 - INFO -   Visible DIV 11: class='inner' id='no-id' text='nest_doorbell_visitor'
2026-04-03 18:16:35,309 - INFO -   Visible DIV 12: class='inner' id='no-id' text='key_visualizer'
2026-04-03 18:16:35,327 - INFO - 
================================================================================

2026-04-03 18:16:35,843 - INFO - Screenshot captured: reports/RUN_20260403_181622\screenshots\02_Just_After_Login_Click_181635.png
2026-04-03 18:16:35,845 - INFO - Executing test_user_authentication...
2026-04-03 18:16:35,845 - INFO - Pop-up capture and validation completed in login fixture
2026-04-03 18:16:35,845 - INFO - Waiting for dashboard URL...
2026-04-03 18:16:35,846 - INFO - 
================================================================================
2026-04-03 18:16:35,846 - INFO - DOM SNAPSHOT AT STAGE: Before_Dashboard_Navigation
2026-04-03 18:16:35,846 - INFO - ================================================================================
2026-04-03 18:16:35,875 - INFO - 
Searching for pop-up elements in page content...
2026-04-03 18:16:36,198 - INFO - Total DIV elements on page: 28
2026-04-03 18:16:36,326 - INFO -   Visible DIV 1: class='header-right' id='no-id' text='English
French
Spanish
Quantum Toll Authority
supe'
2026-04-03 18:16:36,385 - INFO -   Visible DIV 2: class='nav-user' id='no-id' text='Quantum Toll Authority
superadmin_qm@yopmail.com'
2026-04-03 18:16:36,465 - INFO -   Visible DIV 3: class='nav-user-info' id='no-id' text='Quantum Toll Authority
superadmin_qm@yopmail.com'
2026-04-03 18:16:36,513 - INFO -   Visible DIV 4: class='uname' id='no-id' text='Quantum Toll Authority'
2026-04-03 18:16:36,561 - INFO -   Visible DIV 5: class='urole' id='no-id' text='superadmin_qm@yopmail.com'
2026-04-03 18:16:36,624 - INFO -   Visible DIV 6: class='main-container' id='no-id' text='dashboard_2
group
decimal_increase
admin_panel_set'
2026-04-03 18:16:36,688 - INFO -   Visible DIV 7: class='inner' id='no-id' text='dashboard_2'
2026-04-03 18:16:36,738 - INFO -   Visible DIV 8: class='inner' id='no-id' text='group'
2026-04-03 18:16:36,816 - INFO -   Visible DIV 9: class='inner' id='no-id' text='decimal_increase'
2026-04-03 18:16:36,895 - INFO -   Visible DIV 10: class='inner' id='no-id' text='admin_panel_settings'
2026-04-03 18:16:36,959 - INFO -   Visible DIV 11: class='inner' id='no-id' text='nest_doorbell_visitor'
2026-04-03 18:16:37,038 - INFO -   Visible DIV 12: class='inner' id='no-id' text='key_visualizer'
2026-04-03 18:16:37,067 - INFO - 
================================================================================

2026-04-03 18:16:37,103 - INFO - Login SUCCESS: Dashboard URL reached.
2026-04-03 18:16:37,619 - INFO - 
================================================================================
2026-04-03 18:16:37,619 - INFO - DOM SNAPSHOT AT STAGE: After_Dashboard_Loaded
2026-04-03 18:16:37,619 - INFO - ================================================================================
2026-04-03 18:16:37,635 - INFO - 
Searching for pop-up elements in page content...
2026-04-03 18:16:37,905 - INFO - Total DIV elements on page: 28
2026-04-03 18:16:38,032 - INFO -   Visible DIV 1: class='header-right' id='no-id' text='English
French
Spanish
Quantum Toll Authority
supe'
2026-04-03 18:16:38,114 - INFO -   Visible DIV 2: class='nav-user' id='no-id' text='Quantum Toll Authority
superadmin_qm@yopmail.com'
2026-04-03 18:16:38,225 - INFO -   Visible DIV 3: class='nav-user-info' id='no-id' text='Quantum Toll Authority
superadmin_qm@yopmail.com'
2026-04-03 18:16:38,301 - INFO -   Visible DIV 4: class='uname' id='no-id' text='Quantum Toll Authority'
2026-04-03 18:16:38,372 - INFO -   Visible DIV 5: class='urole' id='no-id' text='superadmin_qm@yopmail.com'
2026-04-03 18:16:38,464 - INFO -   Visible DIV 6: class='main-container' id='no-id' text='dashboard_2
group
decimal_increase
admin_panel_set'
2026-04-03 18:16:38,580 - INFO -   Visible DIV 7: class='inner' id='no-id' text='dashboard_2'
2026-04-03 18:16:38,650 - INFO -   Visible DIV 8: class='inner' id='no-id' text='group'
2026-04-03 18:16:38,775 - INFO -   Visible DIV 9: class='inner' id='no-id' text='decimal_increase'
2026-04-03 18:16:38,895 - INFO -   Visible DIV 10: class='inner' id='no-id' text='admin_panel_settings'
2026-04-03 18:16:38,995 - INFO -   Visible DIV 11: class='inner' id='no-id' text='nest_doorbell_visitor'
2026-04-03 18:16:39,090 - INFO -   Visible DIV 12: class='inner' id='no-id' text='key_visualizer'
2026-04-03 18:16:39,110 - INFO - 
================================================================================

2026-04-03 18:16:39,425 - INFO - Screenshot captured: reports/RUN_20260403_181622\screenshots\01_Login_Success_Dashboard_181639.png
2026-04-03 18:16:39,425 - INFO - Test case test_user_authentication completed successfully.
