2026-04-28 17:22:38,564 - INFO - Navigating to Login Page: http://operator-qa.qmaastech.com/
2026-04-28 17:22:38,566 - INFO - Navigating to: http://operator-qa.qmaastech.com/
2026-04-28 17:22:41,880 - INFO - Attempting login for user: superadmin_qm@yopmail.com
2026-04-28 17:22:43,579 - INFO - Logging DOM elements BEFORE login click...
2026-04-28 17:22:43,579 - INFO - 
================================================================================
2026-04-28 17:22:43,580 - INFO - DOM SNAPSHOT AT STAGE: Before_Login
2026-04-28 17:22:43,581 - INFO - ================================================================================
2026-04-28 17:22:43,612 - INFO - 
Searching for pop-up elements in page content...
2026-04-28 17:22:43,916 - WARNING - ⚠ No known pop-up selectors found. Checking all visible divs...
2026-04-28 17:22:43,976 - INFO - Total DIV elements on page: 21
2026-04-28 17:22:44,469 - INFO -   Visible DIV 1: class='hero-pills' id='no-id' text='bolt
Real-time
smart_toy
AI-driven
hub
Multi-agenc'
2026-04-28 17:22:44,642 - INFO -   Visible DIV 2: class='auth-panel' id='no-id' text='Welcome Back

Sign in to your account to continue
'
2026-04-28 17:22:44,733 - INFO -   Visible DIV 3: class='auth-card' id='no-id' text='Welcome Back

Sign in to your account to continue
'
2026-04-28 17:22:44,818 - INFO -   Visible DIV 4: class='auth-step' id='no-id' text='Welcome Back

Sign in to your account to continue
'
2026-04-28 17:22:44,930 - INFO -   Visible DIV 5: class='field-wrap' id='no-id' text='Email ID / Username *
person'
2026-04-28 17:22:45,013 - INFO -   Visible DIV 6: class='input-shell' id='no-id' text='person'
2026-04-28 17:22:45,100 - INFO -   Visible DIV 7: class='field-wrap' id='no-id' text='Password *
lock
visibility_off'
2026-04-28 17:22:45,180 - INFO -   Visible DIV 8: class='input-shell' id='no-id' text='lock
visibility_off'
2026-04-28 17:22:45,261 - INFO -   Visible DIV 9: class='auth-bottom-links' id='no-id' text='New user?  Access Account

Forgot password?'
2026-04-28 17:22:45,303 - INFO - 
================================================================================

2026-04-28 17:22:45,878 - INFO - Login button clicked.
2026-04-28 17:22:45,878 - INFO - Taking rapid screenshots and validating pop-up...
2026-04-28 17:22:46,389 - INFO - Screenshot captured: reports\RUN_20260428_172232\screenshots\03_Popup_Immediate_1_172245.png
2026-04-28 17:22:46,390 - INFO - Screenshot 1 captured - Attempting validation...
2026-04-28 17:22:46,390 - INFO - 
================================================================================
2026-04-28 17:22:46,391 - INFO - STARTING COMPREHENSIVE POP-UP VALIDATION
2026-04-28 17:22:46,391 - INFO - ================================================================================
2026-04-28 17:22:46,420 - INFO - 
[VALIDATION 1] Checking Pop-up Visibility...
2026-04-28 17:22:46,448 - INFO -   Visibility Status: True
2026-04-28 17:22:46,448 - INFO -   PASSED: Pop-up is visible
2026-04-28 17:22:46,450 - INFO - 
[VALIDATION 2] Extracting and Validating Text Content...
2026-04-28 17:22:46,476 - INFO -   Extracted Text: 'Login Successful'
2026-04-28 17:22:46,477 - INFO -   PASSED: Text matches exactly: 'Login Successful'
2026-04-28 17:22:46,477 - INFO - 
[VALIDATION 3] Checking for Typos...
2026-04-28 17:22:46,477 - INFO -   PASSED: No known typos detected
2026-04-28 17:22:46,478 - INFO - 
[VALIDATION 4] Extracting CSS Classes and Attributes...
2026-04-28 17:22:46,501 - INFO -   CSS Classes: snackbar success-snackbar
2026-04-28 17:22:46,502 - INFO -   PASSED: 'success' class is present
2026-04-28 17:22:46,502 - INFO - 
[VALIDATION 5] Checking Element Properties...
2026-04-28 17:22:46,585 - INFO -   ID: Not set
2026-04-28 17:22:46,585 - INFO -   Data-TestID: Not set
2026-04-28 17:22:46,586 - INFO -   Role: Not set
2026-04-28 17:22:46,586 - INFO -   ARIA Label: Not set
2026-04-28 17:22:46,587 - INFO - 
[VALIDATION 6] Checking Position and Size...
2026-04-28 17:22:46,603 - INFO -   X: 1230, Y: 20
2026-04-28 17:22:46,604 - INFO -   Width: 250, Height: 43.5
2026-04-28 17:22:46,604 - INFO -   PASSED: Element has valid dimensions
2026-04-28 17:22:46,605 - INFO - 
[VALIDATION 7] Checking Computed Styles...
2026-04-28 17:22:46,642 - INFO -   Display: block
2026-04-28 17:22:46,643 - INFO -   Opacity: 1
2026-04-28 17:22:46,644 - INFO -   PASSED: Element is displayed with proper opacity
2026-04-28 17:22:46,644 - INFO - 
================================================================================
2026-04-28 17:22:46,644 - INFO - POP-UP VALIDATION SUMMARY
2026-04-28 17:22:46,644 - INFO - ================================================================================
2026-04-28 17:22:46,645 - INFO -   Visibility: PASSED
2026-04-28 17:22:46,645 - INFO -   Text Match: PASSED
2026-04-28 17:22:46,645 - INFO -   Typo Check: PASSED
2026-04-28 17:22:46,646 - INFO -   CSS Classes: Present
2026-04-28 17:22:46,646 - INFO -   Position & Size: Valid
2026-04-28 17:22:46,646 - INFO -   Computed Styles: Valid
2026-04-28 17:22:46,647 - INFO - ================================================================================

2026-04-28 17:22:46,647 - INFO - ✓ ALL VALIDATIONS PASSED - Pop-up is working correctly!
2026-04-28 17:22:46,990 - INFO - Screenshot captured: reports\RUN_20260428_172232\screenshots\03_Popup_Immediate_2_172246.png
2026-04-28 17:22:46,991 - INFO - Screenshot 2 captured - Attempting validation...
2026-04-28 17:22:46,992 - INFO - 
================================================================================
2026-04-28 17:22:46,994 - INFO - STARTING COMPREHENSIVE POP-UP VALIDATION
2026-04-28 17:22:46,994 - INFO - ================================================================================
2026-04-28 17:22:47,099 - ERROR - VALIDATION FAILED: Pop-up element not found!
2026-04-28 17:22:48,729 - INFO - Screenshot captured: reports\RUN_20260428_172232\screenshots\03_Popup_Immediate_3_172247.png
2026-04-28 17:22:48,731 - INFO - Screenshot 3 captured - Attempting validation...
2026-04-28 17:22:48,732 - INFO - 
================================================================================
2026-04-28 17:22:48,733 - INFO - STARTING COMPREHENSIVE POP-UP VALIDATION
2026-04-28 17:22:48,733 - INFO - ================================================================================
2026-04-28 17:22:48,766 - ERROR - VALIDATION FAILED: Pop-up element not found!
2026-04-28 17:22:48,892 - INFO - Logging DOM elements AFTER login click (pop-up should appear here)...
2026-04-28 17:22:48,893 - INFO - 
================================================================================
2026-04-28 17:22:48,893 - INFO - DOM SNAPSHOT AT STAGE: After_Login_Click
2026-04-28 17:22:48,893 - INFO - ================================================================================
2026-04-28 17:22:48,927 - INFO - 
Searching for pop-up elements in page content...
2026-04-28 17:22:49,271 - WARNING - ⚠ No known pop-up selectors found. Checking all visible divs...
2026-04-28 17:22:49,334 - INFO - Total DIV elements on page: 29
2026-04-28 17:22:49,572 - INFO -   Visible DIV 1: class='header-right' id='no-id' text='English
French
Spanish
Quantum Toll Authority
supe'
2026-04-28 17:22:49,699 - INFO -   Visible DIV 2: class='nav-user' id='no-id' text='Quantum Toll Authority
superadmin_qm@yopmail.com'
2026-04-28 17:22:49,871 - INFO -   Visible DIV 3: class='nav-user-info' id='no-id' text='Quantum Toll Authority
superadmin_qm@yopmail.com'
2026-04-28 17:22:49,994 - INFO -   Visible DIV 4: class='uname' id='no-id' text='Quantum Toll Authority'
2026-04-28 17:22:50,083 - INFO -   Visible DIV 5: class='urole' id='no-id' text='superadmin_qm@yopmail.com'
2026-04-28 17:22:50,197 - INFO -   Visible DIV 6: class='main-container' id='no-id' text='dashboard_2
group
decimal_increase
admin_panel_set'
2026-04-28 17:22:50,291 - INFO -   Visible DIV 7: class='inner' id='no-id' text='dashboard_2'
2026-04-28 17:22:50,381 - INFO -   Visible DIV 8: class='inner' id='no-id' text='group'
2026-04-28 17:22:50,494 - INFO -   Visible DIV 9: class='inner' id='no-id' text='decimal_increase'
2026-04-28 17:22:50,615 - INFO -   Visible DIV 10: class='inner' id='no-id' text='admin_panel_settings'
2026-04-28 17:22:50,733 - INFO -   Visible DIV 11: class='inner' id='no-id' text='nest_doorbell_visitor'
2026-04-28 17:22:50,834 - INFO -   Visible DIV 12: class='inner' id='no-id' text='key_visualizer'
2026-04-28 17:22:50,860 - INFO - 
================================================================================

2026-04-28 17:22:51,167 - INFO - Screenshot captured: reports\RUN_20260428_172232\screenshots\02_Just_After_Login_Click_172250.png
2026-04-28 17:22:51,167 - INFO - Waiting for dashboard URL...
2026-04-28 17:22:51,168 - INFO - 
================================================================================
2026-04-28 17:22:51,168 - INFO - DOM SNAPSHOT AT STAGE: Before_Dashboard_Navigation
2026-04-28 17:22:51,169 - INFO - ================================================================================
2026-04-28 17:22:51,199 - INFO - 
Searching for pop-up elements in page content...
2026-04-28 17:22:51,426 - WARNING - ⚠ No known pop-up selectors found. Checking all visible divs...
2026-04-28 17:22:51,459 - INFO - Total DIV elements on page: 29
2026-04-28 17:22:51,610 - INFO -   Visible DIV 1: class='header-right' id='no-id' text='English
French
Spanish
Quantum Toll Authority
supe'
2026-04-28 17:22:51,681 - INFO -   Visible DIV 2: class='nav-user' id='no-id' text='Quantum Toll Authority
superadmin_qm@yopmail.com'
2026-04-28 17:22:51,782 - INFO -   Visible DIV 3: class='nav-user-info' id='no-id' text='Quantum Toll Authority
superadmin_qm@yopmail.com'
2026-04-28 17:22:51,843 - INFO -   Visible DIV 4: class='uname' id='no-id' text='Quantum Toll Authority'
2026-04-28 17:22:51,913 - INFO -   Visible DIV 5: class='urole' id='no-id' text='superadmin_qm@yopmail.com'
2026-04-28 17:22:51,981 - INFO -   Visible DIV 6: class='main-container' id='no-id' text='dashboard_2
group
decimal_increase
admin_panel_set'
2026-04-28 17:22:52,047 - INFO -   Visible DIV 7: class='inner' id='no-id' text='dashboard_2'
2026-04-28 17:22:52,114 - INFO -   Visible DIV 8: class='inner' id='no-id' text='group'
2026-04-28 17:22:52,212 - INFO -   Visible DIV 9: class='inner' id='no-id' text='decimal_increase'
2026-04-28 17:22:52,306 - INFO -   Visible DIV 10: class='inner' id='no-id' text='admin_panel_settings'
2026-04-28 17:22:52,395 - INFO -   Visible DIV 11: class='inner' id='no-id' text='nest_doorbell_visitor'
2026-04-28 17:22:52,481 - INFO -   Visible DIV 12: class='inner' id='no-id' text='key_visualizer'
2026-04-28 17:22:52,500 - INFO - 
================================================================================

2026-04-28 17:22:52,517 - INFO - Login SUCCESS: Dashboard URL reached.
2026-04-28 17:22:53,040 - INFO - 
================================================================================
2026-04-28 17:22:53,041 - INFO - DOM SNAPSHOT AT STAGE: After_Dashboard_Loaded
2026-04-28 17:22:53,041 - INFO - ================================================================================
2026-04-28 17:22:53,060 - INFO - 
Searching for pop-up elements in page content...
2026-04-28 17:22:53,327 - WARNING - ⚠ No known pop-up selectors found. Checking all visible divs...
2026-04-28 17:22:53,378 - INFO - Total DIV elements on page: 29
2026-04-28 17:22:53,634 - INFO -   Visible DIV 1: class='header-right' id='no-id' text='English
French
Spanish
Quantum Toll Authority
supe'
2026-04-28 17:22:53,774 - INFO -   Visible DIV 2: class='nav-user' id='no-id' text='Quantum Toll Authority
superadmin_qm@yopmail.com'
2026-04-28 17:22:54,006 - INFO -   Visible DIV 3: class='nav-user-info' id='no-id' text='Quantum Toll Authority
superadmin_qm@yopmail.com'
2026-04-28 17:22:54,107 - INFO -   Visible DIV 4: class='uname' id='no-id' text='Quantum Toll Authority'
2026-04-28 17:22:54,192 - INFO -   Visible DIV 5: class='urole' id='no-id' text='superadmin_qm@yopmail.com'
2026-04-28 17:22:54,296 - INFO -   Visible DIV 6: class='main-container' id='no-id' text='dashboard_2
group
decimal_increase
admin_panel_set'
2026-04-28 17:22:54,499 - INFO -   Visible DIV 7: class='inner' id='no-id' text='dashboard_2'
2026-04-28 17:22:54,627 - INFO -   Visible DIV 8: class='inner' id='no-id' text='group'
2026-04-28 17:22:54,791 - INFO -   Visible DIV 9: class='inner' id='no-id' text='decimal_increase'
2026-04-28 17:22:54,935 - INFO -   Visible DIV 10: class='inner' id='no-id' text='admin_panel_settings'
2026-04-28 17:22:55,075 - INFO -   Visible DIV 11: class='inner' id='no-id' text='nest_doorbell_visitor'
2026-04-28 17:22:55,189 - INFO -   Visible DIV 12: class='inner' id='no-id' text='key_visualizer'
2026-04-28 17:22:55,214 - INFO - 
================================================================================

2026-04-28 17:22:55,215 - INFO - Checking for dashboard header 'Welcome to QM Toll portal!'...
2026-04-28 17:22:55,285 - INFO - ✅ Dashboard header found with selector: h4:has-text("Welcome to QM Toll portal!")
2026-04-28 17:22:55,286 - INFO -    Header text: 'Welcome to QM Toll portal!'
2026-04-28 17:22:55,287 - INFO - ✅ DASHBOARD VALIDATION PASSED: 'Welcome to QM Toll portal!' header found
2026-04-28 17:22:55,482 - INFO - Screenshot captured: reports\RUN_20260428_172232\screenshots\01_Login_Success_Dashboard_172255.png
2026-04-28 17:22:55,857 - INFO - Step 1: Navigating and Starting Onboarding...
2026-04-28 17:22:55,858 - INFO - Executing Sidebar Navigation Sequence...
2026-04-28 17:22:58,789 - INFO - Filling Step 1: Account Details...
2026-04-28 17:23:01,924 - INFO - Filled First Name: Suhana
2026-04-28 17:23:03,139 - INFO - Filled Middle Name: QA Team
2026-04-28 17:23:04,284 - INFO - Filled Last Name: Batta
2026-04-28 17:23:05,542 - INFO - Checked: Use Same for Billing
2026-04-28 17:23:06,691 - INFO - Checked: Use Same for Shipping
2026-04-28 17:23:07,839 - INFO - Checked: Primary Address
2026-04-28 17:23:11,702 - INFO - Filled Address: 123 Automation Blvd
2026-04-28 17:23:12,909 - INFO - Filled Zip Code: 12345
2026-04-28 17:23:14,641 - INFO - Filled Phone: 7154948860
2026-04-28 17:23:15,855 - INFO - Filled Email: suhana.batta74@testmail.com
2026-04-28 17:23:17,054 - INFO - Filled Confirm Email: suhana.batta74@testmail.com
2026-04-28 17:23:17,056 - INFO - Clicking Save & Next...
2026-04-28 17:23:17,081 - INFO - Chatbot elements hidden via CSS injection.
2026-04-28 17:23:19,005 - INFO - Step 1 Submitted.
2026-04-28 17:23:19,006 - INFO - Adding 1 Vehicle(s)...
2026-04-28 17:23:19,406 - INFO - Step 2 loaded successfully.
2026-04-28 17:23:19,439 - INFO - Chatbot elements hidden via CSS injection.
2026-04-28 17:23:20,683 - INFO - Filled Plate 1: QA3362GP
2026-04-28 17:23:25,205 - INFO - Filled Plate Start Date: 2026-04-28
2026-04-28 17:23:36,665 - INFO - Clicking 'Add' button for Vehicle 1...
2026-04-28 17:23:36,716 - INFO - Chatbot elements hidden via CSS injection.
2026-04-28 17:23:39,563 - INFO - Vehicle 1 addition triggered.
2026-04-28 17:23:40,629 - INFO - Chatbot elements hidden via CSS injection.
2026-04-28 17:23:42,216 - INFO - Captured Permanent Account Number: 2000009306
2026-04-28 17:23:42,217 - INFO - Account 2000009306 saved to SharedData.
2026-04-28 17:23:42,217 - INFO - Starting Step 3: Payment Information...
2026-04-28 17:23:42,238 - INFO - Chatbot elements hidden via CSS injection.
2026-04-28 17:23:46,598 - INFO - Filled Cardholder Name: KeaEIUpyHXNlJmeAieMDMmhpKlumFstBiANgvxkT
2026-04-28 17:23:48,183 - INFO - Filled Card Number: 4611092055289613
2026-04-28 17:23:49,759 - INFO - Filled Expiry Date: 04/28
2026-04-28 17:23:51,367 - INFO - Filled CVV: 991
2026-04-28 17:23:53,654 - INFO - Clicking 'Preview and Pay'...
2026-04-28 17:23:53,686 - INFO - Chatbot elements hidden via CSS injection.
2026-04-28 17:23:54,501 - INFO - Waiting for Payment Summary card...
2026-04-28 17:23:55,963 - INFO - ✅ Step 3 (Payment & Summary) complete.
2026-04-28 17:23:55,964 - INFO - Starting Final Confirmation Modal...
2026-04-28 17:23:56,093 - INFO - Clicking the final 'Pay' button inside the Confirmation Modal...
2026-04-28 17:23:58,932 - INFO - ✅ Account onboarding completed successfully.
2026-04-28 17:23:58,934 - INFO - Finalizing process: Clicking 'Account Summary' button...
2026-04-28 17:23:59,926 - INFO - ✅ Navigating to Account Summary page.
2026-04-28 17:23:59,928 - INFO - Step 2: Creating case for account: 2000009306
2026-04-28 17:23:59,932 - INFO - Navigating to Case Management...
2026-04-28 17:24:12,465 - ERROR - Failed to navigate to Cases: Timeout 10000ms exceeded.
