2026-04-17 17:19:41,488 - INFO - Test Session Started.
2026-04-17 17:19:41,489 - INFO - Navigating to Login Page: http://operator-qa.qmaastech.com/
2026-04-17 17:19:41,490 - INFO - Navigating to: http://operator-qa.qmaastech.com/
2026-04-17 17:19:44,152 - INFO - Attempting login for user: superadmin_qm@yopmail.com
2026-04-17 17:19:45,829 - INFO - Logging DOM elements BEFORE login click...
2026-04-17 17:19:45,830 - INFO - 
================================================================================
2026-04-17 17:19:45,830 - INFO - DOM SNAPSHOT AT STAGE: Before_Login
2026-04-17 17:19:45,830 - INFO - ================================================================================
2026-04-17 17:19:45,847 - INFO - 
Searching for pop-up elements in page content...
2026-04-17 17:19:46,083 - WARNING - ⚠ No known pop-up selectors found. Checking all visible divs...
2026-04-17 17:19:46,136 - INFO - Total DIV elements on page: 21
2026-04-17 17:19:46,590 - INFO -   Visible DIV 1: class='hero-pills' id='no-id' text='bolt
Real-time
smart_toy
AI-driven
hub
Multi-agenc'
2026-04-17 17:19:46,713 - INFO -   Visible DIV 2: class='auth-panel' id='no-id' text='Welcome Back

Sign in to your account to continue
'
2026-04-17 17:19:46,804 - INFO -   Visible DIV 3: class='auth-card' id='no-id' text='Welcome Back

Sign in to your account to continue
'
2026-04-17 17:19:46,888 - INFO -   Visible DIV 4: class='auth-step' id='no-id' text='Welcome Back

Sign in to your account to continue
'
2026-04-17 17:19:47,030 - INFO -   Visible DIV 5: class='field-wrap' id='no-id' text='Email ID / Username *
person'
2026-04-17 17:19:47,120 - INFO -   Visible DIV 6: class='input-shell' id='no-id' text='person'
2026-04-17 17:19:47,227 - INFO -   Visible DIV 7: class='field-wrap' id='no-id' text='Password *
lock
visibility_off'
2026-04-17 17:19:47,322 - INFO -   Visible DIV 8: class='input-shell' id='no-id' text='lock
visibility_off'
2026-04-17 17:19:47,402 - INFO -   Visible DIV 9: class='auth-bottom-links' id='no-id' text='New user?  Access Account

Forgot password?'
2026-04-17 17:19:47,442 - INFO - 
================================================================================

2026-04-17 17:19:48,023 - INFO - Login button clicked.
2026-04-17 17:19:48,023 - INFO - Taking rapid screenshots and validating pop-up...
2026-04-17 17:19:48,639 - INFO - Screenshot captured: reports\RUN_20260417_171934\screenshots\03_Popup_Immediate_1_171948.png
2026-04-17 17:19:48,639 - INFO - Screenshot 1 captured - Attempting validation...
2026-04-17 17:19:48,639 - INFO - 
================================================================================
2026-04-17 17:19:48,639 - INFO - STARTING COMPREHENSIVE POP-UP VALIDATION
2026-04-17 17:19:48,639 - INFO - ================================================================================
2026-04-17 17:19:48,663 - INFO - 
[VALIDATION 1] Checking Pop-up Visibility...
2026-04-17 17:19:48,695 - INFO -   Visibility Status: True
2026-04-17 17:19:48,696 - INFO -   PASSED: Pop-up is visible
2026-04-17 17:19:48,696 - INFO - 
[VALIDATION 2] Extracting and Validating Text Content...
2026-04-17 17:19:48,722 - INFO -   Extracted Text: 'Login Successful'
2026-04-17 17:19:48,722 - INFO -   PASSED: Text matches exactly: 'Login Successful'
2026-04-17 17:19:48,724 - INFO - 
[VALIDATION 3] Checking for Typos...
2026-04-17 17:19:48,724 - INFO -   PASSED: No known typos detected
2026-04-17 17:19:48,725 - INFO - 
[VALIDATION 4] Extracting CSS Classes and Attributes...
2026-04-17 17:19:48,744 - INFO -   CSS Classes: snackbar success-snackbar
2026-04-17 17:19:48,746 - INFO -   PASSED: 'success' class is present
2026-04-17 17:19:48,746 - INFO - 
[VALIDATION 5] Checking Element Properties...
2026-04-17 17:19:48,824 - INFO -   ID: Not set
2026-04-17 17:19:48,824 - INFO -   Data-TestID: Not set
2026-04-17 17:19:48,825 - INFO -   Role: Not set
2026-04-17 17:19:48,825 - INFO -   ARIA Label: Not set
2026-04-17 17:19:48,826 - INFO - 
[VALIDATION 6] Checking Position and Size...
2026-04-17 17:19:48,843 - INFO -   X: 1230, Y: 20
2026-04-17 17:19:48,844 - INFO -   Width: 250, Height: 43.5
2026-04-17 17:19:48,844 - INFO -   PASSED: Element has valid dimensions
2026-04-17 17:19:48,845 - INFO - 
[VALIDATION 7] Checking Computed Styles...
2026-04-17 17:19:48,884 - INFO -   Display: block
2026-04-17 17:19:48,885 - INFO -   Opacity: 1
2026-04-17 17:19:48,886 - INFO -   PASSED: Element is displayed with proper opacity
2026-04-17 17:19:48,886 - INFO - 
================================================================================
2026-04-17 17:19:48,887 - INFO - POP-UP VALIDATION SUMMARY
2026-04-17 17:19:48,887 - INFO - ================================================================================
2026-04-17 17:19:48,888 - INFO -   Visibility: PASSED
2026-04-17 17:19:48,888 - INFO -   Text Match: PASSED
2026-04-17 17:19:48,888 - INFO -   Typo Check: PASSED
2026-04-17 17:19:48,889 - INFO -   CSS Classes: Present
2026-04-17 17:19:48,889 - INFO -   Position & Size: Valid
2026-04-17 17:19:48,890 - INFO -   Computed Styles: Valid
2026-04-17 17:19:48,890 - INFO - ================================================================================

2026-04-17 17:19:48,890 - INFO - ✓ ALL VALIDATIONS PASSED - Pop-up is working correctly!
2026-04-17 17:19:49,230 - INFO - Screenshot captured: reports\RUN_20260417_171934\screenshots\03_Popup_Immediate_2_171948.png
2026-04-17 17:19:49,232 - INFO - Screenshot 2 captured - Attempting validation...
2026-04-17 17:19:49,232 - INFO - 
================================================================================
2026-04-17 17:19:49,233 - INFO - STARTING COMPREHENSIVE POP-UP VALIDATION
2026-04-17 17:19:49,233 - INFO - ================================================================================
2026-04-17 17:19:49,340 - ERROR - VALIDATION FAILED: Pop-up element not found!
2026-04-17 17:19:49,620 - INFO - Screenshot captured: reports\RUN_20260417_171934\screenshots\03_Popup_Immediate_3_171949.png
2026-04-17 17:19:49,620 - INFO - Screenshot 3 captured - Attempting validation...
2026-04-17 17:19:49,621 - INFO - 
================================================================================
2026-04-17 17:19:49,621 - INFO - STARTING COMPREHENSIVE POP-UP VALIDATION
2026-04-17 17:19:49,622 - INFO - ================================================================================
2026-04-17 17:19:49,641 - ERROR - VALIDATION FAILED: Pop-up element not found!
2026-04-17 17:19:49,764 - INFO - Logging DOM elements AFTER login click (pop-up should appear here)...
2026-04-17 17:19:49,765 - INFO - 
================================================================================
2026-04-17 17:19:49,766 - INFO - DOM SNAPSHOT AT STAGE: After_Login_Click
2026-04-17 17:19:49,766 - INFO - ================================================================================
2026-04-17 17:19:49,791 - INFO - 
Searching for pop-up elements in page content...
2026-04-17 17:19:50,024 - WARNING - ⚠ No known pop-up selectors found. Checking all visible divs...
2026-04-17 17:19:50,062 - INFO - Total DIV elements on page: 29
2026-04-17 17:19:50,198 - INFO -   Visible DIV 1: class='header-right' id='no-id' text='English
French
Spanish
Quantum Toll Authority
supe'
2026-04-17 17:19:50,291 - INFO -   Visible DIV 2: class='nav-user' id='no-id' text='Quantum Toll Authority
superadmin_qm@yopmail.com'
2026-04-17 17:19:50,417 - INFO -   Visible DIV 3: class='nav-user-info' id='no-id' text='Quantum Toll Authority
superadmin_qm@yopmail.com'
2026-04-17 17:19:50,500 - INFO -   Visible DIV 4: class='uname' id='no-id' text='Quantum Toll Authority'
2026-04-17 17:19:50,587 - INFO -   Visible DIV 5: class='urole' id='no-id' text='superadmin_qm@yopmail.com'
2026-04-17 17:19:50,671 - INFO -   Visible DIV 6: class='main-container' id='no-id' text='dashboard_2
group
decimal_increase
admin_panel_set'
2026-04-17 17:19:50,748 - INFO -   Visible DIV 7: class='inner' id='no-id' text='dashboard_2'
2026-04-17 17:19:50,824 - INFO -   Visible DIV 8: class='inner' id='no-id' text='group'
2026-04-17 17:19:50,922 - INFO -   Visible DIV 9: class='inner' id='no-id' text='decimal_increase'
2026-04-17 17:19:51,020 - INFO -   Visible DIV 10: class='inner' id='no-id' text='admin_panel_settings'
2026-04-17 17:19:51,124 - INFO -   Visible DIV 11: class='inner' id='no-id' text='nest_doorbell_visitor'
2026-04-17 17:19:51,241 - INFO -   Visible DIV 12: class='inner' id='no-id' text='key_visualizer'
2026-04-17 17:19:51,270 - INFO - 
================================================================================

2026-04-17 17:19:51,703 - INFO - Screenshot captured: reports\RUN_20260417_171934\screenshots\02_Just_After_Login_Click_171951.png
2026-04-17 17:19:52,094 - INFO - Starting Onboarding Flow Test
2026-04-17 17:19:52,096 - INFO - Starting navigation to Onboard Customer page...
2026-04-17 17:19:52,097 - INFO - Clicking Workbench icon...
2026-04-17 17:19:52,765 - INFO - Workbench menu expanded.
2026-04-17 17:19:52,766 - INFO - Clicking 'Manage Accounts' sub-menu...
2026-04-17 17:19:53,372 - INFO - 'Manage Accounts' submenu expanded.
2026-04-17 17:19:53,373 - INFO - Clicking 'Onboard a Customer' link...
2026-04-17 17:19:54,817 - INFO - Successfully navigated to Onboard Customer page.
2026-04-17 17:19:55,182 - INFO - Screenshot captured: reports\RUN_20260417_171934\screenshots\02_Onboard_Customer_Landing_171954.png
2026-04-17 17:19:55,182 - INFO - Filling Onboarding details for United States...
2026-04-17 17:33:03,149 - INFO - Test Session Started.
2026-04-17 17:33:03,151 - INFO - Navigating to Login Page: http://operator-qa.qmaastech.com/
2026-04-17 17:33:03,151 - INFO - Navigating to: http://operator-qa.qmaastech.com/
2026-04-17 17:33:05,413 - INFO - Attempting login for user: superadmin_qm@yopmail.com
2026-04-17 17:33:07,132 - INFO - Logging DOM elements BEFORE login click...
2026-04-17 17:33:07,135 - INFO - 
================================================================================
2026-04-17 17:33:07,136 - INFO - DOM SNAPSHOT AT STAGE: Before_Login
2026-04-17 17:33:07,137 - INFO - ================================================================================
2026-04-17 17:33:07,152 - INFO - 
Searching for pop-up elements in page content...
2026-04-17 17:33:07,414 - WARNING - ⚠ No known pop-up selectors found. Checking all visible divs...
2026-04-17 17:33:07,456 - INFO - Total DIV elements on page: 21
2026-04-17 17:33:07,891 - INFO -   Visible DIV 1: class='hero-pills' id='no-id' text='bolt
Real-time
smart_toy
AI-driven
hub
Multi-agenc'
2026-04-17 17:33:07,998 - INFO -   Visible DIV 2: class='auth-panel' id='no-id' text='Welcome Back

Sign in to your account to continue
'
2026-04-17 17:33:08,104 - INFO -   Visible DIV 3: class='auth-card' id='no-id' text='Welcome Back

Sign in to your account to continue
'
2026-04-17 17:33:08,193 - INFO -   Visible DIV 4: class='auth-step' id='no-id' text='Welcome Back

Sign in to your account to continue
'
2026-04-17 17:33:08,313 - INFO -   Visible DIV 5: class='field-wrap' id='no-id' text='Email ID / Username *
person'
2026-04-17 17:33:08,383 - INFO -   Visible DIV 6: class='input-shell' id='no-id' text='person'
2026-04-17 17:33:08,463 - INFO -   Visible DIV 7: class='field-wrap' id='no-id' text='Password *
lock
visibility_off'
2026-04-17 17:33:08,561 - INFO -   Visible DIV 8: class='input-shell' id='no-id' text='lock
visibility_off'
2026-04-17 17:33:08,638 - INFO -   Visible DIV 9: class='auth-bottom-links' id='no-id' text='New user?  Access Account

Forgot password?'
2026-04-17 17:33:08,679 - INFO - 
================================================================================

2026-04-17 17:33:09,260 - INFO - Login button clicked.
2026-04-17 17:33:09,265 - INFO - Taking rapid screenshots and validating pop-up...
2026-04-17 17:33:09,822 - INFO - Screenshot captured: reports\RUN_20260417_173259\screenshots\03_Popup_Immediate_1_173309.png
2026-04-17 17:33:09,823 - INFO - Screenshot 1 captured - Attempting validation...
2026-04-17 17:33:09,823 - INFO - 
================================================================================
2026-04-17 17:33:09,824 - INFO - STARTING COMPREHENSIVE POP-UP VALIDATION
2026-04-17 17:33:09,825 - INFO - ================================================================================
2026-04-17 17:33:09,854 - INFO - 
[VALIDATION 1] Checking Pop-up Visibility...
2026-04-17 17:33:09,877 - INFO -   Visibility Status: True
2026-04-17 17:33:09,877 - INFO -   PASSED: Pop-up is visible
2026-04-17 17:33:09,878 - INFO - 
[VALIDATION 2] Extracting and Validating Text Content...
2026-04-17 17:33:09,896 - INFO -   Extracted Text: 'Login Successful'
2026-04-17 17:33:09,897 - INFO -   PASSED: Text matches exactly: 'Login Successful'
2026-04-17 17:33:09,898 - INFO - 
[VALIDATION 3] Checking for Typos...
2026-04-17 17:33:09,898 - INFO -   PASSED: No known typos detected
2026-04-17 17:33:09,899 - INFO - 
[VALIDATION 4] Extracting CSS Classes and Attributes...
2026-04-17 17:33:09,929 - INFO -   CSS Classes: snackbar success-snackbar
2026-04-17 17:33:09,929 - INFO -   PASSED: 'success' class is present
2026-04-17 17:33:09,930 - INFO - 
[VALIDATION 5] Checking Element Properties...
2026-04-17 17:33:10,008 - INFO -   ID: Not set
2026-04-17 17:33:10,008 - INFO -   Data-TestID: Not set
2026-04-17 17:33:10,009 - INFO -   Role: Not set
2026-04-17 17:33:10,009 - INFO -   ARIA Label: Not set
2026-04-17 17:33:10,009 - INFO - 
[VALIDATION 6] Checking Position and Size...
2026-04-17 17:33:10,027 - INFO -   X: 1230, Y: 20
2026-04-17 17:33:10,027 - INFO -   Width: 250, Height: 43.5
2026-04-17 17:33:10,028 - INFO -   PASSED: Element has valid dimensions
2026-04-17 17:33:10,028 - INFO - 
[VALIDATION 7] Checking Computed Styles...
2026-04-17 17:33:10,065 - INFO -   Display: block
2026-04-17 17:33:10,065 - INFO -   Opacity: 1
2026-04-17 17:33:10,066 - INFO -   PASSED: Element is displayed with proper opacity
2026-04-17 17:33:10,067 - INFO - 
================================================================================
2026-04-17 17:33:10,068 - INFO - POP-UP VALIDATION SUMMARY
2026-04-17 17:33:10,068 - INFO - ================================================================================
2026-04-17 17:33:10,068 - INFO -   Visibility: PASSED
2026-04-17 17:33:10,069 - INFO -   Text Match: PASSED
2026-04-17 17:33:10,069 - INFO -   Typo Check: PASSED
2026-04-17 17:33:10,069 - INFO -   CSS Classes: Present
2026-04-17 17:33:10,070 - INFO -   Position & Size: Valid
2026-04-17 17:33:10,070 - INFO -   Computed Styles: Valid
2026-04-17 17:33:10,070 - INFO - ================================================================================

2026-04-17 17:33:10,070 - INFO - ✓ ALL VALIDATIONS PASSED - Pop-up is working correctly!
2026-04-17 17:33:10,418 - INFO - Screenshot captured: reports\RUN_20260417_173259\screenshots\03_Popup_Immediate_2_173310.png
2026-04-17 17:33:10,419 - INFO - Screenshot 2 captured - Attempting validation...
2026-04-17 17:33:10,420 - INFO - 
================================================================================
2026-04-17 17:33:10,420 - INFO - STARTING COMPREHENSIVE POP-UP VALIDATION
2026-04-17 17:33:10,420 - INFO - ================================================================================
2026-04-17 17:33:10,449 - ERROR - VALIDATION FAILED: Pop-up element not found!
2026-04-17 17:33:12,174 - INFO - Screenshot captured: reports\RUN_20260417_173259\screenshots\03_Popup_Immediate_3_173310.png
2026-04-17 17:33:12,175 - INFO - Screenshot 3 captured - Attempting validation...
2026-04-17 17:33:12,175 - INFO - 
================================================================================
2026-04-17 17:33:12,175 - INFO - STARTING COMPREHENSIVE POP-UP VALIDATION
2026-04-17 17:33:12,177 - INFO - ================================================================================
2026-04-17 17:33:12,207 - ERROR - VALIDATION FAILED: Pop-up element not found!
2026-04-17 17:33:12,334 - INFO - Logging DOM elements AFTER login click (pop-up should appear here)...
2026-04-17 17:33:12,335 - INFO - 
================================================================================
2026-04-17 17:33:12,337 - INFO - DOM SNAPSHOT AT STAGE: After_Login_Click
2026-04-17 17:33:12,338 - INFO - ================================================================================
2026-04-17 17:33:12,359 - INFO - 
Searching for pop-up elements in page content...
2026-04-17 17:33:12,610 - WARNING - ⚠ No known pop-up selectors found. Checking all visible divs...
2026-04-17 17:33:12,655 - INFO - Total DIV elements on page: 29
2026-04-17 17:33:12,829 - INFO -   Visible DIV 1: class='header-right' id='no-id' text='English
French
Spanish
Quantum Toll Authority
supe'
2026-04-17 17:33:12,927 - INFO -   Visible DIV 2: class='nav-user' id='no-id' text='Quantum Toll Authority
superadmin_qm@yopmail.com'
2026-04-17 17:33:13,059 - INFO -   Visible DIV 3: class='nav-user-info' id='no-id' text='Quantum Toll Authority
superadmin_qm@yopmail.com'
2026-04-17 17:33:13,160 - INFO -   Visible DIV 4: class='uname' id='no-id' text='Quantum Toll Authority'
2026-04-17 17:33:13,255 - INFO -   Visible DIV 5: class='urole' id='no-id' text='superadmin_qm@yopmail.com'
2026-04-17 17:33:13,342 - INFO -   Visible DIV 6: class='main-container' id='no-id' text='dashboard_2
group
decimal_increase
admin_panel_set'
2026-04-17 17:33:13,427 - INFO -   Visible DIV 7: class='inner' id='no-id' text='dashboard_2'
2026-04-17 17:33:13,528 - INFO -   Visible DIV 8: class='inner' id='no-id' text='group'
2026-04-17 17:33:13,639 - INFO -   Visible DIV 9: class='inner' id='no-id' text='decimal_increase'
2026-04-17 17:33:13,739 - INFO -   Visible DIV 10: class='inner' id='no-id' text='admin_panel_settings'
2026-04-17 17:33:13,847 - INFO -   Visible DIV 11: class='inner' id='no-id' text='nest_doorbell_visitor'
2026-04-17 17:33:13,960 - INFO -   Visible DIV 12: class='inner' id='no-id' text='key_visualizer'
2026-04-17 17:33:13,979 - INFO - 
================================================================================

2026-04-17 17:33:14,328 - INFO - Screenshot captured: reports\RUN_20260417_173259\screenshots\02_Just_After_Login_Click_173313.png
2026-04-17 17:33:14,620 - INFO - Starting Onboarding Flow Test
2026-04-17 17:33:14,621 - INFO - Starting navigation to Onboard Customer page...
2026-04-17 17:33:14,621 - INFO - Clicking Workbench icon...
2026-04-17 17:33:15,243 - INFO - Workbench menu expanded.
2026-04-17 17:33:15,243 - INFO - Clicking 'Manage Accounts' sub-menu...
2026-04-17 17:33:15,828 - INFO - 'Manage Accounts' submenu expanded.
2026-04-17 17:33:15,828 - INFO - Clicking 'Onboard a Customer' link...
2026-04-17 17:33:16,733 - INFO - Successfully navigated to Onboard Customer page.
2026-04-17 17:33:17,187 - INFO - Screenshot captured: reports\RUN_20260417_173259\screenshots\02_Onboard_Customer_Landing_173316.png
2026-04-17 17:33:17,188 - INFO - Filling Onboarding details for United States...
2026-04-17 17:33:20,376 - INFO - Filled First Name: Hunar
2026-04-17 17:33:21,758 - INFO - Filled Middle Name: QATeam
2026-04-17 17:33:23,132 - INFO - Filled Last Name: Kala
2026-04-17 17:33:24,267 - INFO - Checked: Use Same for Billing
2026-04-17 17:33:25,392 - INFO - Checked: Use Same for Shipping
2026-04-17 17:33:30,531 - INFO - Filled Address: 123 Automation Way
2026-04-17 17:33:31,999 - INFO - Filled Zip Code: 12345
2026-04-17 17:33:33,926 - INFO - Filled Unique Phone Number: 8763644989
2026-04-17 17:33:35,352 - INFO - Filled Email: hunar.kala@testmail.com
2026-04-17 17:33:36,766 - INFO - Filled Confirm Email: hunar.kala@testmail.com
2026-04-17 17:33:36,770 - INFO - Clicking 'Save & Next'...
2026-04-17 17:33:38,433 - INFO - Successfully verified Step 1 for: Hunar Kala
2026-04-17 17:33:38,488 - INFO - Retrieved Temporary Account ID: 1000002786
2026-04-17 17:33:38,488 - INFO - Step 1 Success. ID: 1000002786
2026-04-17 17:33:38,488 - INFO - Starting Step 2: Adding 2 Vehicle(s)...
2026-04-17 17:33:40,020 - INFO - Filled Plate Number 1: QA1018GP
2026-04-17 17:33:46,288 - INFO - Filled Plate Start Date: 2026-04-17
2026-04-17 17:33:59,653 - INFO - Vehicle 1 added.
2026-04-17 17:34:01,089 - INFO - Filled Plate Number 2: QA5774GP
2026-04-17 17:34:07,399 - INFO - Filled Plate Start Date: 2026-04-17
2026-04-17 17:34:20,832 - INFO - Vehicle 2 added.
2026-04-17 17:34:21,875 - INFO - Chatbot icon hidden via CSS injection.
2026-04-17 17:34:22,904 - INFO - Proceeding to Next page (Payment Info)...
2026-04-17 17:34:23,923 - INFO - Step 2 complete successfully. Navigated to Payment Info.
2026-04-17 17:34:24,049 - INFO - Captured Permanent Account Number: 2000002499
2026-04-17 17:34:24,050 - INFO - Starting Step 3: Payment Information...
2026-04-17 17:34:24,051 - INFO - Activating 'Save and Pay' tab...
2026-04-17 17:34:25,661 - INFO - Selecting 'Credit Card'...
2026-04-17 17:34:27,348 - INFO - Payment method selected and change event dispatched.
2026-04-17 17:34:27,350 - INFO - Opening 'Add Payment Method' modal...
2026-04-17 17:34:27,426 - INFO - ✅ Payment method selection successful.
2026-04-17 17:34:29,079 - INFO - Filled Cardholder Name: iYyQCvUkIsm
2026-04-17 17:34:30,877 - INFO - Filled Card Number: 8032720108600151
2026-04-17 17:34:32,579 - INFO - Filled Expiry Date: 04/28
2026-04-17 17:34:34,269 - INFO - Filled CVV: 323
2026-04-17 17:34:34,272 - INFO - Clicking 'Add Card' submit button...
2026-04-17 17:34:34,952 - INFO - Card added successfully.
2026-04-17 17:34:35,989 - INFO - Selecting the Credit Card from the list...
2026-04-17 17:34:37,159 - INFO - ✅ Selected the Credit Card radio button.
2026-04-17 17:34:37,161 - INFO - Clicking 'Preview and Pay'...
2026-04-17 17:34:38,357 - INFO - Waiting for Payment Summary card...
2026-04-17 17:34:38,554 - INFO - Clicking 'PAY' button on the Summary Page...
2026-04-17 17:34:39,091 - INFO - ✅ Step 3 (Payment & Summary) complete.
2026-04-17 17:34:39,091 - INFO - Starting Final Confirmation Modal...
2026-04-17 17:34:39,091 - INFO - Waiting for Payment Confirmation modal...
2026-04-17 17:34:39,318 - INFO - Clicking the final 'Pay' button inside the Confirmation Modal...
2026-04-17 17:34:42,027 - INFO - ✅ Account onboarding completed successfully.
2026-04-17 17:34:42,030 - INFO - Finalizing process: Clicking 'Account Summary' button...
2026-04-17 17:34:42,906 - INFO - ✅ Navigating to Account Summary page.
2026-04-17 17:34:42,911 - INFO - Test completed successfully.
2026-04-17 17:50:46,167 - INFO - Test Session Started.
2026-04-17 17:50:46,168 - INFO - Navigating to Login Page: http://operator-qa.qmaastech.com/
2026-04-17 17:50:46,169 - INFO - Navigating to: http://operator-qa.qmaastech.com/
2026-04-17 17:50:49,187 - INFO - Attempting login for user: superadmin_qm@yopmail.com
2026-04-17 17:50:50,899 - INFO - Logging DOM elements BEFORE login click...
2026-04-17 17:50:50,899 - INFO - 
================================================================================
2026-04-17 17:50:50,899 - INFO - DOM SNAPSHOT AT STAGE: Before_Login
2026-04-17 17:50:50,899 - INFO - ================================================================================
2026-04-17 17:50:50,930 - INFO - 
Searching for pop-up elements in page content...
2026-04-17 17:50:51,197 - WARNING - ⚠ No known pop-up selectors found. Checking all visible divs...
2026-04-17 17:50:51,239 - INFO - Total DIV elements on page: 21
2026-04-17 17:50:51,664 - INFO -   Visible DIV 1: class='hero-pills' id='no-id' text='bolt
Real-time
smart_toy
AI-driven
hub
Multi-agenc'
2026-04-17 17:50:51,794 - INFO -   Visible DIV 2: class='auth-panel' id='no-id' text='Welcome Back

Sign in to your account to continue
'
2026-04-17 17:50:51,872 - INFO -   Visible DIV 3: class='auth-card' id='no-id' text='Welcome Back

Sign in to your account to continue
'
2026-04-17 17:50:51,958 - INFO -   Visible DIV 4: class='auth-step' id='no-id' text='Welcome Back

Sign in to your account to continue
'
2026-04-17 17:50:52,103 - INFO -   Visible DIV 5: class='field-wrap' id='no-id' text='Email ID / Username *
person'
2026-04-17 17:50:52,180 - INFO -   Visible DIV 6: class='input-shell' id='no-id' text='person'
2026-04-17 17:50:52,252 - INFO -   Visible DIV 7: class='field-wrap' id='no-id' text='Password *
lock
visibility_off'
2026-04-17 17:50:52,327 - INFO -   Visible DIV 8: class='input-shell' id='no-id' text='lock
visibility_off'
2026-04-17 17:50:52,401 - INFO -   Visible DIV 9: class='auth-bottom-links' id='no-id' text='New user?  Access Account

Forgot password?'
2026-04-17 17:50:52,443 - INFO - 
================================================================================

2026-04-17 17:50:53,013 - INFO - Login button clicked.
2026-04-17 17:50:53,014 - INFO - Taking rapid screenshots and validating pop-up...
2026-04-17 17:50:53,531 - INFO - Screenshot captured: reports\RUN_20260417_175043\screenshots\03_Popup_Immediate_1_175053.png
2026-04-17 17:50:53,532 - INFO - Screenshot 1 captured - Attempting validation...
2026-04-17 17:50:53,533 - INFO - 
================================================================================
2026-04-17 17:50:53,535 - INFO - STARTING COMPREHENSIVE POP-UP VALIDATION
2026-04-17 17:50:53,537 - INFO - ================================================================================
2026-04-17 17:50:53,561 - INFO - 
[VALIDATION 1] Checking Pop-up Visibility...
2026-04-17 17:50:53,586 - INFO -   Visibility Status: True
2026-04-17 17:50:53,586 - INFO -   PASSED: Pop-up is visible
2026-04-17 17:50:53,587 - INFO - 
[VALIDATION 2] Extracting and Validating Text Content...
2026-04-17 17:50:53,606 - INFO -   Extracted Text: 'Login Successful'
2026-04-17 17:50:53,607 - INFO -   PASSED: Text matches exactly: 'Login Successful'
2026-04-17 17:50:53,607 - INFO - 
[VALIDATION 3] Checking for Typos...
2026-04-17 17:50:53,608 - INFO -   PASSED: No known typos detected
2026-04-17 17:50:53,608 - INFO - 
[VALIDATION 4] Extracting CSS Classes and Attributes...
2026-04-17 17:50:53,632 - INFO -   CSS Classes: snackbar success-snackbar
2026-04-17 17:50:53,633 - INFO -   PASSED: 'success' class is present
2026-04-17 17:50:53,633 - INFO - 
[VALIDATION 5] Checking Element Properties...
2026-04-17 17:50:53,712 - INFO -   ID: Not set
2026-04-17 17:50:53,713 - INFO -   Data-TestID: Not set
2026-04-17 17:50:53,713 - INFO -   Role: Not set
2026-04-17 17:50:53,713 - INFO -   ARIA Label: Not set
2026-04-17 17:50:53,715 - INFO - 
[VALIDATION 6] Checking Position and Size...
2026-04-17 17:50:53,729 - INFO -   X: 1230, Y: 20
2026-04-17 17:50:53,730 - INFO -   Width: 250, Height: 43.5
2026-04-17 17:50:53,730 - INFO -   PASSED: Element has valid dimensions
2026-04-17 17:50:53,731 - INFO - 
[VALIDATION 7] Checking Computed Styles...
2026-04-17 17:50:53,765 - INFO -   Display: block
2026-04-17 17:50:53,766 - INFO -   Opacity: 1
2026-04-17 17:50:53,766 - INFO -   PASSED: Element is displayed with proper opacity
2026-04-17 17:50:53,766 - INFO - 
================================================================================
2026-04-17 17:50:53,767 - INFO - POP-UP VALIDATION SUMMARY
2026-04-17 17:50:53,767 - INFO - ================================================================================
2026-04-17 17:50:53,767 - INFO -   Visibility: PASSED
2026-04-17 17:50:53,768 - INFO -   Text Match: PASSED
2026-04-17 17:50:53,768 - INFO -   Typo Check: PASSED
2026-04-17 17:50:53,768 - INFO -   CSS Classes: Present
2026-04-17 17:50:53,769 - INFO -   Position & Size: Valid
2026-04-17 17:50:53,769 - INFO -   Computed Styles: Valid
2026-04-17 17:50:53,769 - INFO - ================================================================================

2026-04-17 17:50:53,770 - INFO - ✓ ALL VALIDATIONS PASSED - Pop-up is working correctly!
2026-04-17 17:50:54,120 - INFO - Screenshot captured: reports\RUN_20260417_175043\screenshots\03_Popup_Immediate_2_175053.png
2026-04-17 17:50:54,120 - INFO - Screenshot 2 captured - Attempting validation...
2026-04-17 17:50:54,121 - INFO - 
================================================================================
2026-04-17 17:50:54,121 - INFO - STARTING COMPREHENSIVE POP-UP VALIDATION
2026-04-17 17:50:54,122 - INFO - ================================================================================
2026-04-17 17:50:54,146 - INFO - 
[VALIDATION 1] Checking Pop-up Visibility...
2026-04-17 17:50:54,166 - INFO -   Visibility Status: True
2026-04-17 17:50:54,166 - INFO -   PASSED: Pop-up is visible
2026-04-17 17:50:54,167 - INFO - 
[VALIDATION 2] Extracting and Validating Text Content...
2026-04-17 17:50:54,287 - INFO -   Extracted Text: ' Login Successful '
2026-04-17 17:50:54,289 - INFO -   PASSED: Text matches exactly: 'Login Successful'
2026-04-17 17:50:54,289 - INFO - 
[VALIDATION 3] Checking for Typos...
2026-04-17 17:50:54,290 - INFO -   PASSED: No known typos detected
2026-04-17 17:50:54,290 - INFO - 
[VALIDATION 4] Extracting CSS Classes and Attributes...
2026-04-17 17:50:54,308 - INFO -   CSS Classes: snackbar success-snackbar
2026-04-17 17:50:54,308 - INFO -   PASSED: 'success' class is present
2026-04-17 17:50:54,310 - INFO - 
[VALIDATION 5] Checking Element Properties...
2026-04-17 17:50:54,397 - INFO -   ID: Not set
2026-04-17 17:50:54,397 - INFO -   Data-TestID: Not set
2026-04-17 17:50:54,398 - INFO -   Role: Not set
2026-04-17 17:50:54,398 - INFO -   ARIA Label: Not set
2026-04-17 17:50:54,398 - INFO - 
[VALIDATION 6] Checking Position and Size...
2026-04-17 17:50:54,420 - WARNING -   WARNING: Could not get bounding box
2026-04-17 17:50:54,421 - INFO - 
[VALIDATION 7] Checking Computed Styles...
2026-04-17 17:50:54,446 - ERROR - Validation error: TypeError: Failed to execute 'getComputedStyle' on 'Window': parameter 1 is not of type 'Element'.
    at eval (eval at evaluate (:226:30), <anonymous>:1:8)
    at eval (<anonymous>)
    at UtilityScript.evaluate (<anonymous>:226:30)
    at UtilityScript.<anonymous> (<anonymous>:1:44)
2026-04-17 17:50:54,447 - WARNING -   WARNING: Could not check computed styles - element may have disappeared
2026-04-17 17:50:54,448 - INFO - 
================================================================================
2026-04-17 17:50:54,448 - INFO - POP-UP VALIDATION SUMMARY
2026-04-17 17:50:54,449 - INFO - ================================================================================
2026-04-17 17:50:54,449 - INFO -   Visibility: PASSED
2026-04-17 17:50:54,449 - INFO -   Text Match: PASSED
2026-04-17 17:50:54,450 - INFO -   Typo Check: PASSED
2026-04-17 17:50:54,450 - INFO -   CSS Classes: Present
2026-04-17 17:50:54,451 - INFO -   Position & Size: Valid
2026-04-17 17:50:54,451 - INFO -   Computed Styles: Valid
2026-04-17 17:50:54,451 - INFO - ================================================================================

2026-04-17 17:50:54,452 - INFO - ✓ ALL VALIDATIONS PASSED - Pop-up is working correctly!
2026-04-17 17:50:56,030 - INFO - Screenshot captured: reports\RUN_20260417_175043\screenshots\03_Popup_Immediate_3_175054.png
2026-04-17 17:50:56,031 - INFO - Screenshot 3 captured - Attempting validation...
2026-04-17 17:50:56,033 - INFO - 
================================================================================
2026-04-17 17:50:56,033 - INFO - STARTING COMPREHENSIVE POP-UP VALIDATION
2026-04-17 17:50:56,035 - INFO - ================================================================================
2026-04-17 17:50:56,056 - ERROR - VALIDATION FAILED: Pop-up element not found!
2026-04-17 17:50:56,184 - INFO - Logging DOM elements AFTER login click (pop-up should appear here)...
2026-04-17 17:50:56,185 - INFO - 
================================================================================
2026-04-17 17:50:56,185 - INFO - DOM SNAPSHOT AT STAGE: After_Login_Click
2026-04-17 17:50:56,188 - INFO - ================================================================================
2026-04-17 17:50:56,214 - INFO - 
Searching for pop-up elements in page content...
2026-04-17 17:50:56,515 - WARNING - ⚠ No known pop-up selectors found. Checking all visible divs...
2026-04-17 17:50:56,563 - INFO - Total DIV elements on page: 29
2026-04-17 17:50:56,766 - INFO -   Visible DIV 1: class='header-right' id='no-id' text='English
French
Spanish
Quantum Toll Authority
supe'
2026-04-17 17:50:56,863 - INFO -   Visible DIV 2: class='nav-user' id='no-id' text='Quantum Toll Authority
superadmin_qm@yopmail.com'
2026-04-17 17:50:57,007 - INFO -   Visible DIV 3: class='nav-user-info' id='no-id' text='Quantum Toll Authority
superadmin_qm@yopmail.com'
2026-04-17 17:50:57,116 - INFO -   Visible DIV 4: class='uname' id='no-id' text='Quantum Toll Authority'
2026-04-17 17:50:57,196 - INFO -   Visible DIV 5: class='urole' id='no-id' text='superadmin_qm@yopmail.com'
2026-04-17 17:50:57,285 - INFO -   Visible DIV 6: class='main-container' id='no-id' text='dashboard_2
group
decimal_increase
admin_panel_set'
2026-04-17 17:50:57,367 - INFO -   Visible DIV 7: class='inner' id='no-id' text='dashboard_2'
2026-04-17 17:50:57,455 - INFO -   Visible DIV 8: class='inner' id='no-id' text='group'
2026-04-17 17:50:57,562 - INFO -   Visible DIV 9: class='inner' id='no-id' text='decimal_increase'
2026-04-17 17:50:57,677 - INFO -   Visible DIV 10: class='inner' id='no-id' text='admin_panel_settings'
2026-04-17 17:50:57,784 - INFO -   Visible DIV 11: class='inner' id='no-id' text='nest_doorbell_visitor'
2026-04-17 17:50:57,893 - INFO -   Visible DIV 12: class='inner' id='no-id' text='key_visualizer'
2026-04-17 17:50:57,914 - INFO - 
================================================================================

2026-04-17 17:50:58,226 - INFO - Screenshot captured: reports\RUN_20260417_175043\screenshots\02_Just_After_Login_Click_175057.png
2026-04-17 17:50:58,531 - INFO - Starting Onboarding Flow Test
2026-04-17 17:50:58,532 - INFO - Starting navigation to Onboard Customer page...
2026-04-17 17:50:58,533 - INFO - Clicking Workbench icon...
2026-04-17 17:50:59,161 - INFO - Workbench menu expanded.
2026-04-17 17:50:59,162 - INFO - Clicking 'Manage Accounts' sub-menu...
2026-04-17 17:50:59,704 - INFO - 'Manage Accounts' submenu expanded.
2026-04-17 17:50:59,704 - INFO - Clicking 'Onboard a Customer' link...
2026-04-17 17:51:02,852 - INFO - Successfully navigated to Onboard Customer page.
2026-04-17 17:51:03,401 - INFO - Screenshot captured: reports\RUN_20260417_175043\screenshots\02_Onboard_Customer_Landing_175102.png
2026-04-17 17:51:03,404 - INFO - Filling Onboarding details for United States...
2026-04-17 17:51:06,509 - INFO - Filled First Name: Biju
2026-04-17 17:51:07,892 - INFO - Filled Middle Name: QATeam
2026-04-17 17:51:09,280 - INFO - Filled Last Name: Kapoor
2026-04-17 17:51:10,418 - INFO - Checked: Use Same for Billing
2026-04-17 17:51:11,576 - INFO - Checked: Use Same for Shipping
2026-04-17 17:51:16,723 - INFO - Filled Address: 123 Automation Way
2026-04-17 17:51:18,136 - INFO - Filled Zip Code: 12345
2026-04-17 17:51:20,128 - INFO - Filled Unique Phone Number: 8087733850
2026-04-17 17:51:21,572 - INFO - Filled Email: biju.kapoor@testmail.com
2026-04-17 17:51:22,971 - INFO - Filled Confirm Email: biju.kapoor@testmail.com
2026-04-17 17:51:22,971 - INFO - Clicking 'Save & Next'...
2026-04-17 17:51:24,768 - INFO - Successfully verified Step 1 for: Biju Kapoor
2026-04-17 17:51:24,807 - INFO - Retrieved Temporary Account ID: 1000002787
2026-04-17 17:51:24,807 - INFO - Step 1 Success. ID: 1000002787
2026-04-17 17:51:24,807 - INFO - Starting Step 2: Adding 2 Vehicle(s)...
2026-04-17 17:51:26,252 - INFO - Filled Plate Number 1: QA6838GP
2026-04-17 17:51:33,162 - INFO - Filled Plate Start Date: 2026-04-17
2026-04-17 17:51:46,964 - INFO - Vehicle 1 added.
2026-04-17 17:51:48,367 - INFO - Filled Plate Number 2: QA6480GP
2026-04-17 17:51:55,284 - INFO - Filled Plate Start Date: 2026-04-17
2026-04-17 17:52:09,153 - INFO - Vehicle 2 added.
2026-04-17 17:52:10,217 - INFO - Chatbot icon hidden via CSS injection.
2026-04-17 17:52:11,690 - INFO - Captured Permanent Account Number: 2000002500
2026-04-17 17:52:11,690 - INFO - Starting Step 3: Payment Information...
2026-04-17 17:52:11,691 - INFO - Activating 'Save and Pay' tab...
2026-04-17 17:52:13,282 - INFO - Selecting 'Credit Card'...
2026-04-17 17:52:14,994 - INFO - Opening 'Add Payment Method' modal for Card 1...
2026-04-17 17:52:16,839 - INFO - Filled Cardholder Name: CardOne
2026-04-17 17:52:18,498 - INFO - Filled Card Number: 2270075808019357
2026-04-17 17:52:20,173 - INFO - Filled Expiry Date: 04/28
2026-04-17 17:52:21,850 - INFO - Filled CVV: 797
2026-04-17 17:52:21,853 - INFO - Clicking 'Add Card' submit for CardOne...
2026-04-17 17:52:23,534 - INFO - Selecting the first Credit Card from the list...
2026-04-17 17:52:24,728 - INFO - Clicking 'Preview and Pay'...
2026-04-17 17:52:25,867 - INFO - Waiting for Payment Summary card...
2026-04-17 17:52:26,579 - INFO - ✅ Step 3 (Payment & Summary) complete.
2026-04-17 17:52:26,580 - INFO - Starting Final Confirmation Modal...
2026-04-17 17:52:26,581 - INFO - Waiting for Payment Confirmation modal...
2026-04-17 17:52:26,746 - INFO - Clicking the final 'Pay' button inside the Confirmation Modal...
2026-04-17 17:52:29,415 - INFO - ✅ Account onboarding completed successfully.
2026-04-17 17:52:29,418 - INFO - Finalizing process: Clicking 'Account Summary' button...
2026-04-17 17:52:30,287 - INFO - ✅ Navigating to Account Summary page.
2026-04-17 17:52:30,292 - INFO - Test completed successfully.
