2026-04-16 15:52:29,957 - INFO - Test Session Started.
2026-04-16 15:52:29,957 - INFO - Navigating to Login Page: http://operator-qa.qmaastech.com/
2026-04-16 15:52:29,960 - INFO - Navigating to: http://operator-qa.qmaastech.com/
2026-04-16 15:52:32,223 - INFO - Attempting login for user: superadmin_qm@yopmail.com
2026-04-16 15:52:33,915 - INFO - Logging DOM elements BEFORE login click...
2026-04-16 15:52:33,918 - INFO - 
================================================================================
2026-04-16 15:52:33,920 - INFO - DOM SNAPSHOT AT STAGE: Before_Login
2026-04-16 15:52:33,921 - INFO - ================================================================================
2026-04-16 15:52:33,959 - INFO - 
Searching for pop-up elements in page content...
2026-04-16 15:52:34,229 - WARNING - ⚠ No known pop-up selectors found. Checking all visible divs...
2026-04-16 15:52:34,267 - INFO - Total DIV elements on page: 21
2026-04-16 15:52:34,672 - INFO -   Visible DIV 1: class='hero-pills' id='no-id' text='bolt
Real-time
smart_toy
AI-driven
hub
Multi-agenc'
2026-04-16 15:52:34,833 - INFO -   Visible DIV 2: class='auth-panel' id='no-id' text='Welcome Back

Sign in to your account to continue
'
2026-04-16 15:52:34,923 - INFO -   Visible DIV 3: class='auth-card' id='no-id' text='Welcome Back

Sign in to your account to continue
'
2026-04-16 15:52:34,990 - INFO -   Visible DIV 4: class='auth-step' id='no-id' text='Welcome Back

Sign in to your account to continue
'
2026-04-16 15:52:35,112 - INFO -   Visible DIV 5: class='field-wrap' id='no-id' text='Email ID / Username *
person'
2026-04-16 15:52:35,187 - INFO -   Visible DIV 6: class='input-shell' id='no-id' text='person'
2026-04-16 15:52:35,263 - INFO -   Visible DIV 7: class='field-wrap' id='no-id' text='Password *
lock
visibility_off'
2026-04-16 15:52:35,339 - INFO -   Visible DIV 8: class='input-shell' id='no-id' text='lock
visibility_off'
2026-04-16 15:52:35,402 - INFO -   Visible DIV 9: class='auth-bottom-links' id='no-id' text='New user?  Access Account

Forgot password?'
2026-04-16 15:52:35,450 - INFO - 
================================================================================

2026-04-16 15:52:36,032 - INFO - Login button clicked.
2026-04-16 15:52:36,036 - INFO - Taking rapid screenshots and validating pop-up...
2026-04-16 15:52:36,619 - INFO - Screenshot captured: reports\RUN_20260416_155223\screenshots\03_Popup_Immediate_1_155236.png
2026-04-16 15:52:36,620 - INFO - Screenshot 1 captured - Attempting validation...
2026-04-16 15:52:36,620 - INFO - 
================================================================================
2026-04-16 15:52:36,621 - INFO - STARTING COMPREHENSIVE POP-UP VALIDATION
2026-04-16 15:52:36,622 - INFO - ================================================================================
2026-04-16 15:52:36,789 - INFO - 
[VALIDATION 1] Checking Pop-up Visibility...
2026-04-16 15:52:36,831 - INFO -   Visibility Status: True
2026-04-16 15:52:36,832 - INFO -   PASSED: Pop-up is visible
2026-04-16 15:52:36,833 - INFO - 
[VALIDATION 2] Extracting and Validating Text Content...
2026-04-16 15:52:36,858 - INFO -   Extracted Text: 'Login Successful'
2026-04-16 15:52:36,859 - INFO -   PASSED: Text matches exactly: 'Login Successful'
2026-04-16 15:52:36,859 - INFO - 
[VALIDATION 3] Checking for Typos...
2026-04-16 15:52:36,859 - INFO -   PASSED: No known typos detected
2026-04-16 15:52:36,860 - INFO - 
[VALIDATION 4] Extracting CSS Classes and Attributes...
2026-04-16 15:52:36,872 - INFO -   CSS Classes: snackbar success-snackbar
2026-04-16 15:52:36,872 - INFO -   PASSED: 'success' class is present
2026-04-16 15:52:36,872 - INFO - 
[VALIDATION 5] Checking Element Properties...
2026-04-16 15:52:36,982 - INFO -   ID: Not set
2026-04-16 15:52:36,983 - INFO -   Data-TestID: Not set
2026-04-16 15:52:36,983 - INFO -   Role: Not set
2026-04-16 15:52:36,984 - INFO -   ARIA Label: Not set
2026-04-16 15:52:36,988 - INFO - 
[VALIDATION 6] Checking Position and Size...
2026-04-16 15:52:37,004 - INFO -   X: 1248.9024658203125, Y: 20
2026-04-16 15:52:37,004 - INFO -   Width: 250, Height: 43.5
2026-04-16 15:52:37,004 - INFO -   PASSED: Element has valid dimensions
2026-04-16 15:52:37,004 - INFO - 
[VALIDATION 7] Checking Computed Styles...
2026-04-16 15:52:37,049 - INFO -   Display: block
2026-04-16 15:52:37,052 - INFO -   Opacity: 0.979176
2026-04-16 15:52:37,052 - INFO -   PASSED: Element is displayed with proper opacity
2026-04-16 15:52:37,052 - INFO - 
================================================================================
2026-04-16 15:52:37,054 - INFO - POP-UP VALIDATION SUMMARY
2026-04-16 15:52:37,054 - INFO - ================================================================================
2026-04-16 15:52:37,054 - INFO -   Visibility: PASSED
2026-04-16 15:52:37,056 - INFO -   Text Match: PASSED
2026-04-16 15:52:37,056 - INFO -   Typo Check: PASSED
2026-04-16 15:52:37,056 - INFO -   CSS Classes: Present
2026-04-16 15:52:37,057 - INFO -   Position & Size: Valid
2026-04-16 15:52:37,057 - INFO -   Computed Styles: Valid
2026-04-16 15:52:37,057 - INFO - ================================================================================

2026-04-16 15:52:37,057 - INFO - ✓ ALL VALIDATIONS PASSED - Pop-up is working correctly!
2026-04-16 15:52:37,422 - INFO - Screenshot captured: reports\RUN_20260416_155223\screenshots\03_Popup_Immediate_2_155237.png
2026-04-16 15:52:37,423 - INFO - Screenshot 2 captured - Attempting validation...
2026-04-16 15:52:37,424 - INFO - 
================================================================================
2026-04-16 15:52:37,424 - INFO - STARTING COMPREHENSIVE POP-UP VALIDATION
2026-04-16 15:52:37,426 - INFO - ================================================================================
2026-04-16 15:52:37,530 - ERROR - VALIDATION FAILED: Pop-up element not found!
2026-04-16 15:52:39,163 - INFO - Screenshot captured: reports\RUN_20260416_155223\screenshots\03_Popup_Immediate_3_155237.png
2026-04-16 15:52:39,164 - INFO - Screenshot 3 captured - Attempting validation...
2026-04-16 15:52:39,165 - INFO - 
================================================================================
2026-04-16 15:52:39,166 - INFO - STARTING COMPREHENSIVE POP-UP VALIDATION
2026-04-16 15:52:39,168 - INFO - ================================================================================
2026-04-16 15:52:39,191 - ERROR - VALIDATION FAILED: Pop-up element not found!
2026-04-16 15:52:39,318 - INFO - Logging DOM elements AFTER login click (pop-up should appear here)...
2026-04-16 15:52:39,319 - INFO - 
================================================================================
2026-04-16 15:52:39,320 - INFO - DOM SNAPSHOT AT STAGE: After_Login_Click
2026-04-16 15:52:39,320 - INFO - ================================================================================
2026-04-16 15:52:39,344 - INFO - 
Searching for pop-up elements in page content...
2026-04-16 15:52:39,645 - WARNING - ⚠ No known pop-up selectors found. Checking all visible divs...
2026-04-16 15:52:39,691 - INFO - Total DIV elements on page: 29
2026-04-16 15:52:39,881 - INFO -   Visible DIV 1: class='header-right' id='no-id' text='English
French
Spanish
Quantum Toll Authority
supe'
2026-04-16 15:52:39,992 - INFO -   Visible DIV 2: class='nav-user' id='no-id' text='Quantum Toll Authority
superadmin_qm@yopmail.com'
2026-04-16 15:52:40,141 - INFO -   Visible DIV 3: class='nav-user-info' id='no-id' text='Quantum Toll Authority
superadmin_qm@yopmail.com'
2026-04-16 15:52:40,244 - INFO -   Visible DIV 4: class='uname' id='no-id' text='Quantum Toll Authority'
2026-04-16 15:52:40,346 - INFO -   Visible DIV 5: class='urole' id='no-id' text='superadmin_qm@yopmail.com'
2026-04-16 15:52:40,445 - INFO -   Visible DIV 6: class='main-container' id='no-id' text='dashboard_2
group
decimal_increase
admin_panel_set'
2026-04-16 15:52:40,531 - INFO -   Visible DIV 7: class='inner' id='no-id' text='dashboard_2'
2026-04-16 15:52:40,617 - INFO -   Visible DIV 8: class='inner' id='no-id' text='group'
2026-04-16 15:52:40,731 - INFO -   Visible DIV 9: class='inner' id='no-id' text='decimal_increase'
2026-04-16 15:52:40,847 - INFO -   Visible DIV 10: class='inner' id='no-id' text='admin_panel_settings'
2026-04-16 15:52:40,962 - INFO -   Visible DIV 11: class='inner' id='no-id' text='nest_doorbell_visitor'
2026-04-16 15:52:41,072 - INFO -   Visible DIV 12: class='inner' id='no-id' text='key_visualizer'
2026-04-16 15:52:41,095 - INFO - 
================================================================================

2026-04-16 15:52:41,495 - INFO - Screenshot captured: reports\RUN_20260416_155223\screenshots\02_Just_After_Login_Click_155241.png
2026-04-16 15:52:41,831 - INFO - Starting Onboarding Flow Test
2026-04-16 15:52:41,832 - INFO - Starting navigation to Onboard Customer page...
2026-04-16 15:52:41,832 - INFO - Clicking Workbench icon...
2026-04-16 15:52:42,474 - INFO - Workbench menu expanded.
2026-04-16 15:52:42,475 - INFO - Clicking 'Manage Accounts' sub-menu...
2026-04-16 15:52:43,064 - INFO - 'Manage Accounts' submenu expanded.
2026-04-16 15:52:43,065 - INFO - Clicking 'Onboard a Customer' link...
2026-04-16 15:52:44,123 - INFO - Successfully navigated to Onboard Customer page.
2026-04-16 15:52:44,531 - INFO - Screenshot captured: reports\RUN_20260416_155223\screenshots\02_Onboard_Customer_Landing_155244.png
2026-04-16 15:52:44,532 - INFO - Filling Onboarding details for United States...
2026-04-16 15:52:46,537 - INFO - Filled First Name: VklxnzadX
2026-04-16 15:52:48,012 - INFO - Filled Last Name: KZeKdfSywFp
2026-04-16 15:52:49,158 - INFO - Checked: Use Same for Billing
2026-04-16 15:52:50,353 - INFO - Checked: Use Same for Shipping
2026-04-16 15:52:51,518 - INFO - Checked: Primary Address
2026-04-16 15:52:56,137 - INFO - Filled Address: 123 Automation Way
2026-04-16 15:52:57,581 - INFO - Filled Zip Code: 12345
2026-04-16 15:52:59,628 - INFO - Filled Unique Phone Number: 7827327973
2026-04-16 15:53:01,047 - INFO - Filled Email: auto_vklxnzadx@test.com
2026-04-16 15:53:02,531 - INFO - Filled Confirm Email: auto_vklxnzadx@test.com
2026-04-16 15:53:02,533 - INFO - Clicking 'Save & Next'...
2026-04-16 15:53:19,215 - ERROR - Verification failed: Timeout 15000ms exceeded.
2026-04-16 15:54:37,417 - INFO - Test Session Started.
2026-04-16 15:54:37,427 - INFO - Navigating to Login Page: http://operator-qa.qmaastech.com/
2026-04-16 15:54:37,428 - INFO - Navigating to: http://operator-qa.qmaastech.com/
2026-04-16 15:54:41,252 - INFO - Attempting login for user: superadmin_qm@yopmail.com
2026-04-16 15:54:43,099 - INFO - Logging DOM elements BEFORE login click...
2026-04-16 15:54:43,099 - INFO - 
================================================================================
2026-04-16 15:54:43,099 - INFO - DOM SNAPSHOT AT STAGE: Before_Login
2026-04-16 15:54:43,104 - INFO - ================================================================================
2026-04-16 15:54:43,119 - INFO - 
Searching for pop-up elements in page content...
2026-04-16 15:54:43,496 - WARNING - ⚠ No known pop-up selectors found. Checking all visible divs...
2026-04-16 15:54:43,553 - INFO - Total DIV elements on page: 21
2026-04-16 15:54:44,332 - INFO -   Visible DIV 1: class='hero-pills' id='no-id' text='bolt
Real-time
smart_toy
AI-driven
hub
Multi-agenc'
2026-04-16 15:54:44,591 - INFO -   Visible DIV 2: class='auth-panel' id='no-id' text='Welcome Back

Sign in to your account to continue
'
2026-04-16 15:54:44,752 - INFO -   Visible DIV 3: class='auth-card' id='no-id' text='Welcome Back

Sign in to your account to continue
'
2026-04-16 15:54:44,888 - INFO -   Visible DIV 4: class='auth-step' id='no-id' text='Welcome Back

Sign in to your account to continue
'
2026-04-16 15:54:45,093 - INFO -   Visible DIV 5: class='field-wrap' id='no-id' text='Email ID / Username *
person'
2026-04-16 15:54:45,232 - INFO -   Visible DIV 6: class='input-shell' id='no-id' text='person'
2026-04-16 15:54:45,354 - INFO -   Visible DIV 7: class='field-wrap' id='no-id' text='Password *
lock
visibility_off'
2026-04-16 15:54:45,493 - INFO -   Visible DIV 8: class='input-shell' id='no-id' text='lock
visibility_off'
2026-04-16 15:54:45,621 - INFO -   Visible DIV 9: class='auth-bottom-links' id='no-id' text='New user?  Access Account

Forgot password?'
2026-04-16 15:54:45,672 - INFO - 
================================================================================

2026-04-16 15:54:46,277 - INFO - Login button clicked.
2026-04-16 15:54:46,283 - INFO - Taking rapid screenshots and validating pop-up...
2026-04-16 15:54:47,204 - INFO - Screenshot captured: reports\RUN_20260416_155434\screenshots\03_Popup_Immediate_1_155446.png
2026-04-16 15:54:47,204 - INFO - Screenshot 1 captured - Attempting validation...
2026-04-16 15:54:47,204 - INFO - 
================================================================================
2026-04-16 15:54:47,204 - INFO - STARTING COMPREHENSIVE POP-UP VALIDATION
2026-04-16 15:54:47,204 - INFO - ================================================================================
2026-04-16 15:54:47,246 - INFO - 
[VALIDATION 1] Checking Pop-up Visibility...
2026-04-16 15:54:47,282 - INFO -   Visibility Status: True
2026-04-16 15:54:47,284 - INFO -   PASSED: Pop-up is visible
2026-04-16 15:54:47,285 - INFO - 
[VALIDATION 2] Extracting and Validating Text Content...
2026-04-16 15:54:47,315 - INFO -   Extracted Text: 'Login Successful'
2026-04-16 15:54:47,315 - INFO -   PASSED: Text matches exactly: 'Login Successful'
2026-04-16 15:54:47,317 - INFO - 
[VALIDATION 3] Checking for Typos...
2026-04-16 15:54:47,318 - INFO -   PASSED: No known typos detected
2026-04-16 15:54:47,318 - INFO - 
[VALIDATION 4] Extracting CSS Classes and Attributes...
2026-04-16 15:54:47,353 - INFO -   CSS Classes: snackbar success-snackbar
2026-04-16 15:54:47,354 - INFO -   PASSED: 'success' class is present
2026-04-16 15:54:47,354 - INFO - 
[VALIDATION 5] Checking Element Properties...
2026-04-16 15:54:47,622 - INFO -   ID: Not set
2026-04-16 15:54:47,623 - INFO -   Data-TestID: Not set
2026-04-16 15:54:47,624 - INFO -   Role: Not set
2026-04-16 15:54:47,624 - INFO -   ARIA Label: Not set
2026-04-16 15:54:47,625 - INFO - 
[VALIDATION 6] Checking Position and Size...
2026-04-16 15:54:47,667 - WARNING -   WARNING: Could not get bounding box
2026-04-16 15:54:47,668 - INFO - 
[VALIDATION 7] Checking Computed Styles...
2026-04-16 15:54:47,703 - ERROR - Validation error: TypeError: Failed to execute 'getComputedStyle' on 'Window': parameter 1 is not of type 'Element'.
    at eval (eval at evaluate (:226:30), <anonymous>:1:8)
    at eval (<anonymous>)
    at UtilityScript.evaluate (<anonymous>:226:30)
    at UtilityScript.<anonymous> (<anonymous>:1:44)
2026-04-16 15:54:47,703 - WARNING -   WARNING: Could not check computed styles - element may have disappeared
2026-04-16 15:54:47,703 - INFO - 
================================================================================
2026-04-16 15:54:47,714 - INFO - POP-UP VALIDATION SUMMARY
2026-04-16 15:54:47,714 - INFO - ================================================================================
2026-04-16 15:54:47,714 - INFO -   Visibility: PASSED
2026-04-16 15:54:47,714 - INFO -   Text Match: PASSED
2026-04-16 15:54:47,714 - INFO -   Typo Check: PASSED
2026-04-16 15:54:47,714 - INFO -   CSS Classes: Present
2026-04-16 15:54:47,714 - INFO -   Position & Size: Valid
2026-04-16 15:54:47,722 - INFO -   Computed Styles: Valid
2026-04-16 15:54:47,722 - INFO - ================================================================================

2026-04-16 15:54:47,724 - INFO - ✓ ALL VALIDATIONS PASSED - Pop-up is working correctly!
2026-04-16 15:54:49,817 - INFO - Screenshot captured: reports\RUN_20260416_155434\screenshots\03_Popup_Immediate_2_155447.png
2026-04-16 15:54:49,818 - INFO - Screenshot 2 captured - Attempting validation...
2026-04-16 15:54:49,818 - INFO - 
================================================================================
2026-04-16 15:54:49,820 - INFO - STARTING COMPREHENSIVE POP-UP VALIDATION
2026-04-16 15:54:49,821 - INFO - ================================================================================
2026-04-16 15:54:49,858 - ERROR - VALIDATION FAILED: Pop-up element not found!
2026-04-16 15:54:50,603 - INFO - Screenshot captured: reports\RUN_20260416_155434\screenshots\03_Popup_Immediate_3_155449.png
2026-04-16 15:54:50,605 - INFO - Screenshot 3 captured - Attempting validation...
2026-04-16 15:54:50,606 - INFO - 
================================================================================
2026-04-16 15:54:50,607 - INFO - STARTING COMPREHENSIVE POP-UP VALIDATION
2026-04-16 15:54:50,608 - INFO - ================================================================================
2026-04-16 15:54:50,652 - ERROR - VALIDATION FAILED: Pop-up element not found!
2026-04-16 15:54:50,800 - INFO - Logging DOM elements AFTER login click (pop-up should appear here)...
2026-04-16 15:54:50,801 - INFO - 
================================================================================
2026-04-16 15:54:50,802 - INFO - DOM SNAPSHOT AT STAGE: After_Login_Click
2026-04-16 15:54:50,803 - INFO - ================================================================================
2026-04-16 15:54:50,865 - INFO - 
Searching for pop-up elements in page content...
2026-04-16 15:54:51,466 - WARNING - ⚠ No known pop-up selectors found. Checking all visible divs...
2026-04-16 15:54:51,574 - INFO - Total DIV elements on page: 29
2026-04-16 15:54:51,979 - INFO -   Visible DIV 1: class='header-right' id='no-id' text='English
French
Spanish
Quantum Toll Authority
supe'
2026-04-16 15:54:52,213 - INFO -   Visible DIV 2: class='nav-user' id='no-id' text='Quantum Toll Authority
superadmin_qm@yopmail.com'
2026-04-16 15:54:52,579 - INFO -   Visible DIV 3: class='nav-user-info' id='no-id' text='Quantum Toll Authority
superadmin_qm@yopmail.com'
2026-04-16 15:54:52,910 - INFO -   Visible DIV 4: class='uname' id='no-id' text='Quantum Toll Authority'
2026-04-16 15:54:53,161 - INFO -   Visible DIV 5: class='urole' id='no-id' text='superadmin_qm@yopmail.com'
2026-04-16 15:54:53,413 - INFO -   Visible DIV 6: class='main-container' id='no-id' text='dashboard_2
group
decimal_increase
admin_panel_set'
2026-04-16 15:54:53,622 - INFO -   Visible DIV 7: class='inner' id='no-id' text='dashboard_2'
2026-04-16 15:54:53,800 - INFO -   Visible DIV 8: class='inner' id='no-id' text='group'
2026-04-16 15:54:54,031 - INFO -   Visible DIV 9: class='inner' id='no-id' text='decimal_increase'
2026-04-16 15:54:54,297 - INFO -   Visible DIV 10: class='inner' id='no-id' text='admin_panel_settings'
2026-04-16 15:54:54,539 - INFO -   Visible DIV 11: class='inner' id='no-id' text='nest_doorbell_visitor'
2026-04-16 15:54:54,783 - INFO -   Visible DIV 12: class='inner' id='no-id' text='key_visualizer'
2026-04-16 15:54:54,840 - INFO - 
================================================================================

2026-04-16 15:54:55,179 - INFO - Screenshot captured: reports\RUN_20260416_155434\screenshots\02_Just_After_Login_Click_155454.png
2026-04-16 15:54:55,783 - INFO - Starting Onboarding Flow Test
2026-04-16 15:54:55,785 - INFO - Starting navigation to Onboard Customer page...
2026-04-16 15:54:55,786 - INFO - Clicking Workbench icon...
2026-04-16 15:54:56,501 - INFO - Workbench menu expanded.
2026-04-16 15:54:56,507 - INFO - Clicking 'Manage Accounts' sub-menu...
2026-04-16 15:54:57,168 - INFO - 'Manage Accounts' submenu expanded.
2026-04-16 15:54:57,174 - INFO - Clicking 'Onboard a Customer' link...
2026-04-16 15:54:59,643 - INFO - Successfully navigated to Onboard Customer page.
2026-04-16 15:55:00,474 - INFO - Screenshot captured: reports\RUN_20260416_155434\screenshots\02_Onboard_Customer_Landing_155459.png
2026-04-16 15:55:00,476 - INFO - Filling Onboarding details for United States...
2026-04-16 15:55:02,438 - INFO - Filled First Name: DCPtbsRChZqFSLONuzLVFK
2026-04-16 15:55:03,843 - INFO - Filled Last Name: WmCpkPSeDzMVookWsdWWqBXyAXzSkDx
2026-04-16 15:55:05,036 - INFO - Checked: Use Same for Billing
2026-04-16 15:55:06,162 - INFO - Checked: Use Same for Shipping
2026-04-16 15:55:07,284 - INFO - Checked: Primary Address
2026-04-16 15:55:11,863 - INFO - Filled Address: 123 Automation Way
2026-04-16 15:55:13,298 - INFO - Filled Zip Code: 12345
2026-04-16 15:55:15,241 - INFO - Filled Unique Phone Number: 7943818902
2026-04-16 15:55:16,627 - INFO - Filled Email: auto_dcptbsrchzqfslonuzlvfk@test.com
2026-04-16 15:55:18,008 - INFO - Filled Confirm Email: auto_dcptbsrchzqfslonuzlvfk@test.com
2026-04-16 15:55:18,010 - INFO - Clicking 'Save & Next'...
2026-04-16 15:55:30,452 - INFO - Successfully verified Step 1 completion.
2026-04-16 15:55:30,568 - INFO - Retrieved Temporary Account ID: 1000002475
2026-04-16 15:55:30,569 - INFO - Step 1 Success. ID: 1000002475
2026-04-16 15:55:30,570 - INFO - Starting Step 2: Adding 2 Vehicle(s)...
2026-04-16 15:55:31,982 - INFO - Filled Plate Number 1: QA1480GP
2026-04-16 15:55:38,262 - INFO - Filled Plate Start Date: 2026-04-16
2026-04-16 15:55:51,609 - INFO - Vehicle 1 added.
2026-04-16 15:55:53,061 - INFO - Filled Plate Number 2: QA4621GP
2026-04-16 15:55:59,378 - INFO - Filled Plate Start Date: 2026-04-16
2026-04-16 15:56:12,688 - INFO - Vehicle 2 added.
2026-04-16 15:56:20,232 - INFO - Step 2 complete successfully.
2026-04-16 15:56:21,215 - INFO - Captured Permanent Account Number: 2000002213
2026-04-16 15:56:21,216 - INFO - Starting Step 3: Payment Information...
2026-04-16 15:56:21,216 - INFO - Ensuring 'Save and Pay' tab is active...
2026-04-16 15:56:23,422 - INFO - Selecting 'Credit Card' from Payment Method dropdown...
2026-04-16 15:56:25,600 - INFO - Opening 'Add Payment Method' modal...
2026-04-16 15:56:27,922 - INFO - Filled Cardholder Name: WXtNfrabcXVZRufXFeyVoNWeFUm
2026-04-16 15:56:29,688 - INFO - Filled Card Number: 9613419318513035
2026-04-16 15:56:31,447 - INFO - Filled Expiry Date: 04/28
2026-04-16 15:56:33,035 - INFO - Filled CVV: 267
2026-04-16 15:56:33,040 - INFO - Clicking 'Add Card' submit button...
2026-04-16 15:56:33,755 - INFO - Card added successfully.
2026-04-16 15:56:34,784 - INFO - Selecting the Credit Card from the list...
2026-04-16 15:56:35,949 - INFO - ✅ Selected the Credit Card radio button.
2026-04-16 15:56:35,950 - INFO - Clicking 'Preview and Pay'...
2026-04-16 15:56:37,215 - INFO - Waiting for Payment Summary card...
2026-04-16 15:56:37,407 - INFO - Clicking 'PAY' button on the Summary Page...
2026-04-16 15:56:37,958 - INFO - ✅ Step 3 (Payment & Summary) complete.
2026-04-16 15:56:37,959 - INFO - Starting Final Confirmation Modal...
2026-04-16 15:56:37,959 - INFO - Waiting for Payment Confirmation modal...
2026-04-16 15:56:38,164 - INFO - Clicking the final 'Pay' button inside the Confirmation Modal...
2026-04-16 15:56:41,207 - INFO - ✅ Account onboarding completed successfully.
2026-04-16 15:56:41,212 - INFO - Finalizing process: Clicking 'Account Summary' button...
2026-04-16 15:56:41,992 - INFO - ✅ Navigating to Account Summary page.
2026-04-16 15:56:41,996 - INFO - Test completed successfully.
2026-04-16 16:16:59,797 - INFO - Test Session Started.
2026-04-16 16:16:59,798 - INFO - Navigating to Login Page: http://operator-qa.qmaastech.com/
2026-04-16 16:16:59,799 - INFO - Navigating to: http://operator-qa.qmaastech.com/
2026-04-16 16:17:02,993 - INFO - Attempting login for user: superadmin_qm@yopmail.com
2026-04-16 16:17:04,746 - INFO - Logging DOM elements BEFORE login click...
2026-04-16 16:17:04,747 - INFO - 
================================================================================
2026-04-16 16:17:04,749 - INFO - DOM SNAPSHOT AT STAGE: Before_Login
2026-04-16 16:17:04,749 - INFO - ================================================================================
2026-04-16 16:17:04,779 - INFO - 
Searching for pop-up elements in page content...
2026-04-16 16:17:05,055 - WARNING - ⚠ No known pop-up selectors found. Checking all visible divs...
2026-04-16 16:17:05,163 - INFO - Total DIV elements on page: 21
2026-04-16 16:17:05,685 - INFO -   Visible DIV 1: class='hero-pills' id='no-id' text='bolt
Real-time
smart_toy
AI-driven
hub
Multi-agenc'
2026-04-16 16:17:05,817 - INFO -   Visible DIV 2: class='auth-panel' id='no-id' text='Welcome Back

Sign in to your account to continue
'
2026-04-16 16:17:05,912 - INFO -   Visible DIV 3: class='auth-card' id='no-id' text='Welcome Back

Sign in to your account to continue
'
2026-04-16 16:17:06,004 - INFO -   Visible DIV 4: class='auth-step' id='no-id' text='Welcome Back

Sign in to your account to continue
'
2026-04-16 16:17:06,135 - INFO -   Visible DIV 5: class='field-wrap' id='no-id' text='Email ID / Username *
person'
2026-04-16 16:17:06,225 - INFO -   Visible DIV 6: class='input-shell' id='no-id' text='person'
2026-04-16 16:17:06,300 - INFO -   Visible DIV 7: class='field-wrap' id='no-id' text='Password *
lock
visibility_off'
2026-04-16 16:17:06,375 - INFO -   Visible DIV 8: class='input-shell' id='no-id' text='lock
visibility_off'
2026-04-16 16:17:06,454 - INFO -   Visible DIV 9: class='auth-bottom-links' id='no-id' text='New user?  Access Account

Forgot password?'
2026-04-16 16:17:06,492 - INFO - 
================================================================================

2026-04-16 16:17:07,072 - INFO - Login button clicked.
2026-04-16 16:17:07,074 - INFO - Taking rapid screenshots and validating pop-up...
2026-04-16 16:17:07,754 - INFO - Screenshot captured: reports\RUN_20260416_161657\screenshots\03_Popup_Immediate_1_161707.png
2026-04-16 16:17:07,762 - INFO - Screenshot 1 captured - Attempting validation...
2026-04-16 16:17:07,763 - INFO - 
================================================================================
2026-04-16 16:17:07,771 - INFO - STARTING COMPREHENSIVE POP-UP VALIDATION
2026-04-16 16:17:07,779 - INFO - ================================================================================
2026-04-16 16:17:07,868 - INFO - 
[VALIDATION 1] Checking Pop-up Visibility...
2026-04-16 16:17:07,893 - INFO -   Visibility Status: True
2026-04-16 16:17:07,894 - INFO -   PASSED: Pop-up is visible
2026-04-16 16:17:07,894 - INFO - 
[VALIDATION 2] Extracting and Validating Text Content...
2026-04-16 16:17:07,921 - INFO -   Extracted Text: 'Login Successful'
2026-04-16 16:17:07,922 - INFO -   PASSED: Text matches exactly: 'Login Successful'
2026-04-16 16:17:07,922 - INFO - 
[VALIDATION 3] Checking for Typos...
2026-04-16 16:17:07,923 - INFO -   PASSED: No known typos detected
2026-04-16 16:17:07,923 - INFO - 
[VALIDATION 4] Extracting CSS Classes and Attributes...
2026-04-16 16:17:07,942 - INFO -   CSS Classes: snackbar success-snackbar
2026-04-16 16:17:07,942 - INFO -   PASSED: 'success' class is present
2026-04-16 16:17:07,943 - INFO - 
[VALIDATION 5] Checking Element Properties...
2026-04-16 16:17:08,259 - INFO -   ID: Not set
2026-04-16 16:17:08,260 - INFO -   Data-TestID: Not set
2026-04-16 16:17:08,260 - INFO -   Role: Not set
2026-04-16 16:17:08,261 - INFO -   ARIA Label: Not set
2026-04-16 16:17:08,261 - INFO - 
[VALIDATION 6] Checking Position and Size...
2026-04-16 16:17:08,300 - WARNING -   WARNING: Could not get bounding box
2026-04-16 16:17:08,301 - INFO - 
[VALIDATION 7] Checking Computed Styles...
2026-04-16 16:17:08,333 - ERROR - Validation error: TypeError: Failed to execute 'getComputedStyle' on 'Window': parameter 1 is not of type 'Element'.
    at eval (eval at evaluate (:226:30), <anonymous>:1:8)
    at eval (<anonymous>)
    at UtilityScript.evaluate (<anonymous>:226:30)
    at UtilityScript.<anonymous> (<anonymous>:1:44)
2026-04-16 16:17:08,333 - WARNING -   WARNING: Could not check computed styles - element may have disappeared
2026-04-16 16:17:08,333 - INFO - 
================================================================================
2026-04-16 16:17:08,333 - INFO - POP-UP VALIDATION SUMMARY
2026-04-16 16:17:08,333 - INFO - ================================================================================
2026-04-16 16:17:08,333 - INFO -   Visibility: PASSED
2026-04-16 16:17:08,333 - INFO -   Text Match: PASSED
2026-04-16 16:17:08,333 - INFO -   Typo Check: PASSED
2026-04-16 16:17:08,339 - INFO -   CSS Classes: Present
2026-04-16 16:17:08,339 - INFO -   Position & Size: Valid
2026-04-16 16:17:08,339 - INFO -   Computed Styles: Valid
2026-04-16 16:17:08,339 - INFO - ================================================================================

2026-04-16 16:17:08,339 - INFO - ✓ ALL VALIDATIONS PASSED - Pop-up is working correctly!
2026-04-16 16:17:09,873 - INFO - Screenshot captured: reports\RUN_20260416_161657\screenshots\03_Popup_Immediate_2_161708.png
2026-04-16 16:17:09,874 - INFO - Screenshot 2 captured - Attempting validation...
2026-04-16 16:17:09,876 - INFO - 
================================================================================
2026-04-16 16:17:09,877 - INFO - STARTING COMPREHENSIVE POP-UP VALIDATION
2026-04-16 16:17:09,878 - INFO - ================================================================================
2026-04-16 16:17:09,914 - ERROR - VALIDATION FAILED: Pop-up element not found!
2026-04-16 16:17:10,356 - INFO - Screenshot captured: reports\RUN_20260416_161657\screenshots\03_Popup_Immediate_3_161710.png
2026-04-16 16:17:10,357 - INFO - Screenshot 3 captured - Attempting validation...
2026-04-16 16:17:10,359 - INFO - 
================================================================================
2026-04-16 16:17:10,360 - INFO - STARTING COMPREHENSIVE POP-UP VALIDATION
2026-04-16 16:17:10,360 - INFO - ================================================================================
2026-04-16 16:17:10,392 - ERROR - VALIDATION FAILED: Pop-up element not found!
2026-04-16 16:17:10,518 - INFO - Logging DOM elements AFTER login click (pop-up should appear here)...
2026-04-16 16:17:10,519 - INFO - 
================================================================================
2026-04-16 16:17:10,520 - INFO - DOM SNAPSHOT AT STAGE: After_Login_Click
2026-04-16 16:17:10,520 - INFO - ================================================================================
2026-04-16 16:17:10,547 - INFO - 
Searching for pop-up elements in page content...
2026-04-16 16:17:10,854 - WARNING - ⚠ No known pop-up selectors found. Checking all visible divs...
2026-04-16 16:17:10,904 - INFO - Total DIV elements on page: 29
2026-04-16 16:17:11,095 - INFO -   Visible DIV 1: class='header-right' id='no-id' text='English
French
Spanish
Quantum Toll Authority
supe'
2026-04-16 16:17:11,190 - INFO -   Visible DIV 2: class='nav-user' id='no-id' text='Quantum Toll Authority
superadmin_qm@yopmail.com'
2026-04-16 16:17:11,313 - INFO -   Visible DIV 3: class='nav-user-info' id='no-id' text='Quantum Toll Authority
superadmin_qm@yopmail.com'
2026-04-16 16:17:11,410 - INFO -   Visible DIV 4: class='uname' id='no-id' text='Quantum Toll Authority'
2026-04-16 16:17:11,500 - INFO -   Visible DIV 5: class='urole' id='no-id' text='superadmin_qm@yopmail.com'
2026-04-16 16:17:11,591 - INFO -   Visible DIV 6: class='main-container' id='no-id' text='dashboard_2
group
decimal_increase
admin_panel_set'
2026-04-16 16:17:11,696 - INFO -   Visible DIV 7: class='inner' id='no-id' text='dashboard_2'
2026-04-16 16:17:11,793 - INFO -   Visible DIV 8: class='inner' id='no-id' text='group'
2026-04-16 16:17:11,903 - INFO -   Visible DIV 9: class='inner' id='no-id' text='decimal_increase'
2026-04-16 16:17:12,027 - INFO -   Visible DIV 10: class='inner' id='no-id' text='admin_panel_settings'
2026-04-16 16:17:12,141 - INFO -   Visible DIV 11: class='inner' id='no-id' text='nest_doorbell_visitor'
2026-04-16 16:17:12,263 - INFO -   Visible DIV 12: class='inner' id='no-id' text='key_visualizer'
2026-04-16 16:17:12,285 - INFO - 
================================================================================

2026-04-16 16:17:12,454 - INFO - Screenshot captured: reports\RUN_20260416_161657\screenshots\02_Just_After_Login_Click_161712.png
2026-04-16 16:17:12,790 - INFO - Starting Onboarding Flow Test
2026-04-16 16:17:12,791 - INFO - Starting navigation to Onboard Customer page...
2026-04-16 16:17:12,792 - INFO - Clicking Workbench icon...
2026-04-16 16:17:13,419 - INFO - Workbench menu expanded.
2026-04-16 16:17:13,419 - INFO - Clicking 'Manage Accounts' sub-menu...
2026-04-16 16:17:13,968 - INFO - 'Manage Accounts' submenu expanded.
2026-04-16 16:17:13,968 - INFO - Clicking 'Onboard a Customer' link...
2026-04-16 16:17:15,223 - INFO - Successfully navigated to Onboard Customer page.
2026-04-16 16:17:15,901 - INFO - Screenshot captured: reports\RUN_20260416_161657\screenshots\02_Onboard_Customer_Landing_161715.png
2026-04-16 16:17:15,903 - INFO - Filling Onboarding details for United States...
2026-04-16 16:17:17,865 - INFO - Filled First Name: ibgplXDarLpanrEPVgqkYnguAUP
2026-04-16 16:17:19,266 - INFO - Filled Last Name: AYHGgVbXYqvJMMYAUcxOkPAzIyoaQqnOkduavdTAxieAv
2026-04-16 16:17:20,442 - INFO - Checked: Use Same for Billing
2026-04-16 16:17:21,573 - INFO - Checked: Use Same for Shipping
2026-04-16 16:17:22,742 - INFO - Checked: Primary Address
2026-04-16 16:17:27,355 - INFO - Filled Address: 123 Automation Way
2026-04-16 16:17:28,731 - INFO - Filled Zip Code: 12345
2026-04-16 16:17:30,756 - INFO - Filled Unique Phone Number: 7710626445
2026-04-16 16:17:32,186 - INFO - Filled Email: auto_ibgplxdarlpanrepvgqkynguaup@test.com
2026-04-16 16:17:33,593 - INFO - Filled Confirm Email: auto_ibgplxdarlpanrepvgqkynguaup@test.com
2026-04-16 16:17:33,596 - INFO - Clicking 'Save & Next'...
2026-04-16 16:17:35,320 - INFO - Successfully verified Step 1 completion.
2026-04-16 16:17:35,370 - INFO - Retrieved Temporary Account ID: 1000002477
2026-04-16 16:17:35,371 - INFO - Step 1 Success. ID: 1000002477
2026-04-16 16:17:35,371 - INFO - Starting Step 2: Adding 2 Vehicle(s)...
2026-04-16 16:17:36,813 - INFO - Filled Plate Number 1: QA1632GP
2026-04-16 16:17:43,133 - INFO - Filled Plate Start Date: 2026-04-16
2026-04-16 16:17:56,419 - INFO - Vehicle 1 added.
2026-04-16 16:17:57,911 - INFO - Filled Plate Number 2: QA6058GP
2026-04-16 16:18:04,245 - INFO - Filled Plate Start Date: 2026-04-16
2026-04-16 16:18:17,585 - INFO - Vehicle 2 added.
2026-04-16 16:18:39,385 - INFO - Step 2 complete successfully.
2026-04-16 16:18:40,314 - INFO - Captured Permanent Account Number: 2000002215
2026-04-16 16:18:40,314 - INFO - Starting Step 3: Payment Information...
2026-04-16 16:18:40,314 - INFO - Ensuring 'Save and Pay' tab is active...
2026-04-16 16:18:42,522 - INFO - Selecting 'Credit Card' from Payment Method dropdown...
2026-04-16 16:18:44,814 - INFO - Opening 'Add Payment Method' modal...
2026-04-16 16:18:47,242 - INFO - Filled Cardholder Name: wZLmqiiwfYhInUYQIhrTbQTbdcajNixgK
2026-04-16 16:18:49,005 - INFO - Filled Card Number: 5911585182916745
2026-04-16 16:18:50,792 - INFO - Filled Expiry Date: 04/28
2026-04-16 16:18:52,532 - INFO - Filled CVV: 770
2026-04-16 16:18:52,532 - INFO - Clicking 'Add Card' submit button...
2026-04-16 16:18:53,186 - INFO - Card added successfully.
2026-04-16 16:18:54,219 - INFO - Selecting the Credit Card from the list...
2026-04-16 16:18:55,394 - INFO - ✅ Selected the Credit Card radio button.
2026-04-16 16:18:55,395 - INFO - Clicking 'Preview and Pay'...
2026-04-16 16:18:56,562 - INFO - Waiting for Payment Summary card...
2026-04-16 16:18:56,668 - INFO - Clicking 'PAY' button on the Summary Page...
2026-04-16 16:18:57,226 - INFO - ✅ Step 3 (Payment & Summary) complete.
2026-04-16 16:18:57,231 - INFO - Starting Final Confirmation Modal...
2026-04-16 16:18:57,233 - INFO - Waiting for Payment Confirmation modal...
2026-04-16 16:18:57,455 - INFO - Clicking the final 'Pay' button inside the Confirmation Modal...
2026-04-16 16:19:00,200 - INFO - ✅ Account onboarding completed successfully.
2026-04-16 16:19:00,203 - INFO - Finalizing process: Clicking 'Account Summary' button...
2026-04-16 16:19:01,105 - INFO - ✅ Navigating to Account Summary page.
2026-04-16 16:19:01,110 - INFO - Test completed successfully.
2026-04-16 16:41:20,117 - INFO - Test Session Started.
2026-04-16 16:41:20,117 - INFO - Navigating to Login Page: http://operator-qa.qmaastech.com/
2026-04-16 16:41:20,117 - INFO - Navigating to: http://operator-qa.qmaastech.com/
2026-04-16 16:41:22,263 - INFO - Attempting login for user: superadmin_qm@yopmail.com
2026-04-16 16:41:23,967 - INFO - Logging DOM elements BEFORE login click...
2026-04-16 16:41:23,967 - INFO - 
================================================================================
2026-04-16 16:41:23,967 - INFO - DOM SNAPSHOT AT STAGE: Before_Login
2026-04-16 16:41:23,967 - INFO - ================================================================================
2026-04-16 16:41:23,990 - INFO - 
Searching for pop-up elements in page content...
2026-04-16 16:41:24,228 - WARNING - ⚠ No known pop-up selectors found. Checking all visible divs...
2026-04-16 16:41:24,272 - INFO - Total DIV elements on page: 21
2026-04-16 16:41:24,738 - INFO -   Visible DIV 1: class='hero-pills' id='no-id' text='bolt
Real-time
smart_toy
AI-driven
hub
Multi-agenc'
2026-04-16 16:41:24,872 - INFO -   Visible DIV 2: class='auth-panel' id='no-id' text='Welcome Back

Sign in to your account to continue
'
2026-04-16 16:41:24,954 - INFO -   Visible DIV 3: class='auth-card' id='no-id' text='Welcome Back

Sign in to your account to continue
'
2026-04-16 16:41:25,019 - INFO -   Visible DIV 4: class='auth-step' id='no-id' text='Welcome Back

Sign in to your account to continue
'
2026-04-16 16:41:25,161 - INFO -   Visible DIV 5: class='field-wrap' id='no-id' text='Email ID / Username *
person'
2026-04-16 16:41:25,243 - INFO -   Visible DIV 6: class='input-shell' id='no-id' text='person'
2026-04-16 16:41:25,327 - INFO -   Visible DIV 7: class='field-wrap' id='no-id' text='Password *
lock
visibility_off'
2026-04-16 16:41:25,415 - INFO -   Visible DIV 8: class='input-shell' id='no-id' text='lock
visibility_off'
2026-04-16 16:41:25,498 - INFO -   Visible DIV 9: class='auth-bottom-links' id='no-id' text='New user?  Access Account

Forgot password?'
2026-04-16 16:41:25,542 - INFO - 
================================================================================

2026-04-16 16:41:26,135 - INFO - Login button clicked.
2026-04-16 16:41:26,143 - INFO - Taking rapid screenshots and validating pop-up...
2026-04-16 16:41:26,667 - INFO - Screenshot captured: reports\RUN_20260416_164116\screenshots\03_Popup_Immediate_1_164126.png
2026-04-16 16:41:26,668 - INFO - Screenshot 1 captured - Attempting validation...
2026-04-16 16:41:26,669 - INFO - 
================================================================================
2026-04-16 16:41:26,670 - INFO - STARTING COMPREHENSIVE POP-UP VALIDATION
2026-04-16 16:41:26,671 - INFO - ================================================================================
2026-04-16 16:41:26,692 - INFO - 
[VALIDATION 1] Checking Pop-up Visibility...
2026-04-16 16:41:26,708 - INFO -   Visibility Status: True
2026-04-16 16:41:26,710 - INFO -   PASSED: Pop-up is visible
2026-04-16 16:41:26,710 - INFO - 
[VALIDATION 2] Extracting and Validating Text Content...
2026-04-16 16:41:26,727 - INFO -   Extracted Text: 'Login Successful'
2026-04-16 16:41:26,728 - INFO -   PASSED: Text matches exactly: 'Login Successful'
2026-04-16 16:41:26,728 - INFO - 
[VALIDATION 3] Checking for Typos...
2026-04-16 16:41:26,729 - INFO -   PASSED: No known typos detected
2026-04-16 16:41:26,729 - INFO - 
[VALIDATION 4] Extracting CSS Classes and Attributes...
2026-04-16 16:41:26,746 - INFO -   CSS Classes: snackbar success-snackbar
2026-04-16 16:41:26,747 - INFO -   PASSED: 'success' class is present
2026-04-16 16:41:26,747 - INFO - 
[VALIDATION 5] Checking Element Properties...
2026-04-16 16:41:26,831 - INFO -   ID: Not set
2026-04-16 16:41:26,832 - INFO -   Data-TestID: Not set
2026-04-16 16:41:26,833 - INFO -   Role: Not set
2026-04-16 16:41:26,833 - INFO -   ARIA Label: Not set
2026-04-16 16:41:26,835 - INFO - 
[VALIDATION 6] Checking Position and Size...
2026-04-16 16:41:26,860 - INFO -   X: 1230, Y: 20
2026-04-16 16:41:26,860 - INFO -   Width: 250, Height: 43.5
2026-04-16 16:41:26,861 - INFO -   PASSED: Element has valid dimensions
2026-04-16 16:41:26,863 - INFO - 
[VALIDATION 7] Checking Computed Styles...
2026-04-16 16:41:26,893 - INFO -   Display: block
2026-04-16 16:41:26,893 - INFO -   Opacity: 1
2026-04-16 16:41:26,898 - INFO -   PASSED: Element is displayed with proper opacity
2026-04-16 16:41:26,898 - INFO - 
================================================================================
2026-04-16 16:41:26,899 - INFO - POP-UP VALIDATION SUMMARY
2026-04-16 16:41:26,899 - INFO - ================================================================================
2026-04-16 16:41:26,899 - INFO -   Visibility: PASSED
2026-04-16 16:41:26,899 - INFO -   Text Match: PASSED
2026-04-16 16:41:26,899 - INFO -   Typo Check: PASSED
2026-04-16 16:41:26,899 - INFO -   CSS Classes: Present
2026-04-16 16:41:26,899 - INFO -   Position & Size: Valid
2026-04-16 16:41:26,899 - INFO -   Computed Styles: Valid
2026-04-16 16:41:26,899 - INFO - ================================================================================

2026-04-16 16:41:26,899 - INFO - ✓ ALL VALIDATIONS PASSED - Pop-up is working correctly!
2026-04-16 16:41:27,332 - INFO - Screenshot captured: reports\RUN_20260416_164116\screenshots\03_Popup_Immediate_2_164126.png
2026-04-16 16:41:27,332 - INFO - Screenshot 2 captured - Attempting validation...
2026-04-16 16:41:27,334 - INFO - 
================================================================================
2026-04-16 16:41:27,335 - INFO - STARTING COMPREHENSIVE POP-UP VALIDATION
2026-04-16 16:41:27,335 - INFO - ================================================================================
2026-04-16 16:41:27,358 - ERROR - VALIDATION FAILED: Pop-up element not found!
2026-04-16 16:41:28,869 - INFO - Screenshot captured: reports\RUN_20260416_164116\screenshots\03_Popup_Immediate_3_164127.png
2026-04-16 16:41:28,870 - INFO - Screenshot 3 captured - Attempting validation...
2026-04-16 16:41:28,870 - INFO - 
================================================================================
2026-04-16 16:41:28,872 - INFO - STARTING COMPREHENSIVE POP-UP VALIDATION
2026-04-16 16:41:28,873 - INFO - ================================================================================
2026-04-16 16:41:28,893 - ERROR - VALIDATION FAILED: Pop-up element not found!
2026-04-16 16:41:29,017 - INFO - Logging DOM elements AFTER login click (pop-up should appear here)...
2026-04-16 16:41:29,018 - INFO - 
================================================================================
2026-04-16 16:41:29,019 - INFO - DOM SNAPSHOT AT STAGE: After_Login_Click
2026-04-16 16:41:29,019 - INFO - ================================================================================
2026-04-16 16:41:29,046 - INFO - 
Searching for pop-up elements in page content...
2026-04-16 16:41:29,298 - WARNING - ⚠ No known pop-up selectors found. Checking all visible divs...
2026-04-16 16:41:29,344 - INFO - Total DIV elements on page: 29
2026-04-16 16:41:29,532 - INFO -   Visible DIV 1: class='header-right' id='no-id' text='English
French
Spanish
Quantum Toll Authority
supe'
2026-04-16 16:41:29,632 - INFO -   Visible DIV 2: class='nav-user' id='no-id' text='Quantum Toll Authority
superadmin_qm@yopmail.com'
2026-04-16 16:41:29,791 - INFO -   Visible DIV 3: class='nav-user-info' id='no-id' text='Quantum Toll Authority
superadmin_qm@yopmail.com'
2026-04-16 16:41:29,895 - INFO -   Visible DIV 4: class='uname' id='no-id' text='Quantum Toll Authority'
2026-04-16 16:41:29,992 - INFO -   Visible DIV 5: class='urole' id='no-id' text='superadmin_qm@yopmail.com'
2026-04-16 16:41:30,090 - INFO -   Visible DIV 6: class='main-container' id='no-id' text='dashboard_2
group
decimal_increase
admin_panel_set'
2026-04-16 16:41:30,176 - INFO -   Visible DIV 7: class='inner' id='no-id' text='dashboard_2'
2026-04-16 16:41:30,263 - INFO -   Visible DIV 8: class='inner' id='no-id' text='group'
2026-04-16 16:41:30,363 - INFO -   Visible DIV 9: class='inner' id='no-id' text='decimal_increase'
2026-04-16 16:41:30,469 - INFO -   Visible DIV 10: class='inner' id='no-id' text='admin_panel_settings'
2026-04-16 16:41:30,581 - INFO -   Visible DIV 11: class='inner' id='no-id' text='nest_doorbell_visitor'
2026-04-16 16:41:30,688 - INFO -   Visible DIV 12: class='inner' id='no-id' text='key_visualizer'
2026-04-16 16:41:30,710 - INFO - 
================================================================================

2026-04-16 16:41:31,117 - INFO - Screenshot captured: reports\RUN_20260416_164116\screenshots\02_Just_After_Login_Click_164130.png
2026-04-16 16:41:31,416 - INFO - Starting Onboarding Flow Test
2026-04-16 16:41:31,418 - INFO - Starting navigation to Onboard Customer page...
2026-04-16 16:41:31,419 - INFO - Clicking Workbench icon...
2026-04-16 16:41:32,058 - INFO - Workbench menu expanded.
2026-04-16 16:41:32,059 - INFO - Clicking 'Manage Accounts' sub-menu...
2026-04-16 16:41:32,626 - INFO - 'Manage Accounts' submenu expanded.
2026-04-16 16:41:32,627 - INFO - Clicking 'Onboard a Customer' link...
2026-04-16 16:41:34,473 - INFO - Successfully navigated to Onboard Customer page.
2026-04-16 16:41:35,023 - INFO - Screenshot captured: reports\RUN_20260416_164116\screenshots\02_Onboard_Customer_Landing_164134.png
2026-04-16 16:41:35,023 - INFO - Filling Onboarding details for United States...
2026-04-16 16:41:36,968 - INFO - Filled First Name: lvELBPAzvIHTeWTIKuGdz
2026-04-16 16:41:38,354 - INFO - Filled Last Name: YlfLyTYOtzFpgFHrHmxCxgJQ
2026-04-16 16:41:39,630 - INFO - Checked: Use Same for Billing
2026-04-16 16:41:40,789 - INFO - Checked: Use Same for Shipping
2026-04-16 16:41:41,927 - INFO - Checked: Primary Address
2026-04-16 16:41:46,413 - INFO - Filled Address: 123 Automation Way
2026-04-16 16:41:47,767 - INFO - Filled Zip Code: 12345
2026-04-16 16:41:49,687 - INFO - Filled Unique Phone Number: 9185773354
2026-04-16 16:41:51,053 - INFO - Filled Email: auto_lvelbpazvihtewtikugdz@test.com
2026-04-16 16:41:52,488 - INFO - Filled Confirm Email: auto_lvelbpazvihtewtikugdz@test.com
2026-04-16 16:41:52,488 - INFO - Clicking 'Save & Next'...
2026-04-16 16:41:54,187 - INFO - Successfully verified Step 1 completion.
2026-04-16 16:41:54,245 - INFO - Retrieved Temporary Account ID: 1000002478
2026-04-16 16:41:54,245 - INFO - Step 1 Success. ID: 1000002478
2026-04-16 16:41:54,245 - INFO - Starting Step 2: Adding 2 Vehicle(s)...
2026-04-16 16:41:55,652 - INFO - Filled Plate Number 1: QA8541GP
2026-04-16 16:42:01,940 - INFO - Filled Plate Start Date: 2026-04-16
2026-04-16 16:42:15,310 - INFO - Vehicle 1 added.
2026-04-16 16:42:16,353 - INFO - Chatbot icon hidden via CSS injection.
2026-04-16 16:42:17,374 - INFO - Proceeding to Next page (Payment Info)...
2026-04-16 16:42:18,300 - INFO - Step 2 complete successfully. Navigated to Payment Info.
2026-04-16 16:42:48,339 - WARNING - Could not highlight/fill Plate Number 2: Timeout 30000ms exceeded.
2026-04-16 17:13:49,321 - INFO - Test Session Started.
2026-04-16 17:13:49,324 - INFO - Navigating to Login Page: http://operator-qa.qmaastech.com/
2026-04-16 17:13:49,325 - INFO - Navigating to: http://operator-qa.qmaastech.com/
2026-04-16 17:13:51,858 - INFO - Attempting login for user: superadmin_qm@yopmail.com
2026-04-16 17:13:53,526 - INFO - Logging DOM elements BEFORE login click...
2026-04-16 17:13:53,531 - INFO - 
================================================================================
2026-04-16 17:13:53,531 - INFO - DOM SNAPSHOT AT STAGE: Before_Login
2026-04-16 17:13:53,534 - INFO - ================================================================================
2026-04-16 17:13:53,562 - INFO - 
Searching for pop-up elements in page content...
2026-04-16 17:13:53,809 - WARNING - ⚠ No known pop-up selectors found. Checking all visible divs...
2026-04-16 17:13:53,844 - INFO - Total DIV elements on page: 21
2026-04-16 17:13:54,287 - INFO -   Visible DIV 1: class='hero-pills' id='no-id' text='bolt
Real-time
smart_toy
AI-driven
hub
Multi-agenc'
2026-04-16 17:13:54,402 - INFO -   Visible DIV 2: class='auth-panel' id='no-id' text='Welcome Back

Sign in to your account to continue
'
2026-04-16 17:13:54,480 - INFO -   Visible DIV 3: class='auth-card' id='no-id' text='Welcome Back

Sign in to your account to continue
'
2026-04-16 17:13:54,554 - INFO -   Visible DIV 4: class='auth-step' id='no-id' text='Welcome Back

Sign in to your account to continue
'
2026-04-16 17:13:54,667 - INFO -   Visible DIV 5: class='field-wrap' id='no-id' text='Email ID / Username *
person'
2026-04-16 17:13:54,739 - INFO -   Visible DIV 6: class='input-shell' id='no-id' text='person'
2026-04-16 17:13:54,830 - INFO -   Visible DIV 7: class='field-wrap' id='no-id' text='Password *
lock
visibility_off'
2026-04-16 17:13:54,918 - INFO -   Visible DIV 8: class='input-shell' id='no-id' text='lock
visibility_off'
2026-04-16 17:13:54,993 - INFO -   Visible DIV 9: class='auth-bottom-links' id='no-id' text='New user?  Access Account

Forgot password?'
2026-04-16 17:13:55,037 - INFO - 
================================================================================

2026-04-16 17:13:55,614 - INFO - Login button clicked.
2026-04-16 17:13:55,617 - INFO - Taking rapid screenshots and validating pop-up...
2026-04-16 17:13:56,205 - INFO - Screenshot captured: reports\RUN_20260416_171346\screenshots\03_Popup_Immediate_1_171355.png
2026-04-16 17:13:56,206 - INFO - Screenshot 1 captured - Attempting validation...
2026-04-16 17:13:56,206 - INFO - 
================================================================================
2026-04-16 17:13:56,206 - INFO - STARTING COMPREHENSIVE POP-UP VALIDATION
2026-04-16 17:13:56,206 - INFO - ================================================================================
2026-04-16 17:13:56,234 - INFO - 
[VALIDATION 1] Checking Pop-up Visibility...
2026-04-16 17:13:56,255 - INFO -   Visibility Status: True
2026-04-16 17:13:56,256 - INFO -   PASSED: Pop-up is visible
2026-04-16 17:13:56,256 - INFO - 
[VALIDATION 2] Extracting and Validating Text Content...
2026-04-16 17:13:56,277 - INFO -   Extracted Text: 'Login Successful'
2026-04-16 17:13:56,278 - INFO -   PASSED: Text matches exactly: 'Login Successful'
2026-04-16 17:13:56,278 - INFO - 
[VALIDATION 3] Checking for Typos...
2026-04-16 17:13:56,278 - INFO -   PASSED: No known typos detected
2026-04-16 17:13:56,278 - INFO - 
[VALIDATION 4] Extracting CSS Classes and Attributes...
2026-04-16 17:13:56,295 - INFO -   CSS Classes: snackbar success-snackbar
2026-04-16 17:13:56,295 - INFO -   PASSED: 'success' class is present
2026-04-16 17:13:56,295 - INFO - 
[VALIDATION 5] Checking Element Properties...
2026-04-16 17:13:56,377 - INFO -   ID: Not set
2026-04-16 17:13:56,377 - INFO -   Data-TestID: Not set
2026-04-16 17:13:56,377 - INFO -   Role: Not set
2026-04-16 17:13:56,377 - INFO -   ARIA Label: Not set
2026-04-16 17:13:56,377 - INFO - 
[VALIDATION 6] Checking Position and Size...
2026-04-16 17:13:56,395 - INFO -   X: 1230, Y: 20
2026-04-16 17:13:56,395 - INFO -   Width: 250, Height: 43.5
2026-04-16 17:13:56,395 - INFO -   PASSED: Element has valid dimensions
2026-04-16 17:13:56,395 - INFO - 
[VALIDATION 7] Checking Computed Styles...
2026-04-16 17:13:56,433 - INFO -   Display: block
2026-04-16 17:13:56,433 - INFO -   Opacity: 1
2026-04-16 17:13:56,433 - INFO -   PASSED: Element is displayed with proper opacity
2026-04-16 17:13:56,443 - INFO - 
================================================================================
2026-04-16 17:13:56,444 - INFO - POP-UP VALIDATION SUMMARY
2026-04-16 17:13:56,444 - INFO - ================================================================================
2026-04-16 17:13:56,444 - INFO -   Visibility: PASSED
2026-04-16 17:13:56,444 - INFO -   Text Match: PASSED
2026-04-16 17:13:56,444 - INFO -   Typo Check: PASSED
2026-04-16 17:13:56,444 - INFO -   CSS Classes: Present
2026-04-16 17:13:56,444 - INFO -   Position & Size: Valid
2026-04-16 17:13:56,444 - INFO -   Computed Styles: Valid
2026-04-16 17:13:56,444 - INFO - ================================================================================

2026-04-16 17:13:56,444 - INFO - ✓ ALL VALIDATIONS PASSED - Pop-up is working correctly!
2026-04-16 17:13:56,794 - INFO - Screenshot captured: reports\RUN_20260416_171346\screenshots\03_Popup_Immediate_2_171356.png
2026-04-16 17:13:56,796 - INFO - Screenshot 2 captured - Attempting validation...
2026-04-16 17:13:56,796 - INFO - 
================================================================================
2026-04-16 17:13:56,797 - INFO - STARTING COMPREHENSIVE POP-UP VALIDATION
2026-04-16 17:13:56,797 - INFO - ================================================================================
2026-04-16 17:13:56,822 - ERROR - VALIDATION FAILED: Pop-up element not found!
2026-04-16 17:13:58,341 - INFO - Screenshot captured: reports\RUN_20260416_171346\screenshots\03_Popup_Immediate_3_171356.png
2026-04-16 17:13:58,345 - INFO - Screenshot 3 captured - Attempting validation...
2026-04-16 17:13:58,346 - INFO - 
================================================================================
2026-04-16 17:13:58,347 - INFO - STARTING COMPREHENSIVE POP-UP VALIDATION
2026-04-16 17:13:58,349 - INFO - ================================================================================
2026-04-16 17:13:58,377 - ERROR - VALIDATION FAILED: Pop-up element not found!
2026-04-16 17:13:58,503 - INFO - Logging DOM elements AFTER login click (pop-up should appear here)...
2026-04-16 17:13:58,505 - INFO - 
================================================================================
2026-04-16 17:13:58,505 - INFO - DOM SNAPSHOT AT STAGE: After_Login_Click
2026-04-16 17:13:58,506 - INFO - ================================================================================
2026-04-16 17:13:58,538 - INFO - 
Searching for pop-up elements in page content...
2026-04-16 17:13:58,790 - WARNING - ⚠ No known pop-up selectors found. Checking all visible divs...
2026-04-16 17:13:58,833 - INFO - Total DIV elements on page: 29
2026-04-16 17:13:59,022 - INFO -   Visible DIV 1: class='header-right' id='no-id' text='English
French
Spanish
Quantum Toll Authority
supe'
2026-04-16 17:13:59,112 - INFO -   Visible DIV 2: class='nav-user' id='no-id' text='Quantum Toll Authority
superadmin_qm@yopmail.com'
2026-04-16 17:13:59,256 - INFO -   Visible DIV 3: class='nav-user-info' id='no-id' text='Quantum Toll Authority
superadmin_qm@yopmail.com'
2026-04-16 17:13:59,350 - INFO -   Visible DIV 4: class='uname' id='no-id' text='Quantum Toll Authority'
2026-04-16 17:13:59,441 - INFO -   Visible DIV 5: class='urole' id='no-id' text='superadmin_qm@yopmail.com'
2026-04-16 17:13:59,527 - INFO -   Visible DIV 6: class='main-container' id='no-id' text='dashboard_2
group
decimal_increase
admin_panel_set'
2026-04-16 17:13:59,627 - INFO -   Visible DIV 7: class='inner' id='no-id' text='dashboard_2'
2026-04-16 17:13:59,725 - INFO -   Visible DIV 8: class='inner' id='no-id' text='group'
2026-04-16 17:13:59,823 - INFO -   Visible DIV 9: class='inner' id='no-id' text='decimal_increase'
2026-04-16 17:13:59,938 - INFO -   Visible DIV 10: class='inner' id='no-id' text='admin_panel_settings'
2026-04-16 17:14:00,057 - INFO -   Visible DIV 11: class='inner' id='no-id' text='nest_doorbell_visitor'
2026-04-16 17:14:00,167 - INFO -   Visible DIV 12: class='inner' id='no-id' text='key_visualizer'
2026-04-16 17:14:00,186 - INFO - 
================================================================================

2026-04-16 17:14:00,547 - INFO - Screenshot captured: reports\RUN_20260416_171346\screenshots\02_Just_After_Login_Click_171400.png
2026-04-16 17:14:00,854 - INFO - Starting Onboarding Flow Test
2026-04-16 17:14:00,855 - INFO - Starting navigation to Onboard Customer page...
2026-04-16 17:14:00,856 - INFO - Clicking Workbench icon...
2026-04-16 17:14:01,480 - INFO - Workbench menu expanded.
2026-04-16 17:14:01,480 - INFO - Clicking 'Manage Accounts' sub-menu...
2026-04-16 17:14:02,049 - INFO - 'Manage Accounts' submenu expanded.
2026-04-16 17:14:02,049 - INFO - Clicking 'Onboard a Customer' link...
2026-04-16 17:14:03,343 - INFO - Successfully navigated to Onboard Customer page.
2026-04-16 17:14:03,718 - INFO - Screenshot captured: reports\RUN_20260416_171346\screenshots\02_Onboard_Customer_Landing_171403.png
2026-04-16 17:14:03,719 - INFO - Filling Onboarding details for United States...
2026-04-16 17:14:05,663 - INFO - Filled First Name: YicOUFMOkcPBREFFGZel
2026-04-16 17:14:07,112 - INFO - Filled Last Name: qovQtEsvhtxzuWg
2026-04-16 17:14:08,310 - INFO - Checked: Use Same for Billing
2026-04-16 17:14:09,489 - INFO - Checked: Use Same for Shipping
2026-04-16 17:14:10,661 - INFO - Checked: Primary Address
2026-04-16 17:14:15,201 - INFO - Filled Address: 123 Automation Way
2026-04-16 17:14:16,684 - INFO - Filled Zip Code: 12345
2026-04-16 17:14:18,682 - INFO - Filled Unique Phone Number: 9510077301
2026-04-16 17:14:20,115 - INFO - Filled Email: auto_yicoufmokcpbreffgzel@test.com
2026-04-16 17:14:21,551 - INFO - Filled Confirm Email: auto_yicoufmokcpbreffgzel@test.com
2026-04-16 17:14:21,552 - INFO - Clicking 'Save & Next'...
2026-04-16 17:14:23,200 - INFO - Successfully verified Step 1 completion.
2026-04-16 17:14:23,266 - INFO - Retrieved Temporary Account ID: 1000002481
2026-04-16 17:14:23,268 - INFO - Step 1 Success. ID: 1000002481
2026-04-16 17:14:23,270 - INFO - Starting Step 2: Adding 2 Vehicle(s)...
2026-04-16 17:14:24,723 - INFO - Filled Plate Number 1: QA6349GP
2026-04-16 17:14:31,018 - INFO - Filled Plate Start Date: 2026-04-16
2026-04-16 17:14:44,383 - INFO - Vehicle 1 added.
2026-04-16 17:14:45,805 - INFO - Filled Plate Number 2: QA1839GP
2026-04-16 17:14:52,057 - INFO - Filled Plate Start Date: 2026-04-16
2026-04-16 17:15:05,492 - INFO - Vehicle 2 added.
2026-04-16 17:15:06,525 - INFO - Chatbot icon hidden via CSS injection.
2026-04-16 17:15:07,536 - INFO - Proceeding to Next page (Payment Info)...
2026-04-16 17:15:08,525 - INFO - Step 2 complete successfully. Navigated to Payment Info.
2026-04-16 17:15:08,585 - INFO - Captured Permanent Account Number: 2000002219
2026-04-16 17:15:08,586 - INFO - Starting Step 3: Payment Information...
2026-04-16 17:15:08,587 - INFO - Ensuring 'Save and Pay' tab is active...
2026-04-16 17:15:10,710 - INFO - Selecting 'Credit Card' from Payment Method dropdown...
2026-04-16 17:15:40,752 - ERROR - Payment Step Error: Timeout 30000ms exceeded.
2026-04-16 17:28:32,675 - INFO - Test Session Started.
2026-04-16 17:28:32,676 - INFO - Navigating to Login Page: http://operator-qa.qmaastech.com/
2026-04-16 17:28:32,677 - INFO - Navigating to: http://operator-qa.qmaastech.com/
2026-04-16 17:28:35,188 - INFO - Attempting login for user: superadmin_qm@yopmail.com
2026-04-16 17:28:36,905 - INFO - Logging DOM elements BEFORE login click...
2026-04-16 17:28:36,906 - INFO - 
================================================================================
2026-04-16 17:28:36,907 - INFO - DOM SNAPSHOT AT STAGE: Before_Login
2026-04-16 17:28:36,907 - INFO - ================================================================================
2026-04-16 17:28:36,942 - INFO - 
Searching for pop-up elements in page content...
2026-04-16 17:28:37,250 - WARNING - ⚠ No known pop-up selectors found. Checking all visible divs...
2026-04-16 17:28:37,303 - INFO - Total DIV elements on page: 21
2026-04-16 17:28:37,785 - INFO -   Visible DIV 1: class='hero-pills' id='no-id' text='bolt
Real-time
smart_toy
AI-driven
hub
Multi-agenc'
2026-04-16 17:28:37,936 - INFO -   Visible DIV 2: class='auth-panel' id='no-id' text='Welcome Back

Sign in to your account to continue
'
2026-04-16 17:28:38,089 - INFO -   Visible DIV 3: class='auth-card' id='no-id' text='Welcome Back

Sign in to your account to continue
'
2026-04-16 17:28:38,185 - INFO -   Visible DIV 4: class='auth-step' id='no-id' text='Welcome Back

Sign in to your account to continue
'
2026-04-16 17:28:38,348 - INFO -   Visible DIV 5: class='field-wrap' id='no-id' text='Email ID / Username *
person'
2026-04-16 17:28:38,450 - INFO -   Visible DIV 6: class='input-shell' id='no-id' text='person'
2026-04-16 17:28:38,548 - INFO -   Visible DIV 7: class='field-wrap' id='no-id' text='Password *
lock
visibility_off'
2026-04-16 17:28:38,639 - INFO -   Visible DIV 8: class='input-shell' id='no-id' text='lock
visibility_off'
2026-04-16 17:28:38,736 - INFO -   Visible DIV 9: class='auth-bottom-links' id='no-id' text='New user?  Access Account

Forgot password?'
2026-04-16 17:28:38,770 - INFO - 
================================================================================

2026-04-16 17:28:39,366 - INFO - Login button clicked.
2026-04-16 17:28:39,367 - INFO - Taking rapid screenshots and validating pop-up...
2026-04-16 17:28:40,052 - INFO - Screenshot captured: reports\RUN_20260416_172830\screenshots\03_Popup_Immediate_1_172839.png
2026-04-16 17:28:40,052 - INFO - Screenshot 1 captured - Attempting validation...
2026-04-16 17:28:40,052 - INFO - 
================================================================================
2026-04-16 17:28:40,052 - INFO - STARTING COMPREHENSIVE POP-UP VALIDATION
2026-04-16 17:28:40,052 - INFO - ================================================================================
2026-04-16 17:28:40,088 - INFO - 
[VALIDATION 1] Checking Pop-up Visibility...
2026-04-16 17:28:40,111 - INFO -   Visibility Status: True
2026-04-16 17:28:40,112 - INFO -   PASSED: Pop-up is visible
2026-04-16 17:28:40,112 - INFO - 
[VALIDATION 2] Extracting and Validating Text Content...
2026-04-16 17:28:40,136 - INFO -   Extracted Text: 'Login Successful'
2026-04-16 17:28:40,137 - INFO -   PASSED: Text matches exactly: 'Login Successful'
2026-04-16 17:28:40,137 - INFO - 
[VALIDATION 3] Checking for Typos...
2026-04-16 17:28:40,138 - INFO -   PASSED: No known typos detected
2026-04-16 17:28:40,138 - INFO - 
[VALIDATION 4] Extracting CSS Classes and Attributes...
2026-04-16 17:28:40,161 - INFO -   CSS Classes: snackbar success-snackbar
2026-04-16 17:28:40,161 - INFO -   PASSED: 'success' class is present
2026-04-16 17:28:40,162 - INFO - 
[VALIDATION 5] Checking Element Properties...
2026-04-16 17:28:40,242 - INFO -   ID: Not set
2026-04-16 17:28:40,243 - INFO -   Data-TestID: Not set
2026-04-16 17:28:40,243 - INFO -   Role: Not set
2026-04-16 17:28:40,243 - INFO -   ARIA Label: Not set
2026-04-16 17:28:40,244 - INFO - 
[VALIDATION 6] Checking Position and Size...
2026-04-16 17:28:40,260 - INFO -   X: 1230, Y: 20
2026-04-16 17:28:40,260 - INFO -   Width: 250, Height: 43.5
2026-04-16 17:28:40,261 - INFO -   PASSED: Element has valid dimensions
2026-04-16 17:28:40,261 - INFO - 
[VALIDATION 7] Checking Computed Styles...
2026-04-16 17:28:40,300 - INFO -   Display: block
2026-04-16 17:28:40,301 - INFO -   Opacity: 1
2026-04-16 17:28:40,303 - INFO -   PASSED: Element is displayed with proper opacity
2026-04-16 17:28:40,304 - INFO - 
================================================================================
2026-04-16 17:28:40,304 - INFO - POP-UP VALIDATION SUMMARY
2026-04-16 17:28:40,304 - INFO - ================================================================================
2026-04-16 17:28:40,305 - INFO -   Visibility: PASSED
2026-04-16 17:28:40,305 - INFO -   Text Match: PASSED
2026-04-16 17:28:40,306 - INFO -   Typo Check: PASSED
2026-04-16 17:28:40,306 - INFO -   CSS Classes: Present
2026-04-16 17:28:40,306 - INFO -   Position & Size: Valid
2026-04-16 17:28:40,307 - INFO -   Computed Styles: Valid
2026-04-16 17:28:40,307 - INFO - ================================================================================

2026-04-16 17:28:40,307 - INFO - ✓ ALL VALIDATIONS PASSED - Pop-up is working correctly!
2026-04-16 17:28:40,669 - INFO - Screenshot captured: reports\RUN_20260416_172830\screenshots\03_Popup_Immediate_2_172840.png
2026-04-16 17:28:40,670 - INFO - Screenshot 2 captured - Attempting validation...
2026-04-16 17:28:40,670 - INFO - 
================================================================================
2026-04-16 17:28:40,671 - INFO - STARTING COMPREHENSIVE POP-UP VALIDATION
2026-04-16 17:28:40,671 - INFO - ================================================================================
2026-04-16 17:28:40,701 - ERROR - VALIDATION FAILED: Pop-up element not found!
2026-04-16 17:28:42,299 - INFO - Screenshot captured: reports\RUN_20260416_172830\screenshots\03_Popup_Immediate_3_172840.png
2026-04-16 17:28:42,299 - INFO - Screenshot 3 captured - Attempting validation...
2026-04-16 17:28:42,300 - INFO - 
================================================================================
2026-04-16 17:28:42,300 - INFO - STARTING COMPREHENSIVE POP-UP VALIDATION
2026-04-16 17:28:42,300 - INFO - ================================================================================
2026-04-16 17:28:42,325 - ERROR - VALIDATION FAILED: Pop-up element not found!
2026-04-16 17:28:42,455 - INFO - Logging DOM elements AFTER login click (pop-up should appear here)...
2026-04-16 17:28:42,456 - INFO - 
================================================================================
2026-04-16 17:28:42,456 - INFO - DOM SNAPSHOT AT STAGE: After_Login_Click
2026-04-16 17:28:42,457 - INFO - ================================================================================
2026-04-16 17:28:42,484 - INFO - 
Searching for pop-up elements in page content...
2026-04-16 17:28:42,744 - WARNING - ⚠ No known pop-up selectors found. Checking all visible divs...
2026-04-16 17:28:42,793 - INFO - Total DIV elements on page: 29
2026-04-16 17:28:42,975 - INFO -   Visible DIV 1: class='header-right' id='no-id' text='English
French
Spanish
Quantum Toll Authority
supe'
2026-04-16 17:28:43,063 - INFO -   Visible DIV 2: class='nav-user' id='no-id' text='Quantum Toll Authority
superadmin_qm@yopmail.com'
2026-04-16 17:28:43,194 - INFO -   Visible DIV 3: class='nav-user-info' id='no-id' text='Quantum Toll Authority
superadmin_qm@yopmail.com'
2026-04-16 17:28:43,290 - INFO -   Visible DIV 4: class='uname' id='no-id' text='Quantum Toll Authority'
2026-04-16 17:28:43,378 - INFO -   Visible DIV 5: class='urole' id='no-id' text='superadmin_qm@yopmail.com'
2026-04-16 17:28:43,477 - INFO -   Visible DIV 6: class='main-container' id='no-id' text='dashboard_2
group
decimal_increase
admin_panel_set'
2026-04-16 17:28:43,562 - INFO -   Visible DIV 7: class='inner' id='no-id' text='dashboard_2'
2026-04-16 17:28:43,649 - INFO -   Visible DIV 8: class='inner' id='no-id' text='group'
2026-04-16 17:28:43,760 - INFO -   Visible DIV 9: class='inner' id='no-id' text='decimal_increase'
2026-04-16 17:28:43,868 - INFO -   Visible DIV 10: class='inner' id='no-id' text='admin_panel_settings'
2026-04-16 17:28:43,978 - INFO -   Visible DIV 11: class='inner' id='no-id' text='nest_doorbell_visitor'
2026-04-16 17:28:44,104 - INFO -   Visible DIV 12: class='inner' id='no-id' text='key_visualizer'
2026-04-16 17:28:44,124 - INFO - 
================================================================================

2026-04-16 17:28:44,569 - INFO - Screenshot captured: reports\RUN_20260416_172830\screenshots\02_Just_After_Login_Click_172844.png
2026-04-16 17:28:44,914 - INFO - Starting Onboarding Flow Test
2026-04-16 17:28:44,915 - INFO - Starting navigation to Onboard Customer page...
2026-04-16 17:28:44,915 - INFO - Clicking Workbench icon...
2026-04-16 17:28:45,559 - INFO - Workbench menu expanded.
2026-04-16 17:28:45,560 - INFO - Clicking 'Manage Accounts' sub-menu...
2026-04-16 17:28:46,133 - INFO - 'Manage Accounts' submenu expanded.
2026-04-16 17:28:46,134 - INFO - Clicking 'Onboard a Customer' link...
2026-04-16 17:28:49,905 - INFO - Successfully navigated to Onboard Customer page.
2026-04-16 17:28:50,340 - INFO - Screenshot captured: reports\RUN_20260416_172830\screenshots\02_Onboard_Customer_Landing_172849.png
2026-04-16 17:28:50,341 - INFO - Filling Onboarding details for United States...
2026-04-16 17:28:52,314 - INFO - Filled First Name: mDIZPGQQBdHaryfpNwkrjXpRm
2026-04-16 17:28:53,700 - INFO - Filled Last Name: jIFtwtNukjSpkC
2026-04-16 17:28:54,851 - INFO - Checked: Use Same for Billing
2026-04-16 17:28:55,975 - INFO - Checked: Use Same for Shipping
2026-04-16 17:28:57,131 - INFO - Checked: Primary Address
2026-04-16 17:29:01,837 - INFO - Filled Address: 123 Automation Way
2026-04-16 17:29:03,204 - INFO - Filled Zip Code: 12345
2026-04-16 17:29:05,246 - INFO - Filled Unique Phone Number: 7060655682
2026-04-16 17:29:06,688 - INFO - Filled Email: auto_mdizpgqqbdharyfpnwkrjxprm@test.com
2026-04-16 17:29:08,129 - INFO - Filled Confirm Email: auto_mdizpgqqbdharyfpnwkrjxprm@test.com
2026-04-16 17:29:08,130 - INFO - Clicking 'Save & Next'...
2026-04-16 17:29:09,823 - INFO - Successfully verified Step 1 completion.
2026-04-16 17:29:09,862 - INFO - Retrieved Temporary Account ID: 1000002482
2026-04-16 17:29:09,862 - INFO - Step 1 Success. ID: 1000002482
2026-04-16 17:29:09,863 - INFO - Starting Step 2: Adding 2 Vehicle(s)...
2026-04-16 17:29:11,320 - INFO - Filled Plate Number 1: QA6444GP
2026-04-16 17:29:17,586 - INFO - Filled Plate Start Date: 2026-04-16
2026-04-16 17:29:30,944 - INFO - Vehicle 1 added.
2026-04-16 17:29:32,322 - INFO - Filled Plate Number 2: QA8749GP
2026-04-16 17:29:38,605 - INFO - Filled Plate Start Date: 2026-04-16
2026-04-16 17:29:51,910 - INFO - Vehicle 2 added.
2026-04-16 17:29:52,985 - INFO - Chatbot icon hidden via CSS injection.
2026-04-16 17:29:54,031 - INFO - Proceeding to Next page (Payment Info)...
2026-04-16 17:29:54,940 - INFO - Step 2 complete successfully. Navigated to Payment Info.
2026-04-16 17:29:55,006 - INFO - Captured Permanent Account Number: 2000002220
2026-04-16 17:29:55,007 - INFO - Starting Step 3: Payment Information...
2026-04-16 17:29:55,007 - INFO - Activating 'Save and Pay' tab...
2026-04-16 17:29:56,602 - INFO - Selecting 'Credit Card'...
2026-04-16 17:29:58,237 - INFO - Payment method selected and change event dispatched.
2026-04-16 17:29:58,237 - INFO - Opening 'Add Payment Method' modal...
2026-04-16 17:29:58,297 - INFO - ✅ Payment method selection successful.
2026-04-16 17:29:59,892 - INFO - Filled Cardholder Name: mAUKRRypiHqgyNHSWdGvdqrIFfYbtxEoGMZiHx
2026-04-16 17:30:01,424 - INFO - Filled Card Number: 8818271755010517
2026-04-16 17:30:03,099 - INFO - Filled Expiry Date: 04/28
2026-04-16 17:30:05,353 - INFO - Filled CVV: 135
2026-04-16 17:30:05,357 - INFO - Clicking 'Add Card' submit button...
2026-04-16 17:30:06,235 - INFO - Card added successfully.
2026-04-16 17:30:07,281 - INFO - Selecting the Credit Card from the list...
2026-04-16 17:30:08,427 - INFO - ✅ Selected the Credit Card radio button.
2026-04-16 17:30:08,428 - INFO - Clicking 'Preview and Pay'...
2026-04-16 17:30:09,638 - INFO - Waiting for Payment Summary card...
2026-04-16 17:30:09,827 - INFO - Clicking 'PAY' button on the Summary Page...
2026-04-16 17:30:10,398 - INFO - ✅ Step 3 (Payment & Summary) complete.
2026-04-16 17:30:10,403 - INFO - Starting Final Confirmation Modal...
2026-04-16 17:30:10,407 - INFO - Waiting for Payment Confirmation modal...
2026-04-16 17:30:10,762 - INFO - Clicking the final 'Pay' button inside the Confirmation Modal...
2026-04-16 17:30:13,703 - INFO - ✅ Account onboarding completed successfully.
2026-04-16 17:30:13,710 - INFO - Finalizing process: Clicking 'Account Summary' button...
2026-04-16 17:30:14,856 - INFO - ✅ Navigating to Account Summary page.
2026-04-16 17:30:14,858 - INFO - Test completed successfully.
