2026-04-24 18:39:40,202 - INFO - Navigating to Login Page: http://operator-qa.qmaastech.com/
2026-04-24 18:39:40,204 - INFO - Navigating to: http://operator-qa.qmaastech.com/
2026-04-24 18:39:43,255 - INFO - Attempting login for user: superadmin_qm@yopmail.com
2026-04-24 18:39:44,921 - INFO - Logging DOM elements BEFORE login click...
2026-04-24 18:39:44,924 - INFO - 
================================================================================
2026-04-24 18:39:44,925 - INFO - DOM SNAPSHOT AT STAGE: Before_Login
2026-04-24 18:39:44,926 - INFO - ================================================================================
2026-04-24 18:39:44,964 - INFO - 
Searching for pop-up elements in page content...
2026-04-24 18:39:45,243 - WARNING - ⚠ No known pop-up selectors found. Checking all visible divs...
2026-04-24 18:39:45,283 - INFO - Total DIV elements on page: 21
2026-04-24 18:39:45,717 - INFO -   Visible DIV 1: class='hero-pills' id='no-id' text='bolt
Real-time
smart_toy
AI-driven
hub
Multi-agenc'
2026-04-24 18:39:45,850 - INFO -   Visible DIV 2: class='auth-panel' id='no-id' text='Welcome Back

Sign in to your account to continue
'
2026-04-24 18:39:45,947 - INFO -   Visible DIV 3: class='auth-card' id='no-id' text='Welcome Back

Sign in to your account to continue
'
2026-04-24 18:39:46,040 - INFO -   Visible DIV 4: class='auth-step' id='no-id' text='Welcome Back

Sign in to your account to continue
'
2026-04-24 18:39:46,176 - INFO -   Visible DIV 5: class='field-wrap' id='no-id' text='Email ID / Username *
person'
2026-04-24 18:39:46,263 - INFO -   Visible DIV 6: class='input-shell' id='no-id' text='person'
2026-04-24 18:39:46,342 - INFO -   Visible DIV 7: class='field-wrap' id='no-id' text='Password *
lock
visibility_off'
2026-04-24 18:39:46,420 - INFO -   Visible DIV 8: class='input-shell' id='no-id' text='lock
visibility_off'
2026-04-24 18:39:46,503 - INFO -   Visible DIV 9: class='auth-bottom-links' id='no-id' text='New user?  Access Account

Forgot password?'
2026-04-24 18:39:46,551 - INFO - 
================================================================================

2026-04-24 18:39:47,143 - INFO - Login button clicked.
2026-04-24 18:39:47,146 - INFO - Taking rapid screenshots and validating pop-up...
2026-04-24 18:39:47,692 - INFO - Screenshot captured: reports\RUN_20260424_183933\screenshots\03_Popup_Immediate_1_183947.png
2026-04-24 18:39:47,692 - INFO - Screenshot 1 captured - Attempting validation...
2026-04-24 18:39:47,693 - INFO - 
================================================================================
2026-04-24 18:39:47,693 - INFO - STARTING COMPREHENSIVE POP-UP VALIDATION
2026-04-24 18:39:47,694 - INFO - ================================================================================
2026-04-24 18:39:47,719 - INFO - 
[VALIDATION 1] Checking Pop-up Visibility...
2026-04-24 18:39:47,743 - INFO -   Visibility Status: True
2026-04-24 18:39:47,744 - INFO -   PASSED: Pop-up is visible
2026-04-24 18:39:47,744 - INFO - 
[VALIDATION 2] Extracting and Validating Text Content...
2026-04-24 18:39:47,765 - INFO -   Extracted Text: 'Login Successful'
2026-04-24 18:39:47,766 - INFO -   PASSED: Text matches exactly: 'Login Successful'
2026-04-24 18:39:47,766 - INFO - 
[VALIDATION 3] Checking for Typos...
2026-04-24 18:39:47,767 - INFO -   PASSED: No known typos detected
2026-04-24 18:39:47,767 - INFO - 
[VALIDATION 4] Extracting CSS Classes and Attributes...
2026-04-24 18:39:47,787 - INFO -   CSS Classes: snackbar success-snackbar
2026-04-24 18:39:47,789 - INFO -   PASSED: 'success' class is present
2026-04-24 18:39:47,790 - INFO - 
[VALIDATION 5] Checking Element Properties...
2026-04-24 18:39:47,866 - INFO -   ID: Not set
2026-04-24 18:39:47,866 - INFO -   Data-TestID: Not set
2026-04-24 18:39:47,867 - INFO -   Role: Not set
2026-04-24 18:39:47,867 - INFO -   ARIA Label: Not set
2026-04-24 18:39:47,867 - INFO - 
[VALIDATION 6] Checking Position and Size...
2026-04-24 18:39:47,889 - INFO -   X: 1230, Y: 20
2026-04-24 18:39:47,891 - INFO -   Width: 250, Height: 43.5
2026-04-24 18:39:47,893 - INFO -   PASSED: Element has valid dimensions
2026-04-24 18:39:47,893 - INFO - 
[VALIDATION 7] Checking Computed Styles...
2026-04-24 18:39:47,926 - INFO -   Display: block
2026-04-24 18:39:47,927 - INFO -   Opacity: 1
2026-04-24 18:39:47,927 - INFO -   PASSED: Element is displayed with proper opacity
2026-04-24 18:39:47,928 - INFO - 
================================================================================
2026-04-24 18:39:47,928 - INFO - POP-UP VALIDATION SUMMARY
2026-04-24 18:39:47,929 - INFO - ================================================================================
2026-04-24 18:39:47,929 - INFO -   Visibility: PASSED
2026-04-24 18:39:47,929 - INFO -   Text Match: PASSED
2026-04-24 18:39:47,930 - INFO -   Typo Check: PASSED
2026-04-24 18:39:47,930 - INFO -   CSS Classes: Present
2026-04-24 18:39:47,931 - INFO -   Position & Size: Valid
2026-04-24 18:39:47,931 - INFO -   Computed Styles: Valid
2026-04-24 18:39:47,932 - INFO - ================================================================================

2026-04-24 18:39:47,932 - INFO - ✓ ALL VALIDATIONS PASSED - Pop-up is working correctly!
2026-04-24 18:39:48,279 - INFO - Screenshot captured: reports\RUN_20260424_183933\screenshots\03_Popup_Immediate_2_183948.png
2026-04-24 18:39:48,280 - INFO - Screenshot 2 captured - Attempting validation...
2026-04-24 18:39:48,281 - INFO - 
================================================================================
2026-04-24 18:39:48,282 - INFO - STARTING COMPREHENSIVE POP-UP VALIDATION
2026-04-24 18:39:48,283 - INFO - ================================================================================
2026-04-24 18:39:48,312 - ERROR - VALIDATION FAILED: Pop-up element not found!
2026-04-24 18:39:50,063 - INFO - Screenshot captured: reports\RUN_20260424_183933\screenshots\03_Popup_Immediate_3_183948.png
2026-04-24 18:39:50,064 - INFO - Screenshot 3 captured - Attempting validation...
2026-04-24 18:39:50,064 - INFO - 
================================================================================
2026-04-24 18:39:50,065 - INFO - STARTING COMPREHENSIVE POP-UP VALIDATION
2026-04-24 18:39:50,065 - INFO - ================================================================================
2026-04-24 18:39:50,089 - ERROR - VALIDATION FAILED: Pop-up element not found!
2026-04-24 18:39:50,213 - INFO - Logging DOM elements AFTER login click (pop-up should appear here)...
2026-04-24 18:39:50,215 - INFO - 
================================================================================
2026-04-24 18:39:50,215 - INFO - DOM SNAPSHOT AT STAGE: After_Login_Click
2026-04-24 18:39:50,216 - INFO - ================================================================================
2026-04-24 18:39:50,243 - INFO - 
Searching for pop-up elements in page content...
2026-04-24 18:39:50,517 - WARNING - ⚠ No known pop-up selectors found. Checking all visible divs...
2026-04-24 18:39:50,596 - INFO - Total DIV elements on page: 29
2026-04-24 18:39:50,777 - INFO -   Visible DIV 1: class='header-right' id='no-id' text='English
French
Spanish
Quantum Toll Authority
supe'
2026-04-24 18:39:50,877 - INFO -   Visible DIV 2: class='nav-user' id='no-id' text='Quantum Toll Authority
superadmin_qm@yopmail.com'
2026-04-24 18:39:51,011 - INFO -   Visible DIV 3: class='nav-user-info' id='no-id' text='Quantum Toll Authority
superadmin_qm@yopmail.com'
2026-04-24 18:39:51,100 - INFO -   Visible DIV 4: class='uname' id='no-id' text='Quantum Toll Authority'
2026-04-24 18:39:51,189 - INFO -   Visible DIV 5: class='urole' id='no-id' text='superadmin_qm@yopmail.com'
2026-04-24 18:39:51,281 - INFO -   Visible DIV 6: class='main-container' id='no-id' text='dashboard_2
group
decimal_increase
admin_panel_set'
2026-04-24 18:39:51,370 - INFO -   Visible DIV 7: class='inner' id='no-id' text='dashboard_2'
2026-04-24 18:39:51,463 - INFO -   Visible DIV 8: class='inner' id='no-id' text='group'
2026-04-24 18:39:51,589 - INFO -   Visible DIV 9: class='inner' id='no-id' text='decimal_increase'
2026-04-24 18:39:51,694 - INFO -   Visible DIV 10: class='inner' id='no-id' text='admin_panel_settings'
2026-04-24 18:39:51,793 - INFO -   Visible DIV 11: class='inner' id='no-id' text='nest_doorbell_visitor'
2026-04-24 18:39:51,904 - INFO -   Visible DIV 12: class='inner' id='no-id' text='key_visualizer'
2026-04-24 18:39:51,933 - INFO - 
================================================================================

2026-04-24 18:39:52,563 - INFO - Screenshot captured: reports\RUN_20260424_183933\screenshots\02_Just_After_Login_Click_183951.png
2026-04-24 18:39:52,564 - INFO - Waiting for dashboard URL...
2026-04-24 18:39:52,564 - INFO - 
================================================================================
2026-04-24 18:39:52,564 - INFO - DOM SNAPSHOT AT STAGE: Before_Dashboard_Navigation
2026-04-24 18:39:52,565 - INFO - ================================================================================
2026-04-24 18:39:52,593 - INFO - 
Searching for pop-up elements in page content...
2026-04-24 18:39:52,836 - WARNING - ⚠ No known pop-up selectors found. Checking all visible divs...
2026-04-24 18:39:52,878 - INFO - Total DIV elements on page: 29
2026-04-24 18:39:53,032 - INFO -   Visible DIV 1: class='header-right' id='no-id' text='English
French
Spanish
Quantum Toll Authority
supe'
2026-04-24 18:39:53,109 - INFO -   Visible DIV 2: class='nav-user' id='no-id' text='Quantum Toll Authority
superadmin_qm@yopmail.com'
2026-04-24 18:39:53,215 - INFO -   Visible DIV 3: class='nav-user-info' id='no-id' text='Quantum Toll Authority
superadmin_qm@yopmail.com'
2026-04-24 18:39:53,287 - INFO -   Visible DIV 4: class='uname' id='no-id' text='Quantum Toll Authority'
2026-04-24 18:39:53,363 - INFO -   Visible DIV 5: class='urole' id='no-id' text='superadmin_qm@yopmail.com'
2026-04-24 18:39:53,445 - INFO -   Visible DIV 6: class='main-container' id='no-id' text='dashboard_2
group
decimal_increase
admin_panel_set'
2026-04-24 18:39:53,522 - INFO -   Visible DIV 7: class='inner' id='no-id' text='dashboard_2'
2026-04-24 18:39:53,600 - INFO -   Visible DIV 8: class='inner' id='no-id' text='group'
2026-04-24 18:39:53,700 - INFO -   Visible DIV 9: class='inner' id='no-id' text='decimal_increase'
2026-04-24 18:39:53,792 - INFO -   Visible DIV 10: class='inner' id='no-id' text='admin_panel_settings'
2026-04-24 18:39:53,881 - INFO -   Visible DIV 11: class='inner' id='no-id' text='nest_doorbell_visitor'
2026-04-24 18:39:53,976 - INFO -   Visible DIV 12: class='inner' id='no-id' text='key_visualizer'
2026-04-24 18:39:53,999 - INFO - 
================================================================================

2026-04-24 18:39:54,021 - INFO - Login SUCCESS: Dashboard URL reached.
2026-04-24 18:39:54,545 - INFO - 
================================================================================
2026-04-24 18:39:54,545 - INFO - DOM SNAPSHOT AT STAGE: After_Dashboard_Loaded
2026-04-24 18:39:54,546 - INFO - ================================================================================
2026-04-24 18:39:54,575 - INFO - 
Searching for pop-up elements in page content...
2026-04-24 18:39:54,798 - WARNING - ⚠ No known pop-up selectors found. Checking all visible divs...
2026-04-24 18:39:54,850 - INFO - Total DIV elements on page: 29
2026-04-24 18:39:55,065 - INFO -   Visible DIV 1: class='header-right' id='no-id' text='English
French
Spanish
Quantum Toll Authority
supe'
2026-04-24 18:39:55,179 - INFO -   Visible DIV 2: class='nav-user' id='no-id' text='Quantum Toll Authority
superadmin_qm@yopmail.com'
2026-04-24 18:39:55,361 - INFO -   Visible DIV 3: class='nav-user-info' id='no-id' text='Quantum Toll Authority
superadmin_qm@yopmail.com'
2026-04-24 18:39:55,459 - INFO -   Visible DIV 4: class='uname' id='no-id' text='Quantum Toll Authority'
2026-04-24 18:39:55,545 - INFO -   Visible DIV 5: class='urole' id='no-id' text='superadmin_qm@yopmail.com'
2026-04-24 18:39:55,686 - INFO -   Visible DIV 6: class='main-container' id='no-id' text='dashboard_2
group
decimal_increase
admin_panel_set'
2026-04-24 18:39:55,801 - INFO -   Visible DIV 7: class='inner' id='no-id' text='dashboard_2'
2026-04-24 18:39:55,946 - INFO -   Visible DIV 8: class='inner' id='no-id' text='group'
2026-04-24 18:39:56,148 - INFO -   Visible DIV 9: class='inner' id='no-id' text='decimal_increase'
2026-04-24 18:39:56,295 - INFO -   Visible DIV 10: class='inner' id='no-id' text='admin_panel_settings'
2026-04-24 18:39:56,434 - INFO -   Visible DIV 11: class='inner' id='no-id' text='nest_doorbell_visitor'
2026-04-24 18:39:56,589 - INFO -   Visible DIV 12: class='inner' id='no-id' text='key_visualizer'
2026-04-24 18:39:56,621 - INFO - 
================================================================================

2026-04-24 18:39:56,622 - INFO - Checking for dashboard header 'Welcome to QM Toll portal!'...
2026-04-24 18:39:56,709 - INFO - ✅ Dashboard header found with selector: h4:has-text("Welcome to QM Toll portal!")
2026-04-24 18:39:56,711 - INFO -    Header text: 'Welcome to QM Toll portal!'
2026-04-24 18:39:56,714 - INFO - ✅ DASHBOARD VALIDATION PASSED: 'Welcome to QM Toll portal!' header found
2026-04-24 18:39:56,910 - INFO - Screenshot captured: reports\RUN_20260424_183933\screenshots\01_Login_Success_Dashboard_183956.png
2026-04-24 18:39:57,295 - INFO - Step 1: Navigating and Starting Onboarding...
2026-04-24 18:39:57,296 - INFO - Navigating to Onboarding Module...
2026-04-24 18:40:08,976 - WARNING - Standard text click failed, attempting selector-based click...
2026-04-24 18:44:31,050 - INFO - Navigating to Login Page: http://operator-qa.qmaastech.com/
2026-04-24 18:44:31,052 - INFO - Navigating to: http://operator-qa.qmaastech.com/
2026-04-24 18:44:33,768 - INFO - Attempting login for user: superadmin_qm@yopmail.com
2026-04-24 18:44:35,484 - INFO - Logging DOM elements BEFORE login click...
2026-04-24 18:44:35,484 - INFO - 
================================================================================
2026-04-24 18:44:35,485 - INFO - DOM SNAPSHOT AT STAGE: Before_Login
2026-04-24 18:44:35,485 - INFO - ================================================================================
2026-04-24 18:44:35,503 - INFO - 
Searching for pop-up elements in page content...
2026-04-24 18:44:35,770 - WARNING - ⚠ No known pop-up selectors found. Checking all visible divs...
2026-04-24 18:44:35,810 - INFO - Total DIV elements on page: 21
2026-04-24 18:44:36,219 - INFO -   Visible DIV 1: class='hero-pills' id='no-id' text='bolt
Real-time
smart_toy
AI-driven
hub
Multi-agenc'
2026-04-24 18:44:36,340 - INFO -   Visible DIV 2: class='auth-panel' id='no-id' text='Welcome Back

Sign in to your account to continue
'
2026-04-24 18:44:36,418 - INFO -   Visible DIV 3: class='auth-card' id='no-id' text='Welcome Back

Sign in to your account to continue
'
2026-04-24 18:44:36,489 - INFO -   Visible DIV 4: class='auth-step' id='no-id' text='Welcome Back

Sign in to your account to continue
'
2026-04-24 18:44:36,605 - INFO -   Visible DIV 5: class='field-wrap' id='no-id' text='Email ID / Username *
person'
2026-04-24 18:44:36,686 - INFO -   Visible DIV 6: class='input-shell' id='no-id' text='person'
2026-04-24 18:44:36,757 - INFO -   Visible DIV 7: class='field-wrap' id='no-id' text='Password *
lock
visibility_off'
2026-04-24 18:44:36,841 - INFO -   Visible DIV 8: class='input-shell' id='no-id' text='lock
visibility_off'
2026-04-24 18:44:36,922 - INFO -   Visible DIV 9: class='auth-bottom-links' id='no-id' text='New user?  Access Account

Forgot password?'
2026-04-24 18:44:36,955 - INFO - 
================================================================================

2026-04-24 18:44:37,536 - INFO - Login button clicked.
2026-04-24 18:44:37,538 - INFO - Taking rapid screenshots and validating pop-up...
2026-04-24 18:44:38,162 - INFO - Screenshot captured: reports\RUN_20260424_184429\screenshots\03_Popup_Immediate_1_184437.png
2026-04-24 18:44:38,163 - INFO - Screenshot 1 captured - Attempting validation...
2026-04-24 18:44:38,163 - INFO - 
================================================================================
2026-04-24 18:44:38,165 - INFO - STARTING COMPREHENSIVE POP-UP VALIDATION
2026-04-24 18:44:38,166 - INFO - ================================================================================
2026-04-24 18:44:38,251 - INFO - 
[VALIDATION 1] Checking Pop-up Visibility...
2026-04-24 18:44:38,273 - INFO -   Visibility Status: True
2026-04-24 18:44:38,273 - INFO -   PASSED: Pop-up is visible
2026-04-24 18:44:38,274 - INFO - 
[VALIDATION 2] Extracting and Validating Text Content...
2026-04-24 18:44:38,299 - INFO -   Extracted Text: 'Login Successful'
2026-04-24 18:44:38,300 - INFO -   PASSED: Text matches exactly: 'Login Successful'
2026-04-24 18:44:38,300 - INFO - 
[VALIDATION 3] Checking for Typos...
2026-04-24 18:44:38,301 - INFO -   PASSED: No known typos detected
2026-04-24 18:44:38,301 - INFO - 
[VALIDATION 4] Extracting CSS Classes and Attributes...
2026-04-24 18:44:38,319 - INFO -   CSS Classes: snackbar success-snackbar
2026-04-24 18:44:38,320 - INFO -   PASSED: 'success' class is present
2026-04-24 18:44:38,320 - INFO - 
[VALIDATION 5] Checking Element Properties...
2026-04-24 18:44:38,401 - INFO -   ID: Not set
2026-04-24 18:44:38,402 - INFO -   Data-TestID: Not set
2026-04-24 18:44:38,402 - INFO -   Role: Not set
2026-04-24 18:44:38,403 - INFO -   ARIA Label: Not set
2026-04-24 18:44:38,403 - INFO - 
[VALIDATION 6] Checking Position and Size...
2026-04-24 18:44:38,420 - INFO -   X: 1230, Y: 20
2026-04-24 18:44:38,421 - INFO -   Width: 250, Height: 43.5
2026-04-24 18:44:38,421 - INFO -   PASSED: Element has valid dimensions
2026-04-24 18:44:38,421 - INFO - 
[VALIDATION 7] Checking Computed Styles...
2026-04-24 18:44:38,464 - INFO -   Display: block
2026-04-24 18:44:38,465 - INFO -   Opacity: 1
2026-04-24 18:44:38,466 - INFO -   PASSED: Element is displayed with proper opacity
2026-04-24 18:44:38,466 - INFO - 
================================================================================
2026-04-24 18:44:38,466 - INFO - POP-UP VALIDATION SUMMARY
2026-04-24 18:44:38,467 - INFO - ================================================================================
2026-04-24 18:44:38,467 - INFO -   Visibility: PASSED
2026-04-24 18:44:38,468 - INFO -   Text Match: PASSED
2026-04-24 18:44:38,468 - INFO -   Typo Check: PASSED
2026-04-24 18:44:38,468 - INFO -   CSS Classes: Present
2026-04-24 18:44:38,469 - INFO -   Position & Size: Valid
2026-04-24 18:44:38,469 - INFO -   Computed Styles: Valid
2026-04-24 18:44:38,470 - INFO - ================================================================================

2026-04-24 18:44:38,470 - INFO - ✓ ALL VALIDATIONS PASSED - Pop-up is working correctly!
2026-04-24 18:44:38,813 - INFO - Screenshot captured: reports\RUN_20260424_184429\screenshots\03_Popup_Immediate_2_184438.png
2026-04-24 18:44:38,815 - INFO - Screenshot 2 captured - Attempting validation...
2026-04-24 18:44:38,817 - INFO - 
================================================================================
2026-04-24 18:44:38,817 - INFO - STARTING COMPREHENSIVE POP-UP VALIDATION
2026-04-24 18:44:38,818 - INFO - ================================================================================
2026-04-24 18:44:38,838 - ERROR - VALIDATION FAILED: Pop-up element not found!
2026-04-24 18:44:40,265 - INFO - Screenshot captured: reports\RUN_20260424_184429\screenshots\03_Popup_Immediate_3_184438.png
2026-04-24 18:44:40,266 - INFO - Screenshot 3 captured - Attempting validation...
2026-04-24 18:44:40,268 - INFO - 
================================================================================
2026-04-24 18:44:40,269 - INFO - STARTING COMPREHENSIVE POP-UP VALIDATION
2026-04-24 18:44:40,269 - INFO - ================================================================================
2026-04-24 18:44:40,301 - ERROR - VALIDATION FAILED: Pop-up element not found!
2026-04-24 18:44:40,426 - INFO - Logging DOM elements AFTER login click (pop-up should appear here)...
2026-04-24 18:44:40,427 - INFO - 
================================================================================
2026-04-24 18:44:40,428 - INFO - DOM SNAPSHOT AT STAGE: After_Login_Click
2026-04-24 18:44:40,429 - INFO - ================================================================================
2026-04-24 18:44:40,459 - INFO - 
Searching for pop-up elements in page content...
2026-04-24 18:44:40,763 - WARNING - ⚠ No known pop-up selectors found. Checking all visible divs...
2026-04-24 18:44:40,812 - INFO - Total DIV elements on page: 29
2026-04-24 18:44:41,020 - INFO -   Visible DIV 1: class='header-right' id='no-id' text='English
French
Spanish
Quantum Toll Authority
supe'
2026-04-24 18:44:41,114 - INFO -   Visible DIV 2: class='nav-user' id='no-id' text='Quantum Toll Authority
superadmin_qm@yopmail.com'
2026-04-24 18:44:41,261 - INFO -   Visible DIV 3: class='nav-user-info' id='no-id' text='Quantum Toll Authority
superadmin_qm@yopmail.com'
2026-04-24 18:44:41,365 - INFO -   Visible DIV 4: class='uname' id='no-id' text='Quantum Toll Authority'
2026-04-24 18:44:41,466 - INFO -   Visible DIV 5: class='urole' id='no-id' text='superadmin_qm@yopmail.com'
2026-04-24 18:44:41,558 - INFO -   Visible DIV 6: class='main-container' id='no-id' text='dashboard_2
group
decimal_increase
admin_panel_set'
2026-04-24 18:44:41,656 - INFO -   Visible DIV 7: class='inner' id='no-id' text='dashboard_2'
2026-04-24 18:44:41,769 - INFO -   Visible DIV 8: class='inner' id='no-id' text='group'
2026-04-24 18:44:41,895 - INFO -   Visible DIV 9: class='inner' id='no-id' text='decimal_increase'
2026-04-24 18:44:42,021 - INFO -   Visible DIV 10: class='inner' id='no-id' text='admin_panel_settings'
2026-04-24 18:44:42,148 - INFO -   Visible DIV 11: class='inner' id='no-id' text='nest_doorbell_visitor'
2026-04-24 18:44:42,247 - INFO -   Visible DIV 12: class='inner' id='no-id' text='key_visualizer'
2026-04-24 18:44:42,266 - INFO - 
================================================================================

2026-04-24 18:44:42,630 - INFO - Screenshot captured: reports\RUN_20260424_184429\screenshots\02_Just_After_Login_Click_184442.png
2026-04-24 18:44:42,630 - INFO - Waiting for dashboard URL...
2026-04-24 18:44:42,630 - INFO - 
================================================================================
2026-04-24 18:44:42,631 - INFO - DOM SNAPSHOT AT STAGE: Before_Dashboard_Navigation
2026-04-24 18:44:42,631 - INFO - ================================================================================
2026-04-24 18:44:42,652 - INFO - 
Searching for pop-up elements in page content...
2026-04-24 18:44:42,853 - WARNING - ⚠ No known pop-up selectors found. Checking all visible divs...
2026-04-24 18:44:42,886 - INFO - Total DIV elements on page: 29
2026-04-24 18:44:43,019 - INFO -   Visible DIV 1: class='header-right' id='no-id' text='English
French
Spanish
Quantum Toll Authority
supe'
2026-04-24 18:44:43,099 - INFO -   Visible DIV 2: class='nav-user' id='no-id' text='Quantum Toll Authority
superadmin_qm@yopmail.com'
2026-04-24 18:44:43,204 - INFO -   Visible DIV 3: class='nav-user-info' id='no-id' text='Quantum Toll Authority
superadmin_qm@yopmail.com'
2026-04-24 18:44:43,278 - INFO -   Visible DIV 4: class='uname' id='no-id' text='Quantum Toll Authority'
2026-04-24 18:44:43,353 - INFO -   Visible DIV 5: class='urole' id='no-id' text='superadmin_qm@yopmail.com'
2026-04-24 18:44:43,422 - INFO -   Visible DIV 6: class='main-container' id='no-id' text='dashboard_2
group
decimal_increase
admin_panel_set'
2026-04-24 18:44:43,498 - INFO -   Visible DIV 7: class='inner' id='no-id' text='dashboard_2'
2026-04-24 18:44:43,571 - INFO -   Visible DIV 8: class='inner' id='no-id' text='group'
2026-04-24 18:44:43,666 - INFO -   Visible DIV 9: class='inner' id='no-id' text='decimal_increase'
2026-04-24 18:44:43,757 - INFO -   Visible DIV 10: class='inner' id='no-id' text='admin_panel_settings'
2026-04-24 18:44:43,852 - INFO -   Visible DIV 11: class='inner' id='no-id' text='nest_doorbell_visitor'
2026-04-24 18:44:43,935 - INFO -   Visible DIV 12: class='inner' id='no-id' text='key_visualizer'
2026-04-24 18:44:43,950 - INFO - 
================================================================================

2026-04-24 18:44:43,974 - INFO - Login SUCCESS: Dashboard URL reached.
2026-04-24 18:44:44,501 - INFO - 
================================================================================
2026-04-24 18:44:44,502 - INFO - DOM SNAPSHOT AT STAGE: After_Dashboard_Loaded
2026-04-24 18:44:44,503 - INFO - ================================================================================
2026-04-24 18:44:44,527 - INFO - 
Searching for pop-up elements in page content...
2026-04-24 18:44:44,807 - WARNING - ⚠ No known pop-up selectors found. Checking all visible divs...
2026-04-24 18:44:44,869 - INFO - Total DIV elements on page: 29
2026-04-24 18:44:45,055 - INFO -   Visible DIV 1: class='header-right' id='no-id' text='English
French
Spanish
Quantum Toll Authority
supe'
2026-04-24 18:44:45,162 - INFO -   Visible DIV 2: class='nav-user' id='no-id' text='Quantum Toll Authority
superadmin_qm@yopmail.com'
2026-04-24 18:44:45,306 - INFO -   Visible DIV 3: class='nav-user-info' id='no-id' text='Quantum Toll Authority
superadmin_qm@yopmail.com'
2026-04-24 18:44:45,394 - INFO -   Visible DIV 4: class='uname' id='no-id' text='Quantum Toll Authority'
2026-04-24 18:44:45,490 - INFO -   Visible DIV 5: class='urole' id='no-id' text='superadmin_qm@yopmail.com'
2026-04-24 18:44:45,584 - INFO -   Visible DIV 6: class='main-container' id='no-id' text='dashboard_2
group
decimal_increase
admin_panel_set'
2026-04-24 18:44:45,682 - INFO -   Visible DIV 7: class='inner' id='no-id' text='dashboard_2'
2026-04-24 18:44:45,769 - INFO -   Visible DIV 8: class='inner' id='no-id' text='group'
2026-04-24 18:44:45,913 - INFO -   Visible DIV 9: class='inner' id='no-id' text='decimal_increase'
2026-04-24 18:44:46,017 - INFO -   Visible DIV 10: class='inner' id='no-id' text='admin_panel_settings'
2026-04-24 18:44:46,119 - INFO -   Visible DIV 11: class='inner' id='no-id' text='nest_doorbell_visitor'
2026-04-24 18:44:46,218 - INFO -   Visible DIV 12: class='inner' id='no-id' text='key_visualizer'
2026-04-24 18:44:46,259 - INFO - 
================================================================================

2026-04-24 18:44:46,261 - INFO - Checking for dashboard header 'Welcome to QM Toll portal!'...
2026-04-24 18:44:46,437 - INFO - ✅ Dashboard header found with selector: h4:has-text("Welcome to QM Toll portal!")
2026-04-24 18:44:46,456 - INFO -    Header text: 'Welcome to QM Toll portal!'
2026-04-24 18:44:46,473 - INFO - ✅ DASHBOARD VALIDATION PASSED: 'Welcome to QM Toll portal!' header found
2026-04-24 18:44:46,792 - INFO - Screenshot captured: reports\RUN_20260424_184429\screenshots\01_Login_Success_Dashboard_184446.png
2026-04-24 18:44:47,463 - INFO - Step 1: Navigating and Starting Onboarding...
2026-04-24 18:44:47,465 - INFO - Navigating to Onboarding Module...
