2026-04-08 13:01:21,965 - INFO - Starting Authenticated Session...
2026-04-08 13:01:21,965 - INFO - Navigating to Login Page: http://operator-qa.qmaastech.com/
2026-04-08 13:01:21,967 - INFO - Navigating to: http://operator-qa.qmaastech.com/
2026-04-08 13:01:24,452 - INFO - Attempting login for user: superadmin_qm@yopmail.com
2026-04-08 13:01:26,195 - INFO - Logging DOM elements BEFORE login click...
2026-04-08 13:01:26,195 - INFO - 
================================================================================
2026-04-08 13:01:26,195 - INFO - DOM SNAPSHOT AT STAGE: Before_Login
2026-04-08 13:01:26,195 - INFO - ================================================================================
2026-04-08 13:01:26,242 - INFO - 
Searching for pop-up elements in page content...
2026-04-08 13:01:26,630 - WARNING - ⚠ No known pop-up selectors found. Checking all visible divs...
2026-04-08 13:01:26,690 - INFO - Total DIV elements on page: 20
2026-04-08 13:01:27,312 - INFO -   Visible DIV 1: class='hero-pills' id='no-id' text='bolt
Real-time
smart_toy
AI-driven
hub
Multi-agenc'
2026-04-08 13:01:27,497 - INFO -   Visible DIV 2: class='auth-panel' id='no-id' text='Welcome Back

Sign in to your account to continue
'
2026-04-08 13:01:27,634 - INFO -   Visible DIV 3: class='auth-card' id='no-id' text='Welcome Back

Sign in to your account to continue
'
2026-04-08 13:01:27,782 - INFO -   Visible DIV 4: class='auth-step' id='no-id' text='Welcome Back

Sign in to your account to continue
'
2026-04-08 13:01:28,024 - INFO -   Visible DIV 5: class='field-wrap' id='no-id' text='Email ID / Username *
person'
2026-04-08 13:01:28,145 - INFO -   Visible DIV 6: class='input-shell' id='no-id' text='person'
2026-04-08 13:01:28,293 - INFO -   Visible DIV 7: class='field-wrap' id='no-id' text='Password *
lock
visibility_off'
2026-04-08 13:01:28,427 - INFO -   Visible DIV 8: class='input-shell' id='no-id' text='lock
visibility_off'
2026-04-08 13:01:28,657 - INFO -   Visible DIV 9: class='auth-bottom-links' id='no-id' text='New user?  Access Account

Forgot password?'
2026-04-08 13:01:28,799 - INFO - 
================================================================================

2026-04-08 13:01:29,697 - INFO - Login button clicked.
2026-04-08 13:01:29,701 - INFO - Taking rapid screenshots and validating pop-up...
2026-04-08 13:01:31,549 - INFO - Screenshot captured: reports/RUN_20260408_130115\screenshots\03_Popup_Immediate_1_130129.png
2026-04-08 13:01:31,550 - INFO - Screenshot 1 captured - Attempting validation...
2026-04-08 13:01:31,551 - INFO - 
================================================================================
2026-04-08 13:01:31,551 - INFO - STARTING COMPREHENSIVE POP-UP VALIDATION
2026-04-08 13:01:31,552 - INFO - ================================================================================
2026-04-08 13:01:31,576 - INFO - 
[VALIDATION 1] Checking Pop-up Visibility...
2026-04-08 13:01:31,626 - INFO -   Visibility Status: True
2026-04-08 13:01:31,629 - INFO -   PASSED: Pop-up is visible
2026-04-08 13:01:31,629 - INFO - 
[VALIDATION 2] Extracting and Validating Text Content...
2026-04-08 13:01:31,652 - INFO -   Extracted Text: 'Login Successful'
2026-04-08 13:01:31,652 - INFO -   PASSED: Text matches exactly: 'Login Successful'
2026-04-08 13:01:31,652 - INFO - 
[VALIDATION 3] Checking for Typos...
2026-04-08 13:01:31,652 - INFO -   PASSED: No known typos detected
2026-04-08 13:01:31,652 - INFO - 
[VALIDATION 4] Extracting CSS Classes and Attributes...
2026-04-08 13:01:31,692 - INFO -   CSS Classes: snackbar success-snackbar
2026-04-08 13:01:31,694 - INFO -   PASSED: 'success' class is present
2026-04-08 13:01:31,694 - INFO - 
[VALIDATION 5] Checking Element Properties...
2026-04-08 13:01:31,810 - INFO -   ID: Not set
2026-04-08 13:01:31,810 - INFO -   Data-TestID: Not set
2026-04-08 13:01:31,810 - INFO -   Role: Not set
2026-04-08 13:01:31,810 - INFO -   ARIA Label: Not set
2026-04-08 13:01:31,810 - INFO - 
[VALIDATION 6] Checking Position and Size...
2026-04-08 13:01:31,833 - INFO -   X: 1210, Y: 20
2026-04-08 13:01:31,833 - INFO -   Width: 250, Height: 43.5
2026-04-08 13:01:31,843 - INFO -   PASSED: Element has valid dimensions
2026-04-08 13:01:31,843 - INFO - 
[VALIDATION 7] Checking Computed Styles...
2026-04-08 13:01:31,890 - INFO -   Display: block
2026-04-08 13:01:31,890 - INFO -   Opacity: 1
2026-04-08 13:01:31,890 - INFO -   PASSED: Element is displayed with proper opacity
2026-04-08 13:01:31,890 - INFO - 
================================================================================
2026-04-08 13:01:31,890 - INFO - POP-UP VALIDATION SUMMARY
2026-04-08 13:01:31,890 - INFO - ================================================================================
2026-04-08 13:01:31,890 - INFO -   Visibility: PASSED
2026-04-08 13:01:31,890 - INFO -   Text Match: PASSED
2026-04-08 13:01:31,890 - INFO -   Typo Check: PASSED
2026-04-08 13:01:31,890 - INFO -   CSS Classes: Present
2026-04-08 13:01:31,890 - INFO -   Position & Size: Valid
2026-04-08 13:01:31,890 - INFO -   Computed Styles: Valid
2026-04-08 13:01:31,890 - INFO - ================================================================================

2026-04-08 13:01:31,890 - INFO - ✓ ALL VALIDATIONS PASSED - Pop-up is working correctly!
2026-04-08 13:01:33,801 - INFO - Screenshot captured: reports/RUN_20260408_130115\screenshots\03_Popup_Immediate_2_130131.png
2026-04-08 13:01:33,803 - INFO - Screenshot 2 captured - Attempting validation...
2026-04-08 13:01:33,803 - INFO - 
================================================================================
2026-04-08 13:01:33,805 - INFO - STARTING COMPREHENSIVE POP-UP VALIDATION
2026-04-08 13:01:33,812 - INFO - ================================================================================
2026-04-08 13:01:33,854 - ERROR - VALIDATION FAILED: Pop-up element not found!
2026-04-08 13:01:34,517 - INFO - Screenshot captured: reports/RUN_20260408_130115\screenshots\03_Popup_Immediate_3_130133.png
2026-04-08 13:01:34,519 - INFO - Screenshot 3 captured - Attempting validation...
2026-04-08 13:01:34,523 - INFO - 
================================================================================
2026-04-08 13:01:34,526 - INFO - STARTING COMPREHENSIVE POP-UP VALIDATION
2026-04-08 13:01:34,528 - INFO - ================================================================================
2026-04-08 13:01:34,581 - ERROR - VALIDATION FAILED: Pop-up element not found!
2026-04-08 13:01:34,719 - INFO - Logging DOM elements AFTER login click (pop-up should appear here)...
2026-04-08 13:01:34,723 - INFO - 
================================================================================
2026-04-08 13:01:34,723 - INFO - DOM SNAPSHOT AT STAGE: After_Login_Click
2026-04-08 13:01:34,725 - INFO - ================================================================================
2026-04-08 13:01:34,779 - INFO - 
Searching for pop-up elements in page content...
2026-04-08 13:01:35,277 - WARNING - ⚠ No known pop-up selectors found. Checking all visible divs...
2026-04-08 13:01:35,359 - INFO - Total DIV elements on page: 28
2026-04-08 13:01:35,703 - INFO -   Visible DIV 1: class='header-right' id='no-id' text='English
French
Spanish
Quantum Toll Authority
supe'
2026-04-08 13:01:35,868 - INFO -   Visible DIV 2: class='nav-user' id='no-id' text='Quantum Toll Authority
superadmin_qm@yopmail.com'
2026-04-08 13:01:36,103 - INFO -   Visible DIV 3: class='nav-user-info' id='no-id' text='Quantum Toll Authority
superadmin_qm@yopmail.com'
2026-04-08 13:01:36,243 - INFO -   Visible DIV 4: class='uname' id='no-id' text='Quantum Toll Authority'
2026-04-08 13:01:36,387 - INFO -   Visible DIV 5: class='urole' id='no-id' text='superadmin_qm@yopmail.com'
2026-04-08 13:01:36,517 - INFO -   Visible DIV 6: class='main-container' id='no-id' text='dashboard_2
group
decimal_increase
admin_panel_set'
2026-04-08 13:01:36,665 - INFO -   Visible DIV 7: class='inner' id='no-id' text='dashboard_2'
2026-04-08 13:01:36,805 - INFO -   Visible DIV 8: class='inner' id='no-id' text='group'
2026-04-08 13:01:36,998 - INFO -   Visible DIV 9: class='inner' id='no-id' text='decimal_increase'
2026-04-08 13:01:37,157 - INFO -   Visible DIV 10: class='inner' id='no-id' text='admin_panel_settings'
2026-04-08 13:01:37,307 - INFO -   Visible DIV 11: class='inner' id='no-id' text='nest_doorbell_visitor'
2026-04-08 13:01:37,445 - INFO -   Visible DIV 12: class='inner' id='no-id' text='key_visualizer'
2026-04-08 13:01:37,478 - INFO - 
================================================================================

2026-04-08 13:01:37,881 - INFO - Screenshot captured: reports/RUN_20260408_130115\screenshots\02_Just_After_Login_Click_130137.png
2026-04-08 13:01:37,882 - INFO - Executing navigation test...
2026-04-08 13:01:37,883 - INFO - Starting navigation to Onboard Customer page...
2026-04-08 13:01:37,884 - INFO - Clicking Workbench icon...
2026-04-08 13:01:38,516 - INFO - Workbench menu expanded.
2026-04-08 13:01:38,517 - INFO - Clicking 'Manage Accounts' sub-menu...
2026-04-08 13:01:39,114 - INFO - 'Manage Accounts' submenu expanded.
2026-04-08 13:01:39,115 - INFO - Clicking 'Onboard a Customer' link...
2026-04-08 13:01:40,625 - INFO - Successfully navigated to Onboard Customer page.
2026-04-08 13:01:41,220 - INFO - Screenshot captured: reports/RUN_20260408_130115\screenshots\02_Onboard_Customer_Landing_130140.png
2026-04-08 13:01:41,221 - INFO - Navigation test passed successfully.
2026-04-08 17:01:52,700 - INFO - Test Session Started.
2026-04-08 17:01:52,702 - INFO - Navigating to Login Page: http://operator-qa.qmaastech.com/
2026-04-08 17:01:52,702 - INFO - Navigating to: http://operator-qa.qmaastech.com/
2026-04-08 17:01:56,493 - INFO - Attempting login for user: superadmin_qm@yopmail.com
2026-04-08 17:01:58,408 - INFO - Logging DOM elements BEFORE login click...
2026-04-08 17:01:58,408 - INFO - 
================================================================================
2026-04-08 17:01:58,408 - INFO - DOM SNAPSHOT AT STAGE: Before_Login
2026-04-08 17:01:58,413 - INFO - ================================================================================
2026-04-08 17:01:58,457 - INFO - 
Searching for pop-up elements in page content...
2026-04-08 17:01:58,893 - WARNING - ⚠ No known pop-up selectors found. Checking all visible divs...
2026-04-08 17:01:58,967 - INFO - Total DIV elements on page: 20
2026-04-08 17:01:59,689 - INFO -   Visible DIV 1: class='hero-pills' id='no-id' text='bolt
Real-time
smart_toy
AI-driven
hub
Multi-agenc'
2026-04-08 17:01:59,874 - INFO -   Visible DIV 2: class='auth-panel' id='no-id' text='Welcome Back

Sign in to your account to continue
'
2026-04-08 17:01:59,992 - INFO -   Visible DIV 3: class='auth-card' id='no-id' text='Welcome Back

Sign in to your account to continue
'
2026-04-08 17:02:00,130 - INFO -   Visible DIV 4: class='auth-step' id='no-id' text='Welcome Back

Sign in to your account to continue
'
2026-04-08 17:02:00,273 - INFO -   Visible DIV 5: class='field-wrap' id='no-id' text='Email ID / Username *
person'
2026-04-08 17:02:00,347 - INFO -   Visible DIV 6: class='input-shell' id='no-id' text='person'
2026-04-08 17:02:00,432 - INFO -   Visible DIV 7: class='field-wrap' id='no-id' text='Password *
lock
visibility_off'
2026-04-08 17:02:00,523 - INFO -   Visible DIV 8: class='input-shell' id='no-id' text='lock
visibility_off'
2026-04-08 17:02:00,599 - INFO -   Visible DIV 9: class='auth-bottom-links' id='no-id' text='New user?  Access Account

Forgot password?'
2026-04-08 17:02:00,647 - INFO - 
================================================================================

2026-04-08 17:02:01,215 - INFO - Login button clicked.
2026-04-08 17:02:01,215 - INFO - Taking rapid screenshots and validating pop-up...
2026-04-08 17:02:02,092 - INFO - Screenshot captured: reports/RUN_20260408_170145\screenshots\03_Popup_Immediate_1_170201.png
2026-04-08 17:02:02,096 - INFO - Screenshot 1 captured - Attempting validation...
2026-04-08 17:02:02,096 - INFO - 
================================================================================
2026-04-08 17:02:02,096 - INFO - STARTING COMPREHENSIVE POP-UP VALIDATION
2026-04-08 17:02:02,096 - INFO - ================================================================================
2026-04-08 17:02:02,138 - INFO - 
[VALIDATION 1] Checking Pop-up Visibility...
2026-04-08 17:02:02,179 - INFO -   Visibility Status: True
2026-04-08 17:02:02,179 - INFO -   PASSED: Pop-up is visible
2026-04-08 17:02:02,179 - INFO - 
[VALIDATION 2] Extracting and Validating Text Content...
2026-04-08 17:02:02,207 - INFO -   Extracted Text: 'Login Successful'
2026-04-08 17:02:02,207 - INFO -   PASSED: Text matches exactly: 'Login Successful'
2026-04-08 17:02:02,207 - INFO - 
[VALIDATION 3] Checking for Typos...
2026-04-08 17:02:02,207 - INFO -   PASSED: No known typos detected
2026-04-08 17:02:02,207 - INFO - 
[VALIDATION 4] Extracting CSS Classes and Attributes...
2026-04-08 17:02:02,248 - INFO -   CSS Classes: snackbar success-snackbar
2026-04-08 17:02:02,248 - INFO -   PASSED: 'success' class is present
2026-04-08 17:02:02,248 - INFO - 
[VALIDATION 5] Checking Element Properties...
2026-04-08 17:02:02,366 - INFO -   ID: Not set
2026-04-08 17:02:02,366 - INFO -   Data-TestID: Not set
2026-04-08 17:02:02,366 - INFO -   Role: Not set
2026-04-08 17:02:02,366 - INFO -   ARIA Label: Not set
2026-04-08 17:02:02,366 - INFO - 
[VALIDATION 6] Checking Position and Size...
2026-04-08 17:02:02,391 - INFO -   X: 1210, Y: 20
2026-04-08 17:02:02,391 - INFO -   Width: 250, Height: 43.5
2026-04-08 17:02:02,391 - INFO -   PASSED: Element has valid dimensions
2026-04-08 17:02:02,391 - INFO - 
[VALIDATION 7] Checking Computed Styles...
2026-04-08 17:02:02,447 - INFO -   Display: block
2026-04-08 17:02:02,447 - INFO -   Opacity: 1
2026-04-08 17:02:02,449 - INFO -   PASSED: Element is displayed with proper opacity
2026-04-08 17:02:02,449 - INFO - 
================================================================================
2026-04-08 17:02:02,449 - INFO - POP-UP VALIDATION SUMMARY
2026-04-08 17:02:02,449 - INFO - ================================================================================
2026-04-08 17:02:02,449 - INFO -   Visibility: PASSED
2026-04-08 17:02:02,449 - INFO -   Text Match: PASSED
2026-04-08 17:02:02,449 - INFO -   Typo Check: PASSED
2026-04-08 17:02:02,449 - INFO -   CSS Classes: Present
2026-04-08 17:02:02,449 - INFO -   Position & Size: Valid
2026-04-08 17:02:02,449 - INFO -   Computed Styles: Valid
2026-04-08 17:02:02,449 - INFO - ================================================================================

2026-04-08 17:02:02,449 - INFO - ✓ ALL VALIDATIONS PASSED - Pop-up is working correctly!
2026-04-08 17:02:03,026 - INFO - Screenshot captured: reports/RUN_20260408_170145\screenshots\03_Popup_Immediate_2_170202.png
2026-04-08 17:02:03,026 - INFO - Screenshot 2 captured - Attempting validation...
2026-04-08 17:02:03,033 - INFO - 
================================================================================
2026-04-08 17:02:03,033 - INFO - STARTING COMPREHENSIVE POP-UP VALIDATION
2026-04-08 17:02:03,033 - INFO - ================================================================================
2026-04-08 17:02:03,071 - ERROR - VALIDATION FAILED: Pop-up element not found!
2026-04-08 17:02:04,886 - INFO - Screenshot captured: reports/RUN_20260408_170145\screenshots\03_Popup_Immediate_3_170203.png
2026-04-08 17:02:04,888 - INFO - Screenshot 3 captured - Attempting validation...
2026-04-08 17:02:04,890 - INFO - 
================================================================================
2026-04-08 17:02:04,892 - INFO - STARTING COMPREHENSIVE POP-UP VALIDATION
2026-04-08 17:02:04,892 - INFO - ================================================================================
2026-04-08 17:02:04,946 - ERROR - VALIDATION FAILED: Pop-up element not found!
2026-04-08 17:02:05,084 - INFO - Logging DOM elements AFTER login click (pop-up should appear here)...
2026-04-08 17:02:05,084 - INFO - 
================================================================================
2026-04-08 17:02:05,086 - INFO - DOM SNAPSHOT AT STAGE: After_Login_Click
2026-04-08 17:02:05,086 - INFO - ================================================================================
2026-04-08 17:02:05,102 - INFO - 
Searching for pop-up elements in page content...
2026-04-08 17:02:05,496 - WARNING - ⚠ No known pop-up selectors found. Checking all visible divs...
2026-04-08 17:02:05,622 - INFO - Total DIV elements on page: 28
2026-04-08 17:02:06,250 - INFO -   Visible DIV 1: class='header-right' id='no-id' text='English
French
Spanish
Quantum Toll Authority
supe'
2026-04-08 17:02:06,436 - INFO -   Visible DIV 2: class='nav-user' id='no-id' text='Quantum Toll Authority
superadmin_qm@yopmail.com'
2026-04-08 17:02:06,730 - INFO -   Visible DIV 3: class='nav-user-info' id='no-id' text='Quantum Toll Authority
superadmin_qm@yopmail.com'
2026-04-08 17:02:06,896 - INFO -   Visible DIV 4: class='uname' id='no-id' text='Quantum Toll Authority'
2026-04-08 17:02:07,084 - INFO -   Visible DIV 5: class='urole' id='no-id' text='superadmin_qm@yopmail.com'
2026-04-08 17:02:07,268 - INFO -   Visible DIV 6: class='main-container' id='no-id' text='dashboard_2
group
decimal_increase
admin_panel_set'
2026-04-08 17:02:07,440 - INFO -   Visible DIV 7: class='inner' id='no-id' text='dashboard_2'
2026-04-08 17:02:07,614 - INFO -   Visible DIV 8: class='inner' id='no-id' text='group'
2026-04-08 17:02:07,850 - INFO -   Visible DIV 9: class='inner' id='no-id' text='decimal_increase'
2026-04-08 17:02:08,090 - INFO -   Visible DIV 10: class='inner' id='no-id' text='admin_panel_settings'
2026-04-08 17:02:08,312 - INFO -   Visible DIV 11: class='inner' id='no-id' text='nest_doorbell_visitor'
2026-04-08 17:02:08,571 - INFO -   Visible DIV 12: class='inner' id='no-id' text='key_visualizer'
2026-04-08 17:02:08,620 - INFO - 
================================================================================

2026-04-08 17:02:09,485 - INFO - Screenshot captured: reports/RUN_20260408_170145\screenshots\02_Just_After_Login_Click_170208.png
2026-04-08 17:02:10,222 - INFO - Executing test_onboard_new_customer_step1...
2026-04-08 17:02:10,222 - INFO - Starting navigation to Onboard Customer page...
2026-04-08 17:02:10,238 - INFO - Clicking Workbench icon...
2026-04-08 17:02:10,916 - INFO - Workbench menu expanded.
2026-04-08 17:02:10,916 - INFO - Clicking 'Manage Accounts' sub-menu...
2026-04-08 17:02:11,590 - INFO - 'Manage Accounts' submenu expanded.
2026-04-08 17:02:11,592 - INFO - Clicking 'Onboard a Customer' link...
2026-04-08 17:02:13,313 - INFO - Successfully navigated to Onboard Customer page.
2026-04-08 17:02:13,836 - INFO - Screenshot captured: reports/RUN_20260408_170145\screenshots\02_Onboard_Customer_Landing_170213.png
2026-04-08 17:02:13,844 - INFO - Starting to fill Step 1: Demographic Info...
2026-04-08 17:02:14,397 - INFO - Selected Account Type: PERSONAL
2026-04-08 17:02:15,713 - INFO - Filled First Name: Vanya
2026-04-08 17:02:16,927 - INFO - Filled Last Name: Ranganathan
2026-04-08 17:02:20,168 - INFO - Selected Country, State, and City.
2026-04-08 17:02:21,340 - INFO - Filled Address Line 1: 123 Automation Lane
2026-04-08 17:02:22,582 - INFO - Filled Zip Code: 12345
2026-04-08 17:02:23,815 - INFO - Filled Phone Number: 9876543210
2026-04-08 17:20:12,340 - INFO - Test Session Started.
2026-04-08 17:20:12,343 - INFO - Navigating to Login Page: http://operator-qa.qmaastech.com/
2026-04-08 17:20:12,346 - INFO - Navigating to: http://operator-qa.qmaastech.com/
2026-04-08 17:20:15,059 - INFO - Attempting login for user: superadmin_qm@yopmail.com
2026-04-08 17:20:16,875 - INFO - Logging DOM elements BEFORE login click...
2026-04-08 17:20:16,875 - INFO - 
================================================================================
2026-04-08 17:20:16,875 - INFO - DOM SNAPSHOT AT STAGE: Before_Login
2026-04-08 17:20:16,875 - INFO - ================================================================================
2026-04-08 17:20:16,900 - INFO - 
Searching for pop-up elements in page content...
2026-04-08 17:20:17,288 - WARNING - ⚠ No known pop-up selectors found. Checking all visible divs...
2026-04-08 17:20:17,352 - INFO - Total DIV elements on page: 20
2026-04-08 17:20:18,094 - INFO -   Visible DIV 1: class='hero-pills' id='no-id' text='bolt
Real-time
smart_toy
AI-driven
hub
Multi-agenc'
2026-04-08 17:20:18,274 - INFO -   Visible DIV 2: class='auth-panel' id='no-id' text='Welcome Back

Sign in to your account to continue
'
2026-04-08 17:20:18,393 - INFO -   Visible DIV 3: class='auth-card' id='no-id' text='Welcome Back

Sign in to your account to continue
'
2026-04-08 17:20:18,532 - INFO -   Visible DIV 4: class='auth-step' id='no-id' text='Welcome Back

Sign in to your account to continue
'
2026-04-08 17:20:18,703 - INFO -   Visible DIV 5: class='field-wrap' id='no-id' text='Email ID / Username *
person'
2026-04-08 17:20:18,849 - INFO -   Visible DIV 6: class='input-shell' id='no-id' text='person'
2026-04-08 17:20:18,989 - INFO -   Visible DIV 7: class='field-wrap' id='no-id' text='Password *
lock
visibility_off'
2026-04-08 17:20:19,212 - INFO -   Visible DIV 8: class='input-shell' id='no-id' text='lock
visibility_off'
2026-04-08 17:20:19,497 - INFO -   Visible DIV 9: class='auth-bottom-links' id='no-id' text='New user?  Access Account

Forgot password?'
2026-04-08 17:20:19,620 - INFO - 
================================================================================

2026-04-08 17:20:20,225 - INFO - Login button clicked.
2026-04-08 17:20:20,225 - INFO - Taking rapid screenshots and validating pop-up...
2026-04-08 17:20:21,298 - INFO - Screenshot captured: reports/RUN_20260408_172009\screenshots\03_Popup_Immediate_1_172020.png
2026-04-08 17:20:21,300 - INFO - Screenshot 1 captured - Attempting validation...
2026-04-08 17:20:21,300 - INFO - 
================================================================================
2026-04-08 17:20:21,300 - INFO - STARTING COMPREHENSIVE POP-UP VALIDATION
2026-04-08 17:20:21,306 - INFO - ================================================================================
2026-04-08 17:20:21,355 - INFO - 
[VALIDATION 1] Checking Pop-up Visibility...
2026-04-08 17:20:21,589 - INFO -   Visibility Status: False
2026-04-08 17:20:21,594 - ERROR -   FAILED: Pop-up is not visible!
2026-04-08 17:20:23,433 - INFO - Screenshot captured: reports/RUN_20260408_172009\screenshots\03_Popup_Immediate_2_172021.png
2026-04-08 17:20:23,435 - INFO - Screenshot 2 captured - Attempting validation...
2026-04-08 17:20:23,438 - INFO - 
================================================================================
2026-04-08 17:20:23,440 - INFO - STARTING COMPREHENSIVE POP-UP VALIDATION
2026-04-08 17:20:23,443 - INFO - ================================================================================
2026-04-08 17:20:23,485 - ERROR - VALIDATION FAILED: Pop-up element not found!
2026-04-08 17:20:24,381 - INFO - Screenshot captured: reports/RUN_20260408_172009\screenshots\03_Popup_Immediate_3_172023.png
2026-04-08 17:20:24,389 - INFO - Screenshot 3 captured - Attempting validation...
2026-04-08 17:20:24,399 - INFO - 
================================================================================
2026-04-08 17:20:24,409 - INFO - STARTING COMPREHENSIVE POP-UP VALIDATION
2026-04-08 17:20:24,409 - INFO - ================================================================================
2026-04-08 17:20:24,479 - ERROR - VALIDATION FAILED: Pop-up element not found!
2026-04-08 17:20:24,630 - INFO - Logging DOM elements AFTER login click (pop-up should appear here)...
2026-04-08 17:20:24,648 - INFO - 
================================================================================
2026-04-08 17:20:24,650 - INFO - DOM SNAPSHOT AT STAGE: After_Login_Click
2026-04-08 17:20:24,660 - INFO - ================================================================================
2026-04-08 17:20:24,718 - INFO - 
Searching for pop-up elements in page content...
2026-04-08 17:20:25,380 - WARNING - ⚠ No known pop-up selectors found. Checking all visible divs...
2026-04-08 17:20:25,471 - INFO - Total DIV elements on page: 28
2026-04-08 17:20:25,845 - INFO -   Visible DIV 1: class='header-right' id='no-id' text='English
French
Spanish
Quantum Toll Authority
supe'
2026-04-08 17:20:26,015 - INFO -   Visible DIV 2: class='nav-user' id='no-id' text='Quantum Toll Authority
superadmin_qm@yopmail.com'
2026-04-08 17:20:26,281 - INFO -   Visible DIV 3: class='nav-user-info' id='no-id' text='Quantum Toll Authority
superadmin_qm@yopmail.com'
2026-04-08 17:20:26,439 - INFO -   Visible DIV 4: class='uname' id='no-id' text='Quantum Toll Authority'
2026-04-08 17:20:26,555 - INFO -   Visible DIV 5: class='urole' id='no-id' text='superadmin_qm@yopmail.com'
2026-04-08 17:20:26,667 - INFO -   Visible DIV 6: class='main-container' id='no-id' text='dashboard_2
group
decimal_increase
admin_panel_set'
2026-04-08 17:20:26,791 - INFO -   Visible DIV 7: class='inner' id='no-id' text='dashboard_2'
2026-04-08 17:20:26,913 - INFO -   Visible DIV 8: class='inner' id='no-id' text='group'
2026-04-08 17:20:27,046 - INFO -   Visible DIV 9: class='inner' id='no-id' text='decimal_increase'
2026-04-08 17:20:27,209 - INFO -   Visible DIV 10: class='inner' id='no-id' text='admin_panel_settings'
2026-04-08 17:20:27,379 - INFO -   Visible DIV 11: class='inner' id='no-id' text='nest_doorbell_visitor'
2026-04-08 17:20:27,542 - INFO -   Visible DIV 12: class='inner' id='no-id' text='key_visualizer'
2026-04-08 17:20:27,575 - INFO - 
================================================================================

2026-04-08 17:20:27,820 - INFO - Screenshot captured: reports/RUN_20260408_172009\screenshots\02_Just_After_Login_Click_172027.png
2026-04-08 17:20:28,278 - INFO - Executing test_onboard_new_customer_step1...
2026-04-08 17:20:28,278 - INFO - Starting navigation to Onboard Customer page...
2026-04-08 17:20:28,278 - INFO - Clicking Workbench icon...
2026-04-08 17:20:28,944 - INFO - Workbench menu expanded.
2026-04-08 17:20:28,944 - INFO - Clicking 'Manage Accounts' sub-menu...
2026-04-08 17:20:29,584 - INFO - 'Manage Accounts' submenu expanded.
2026-04-08 17:20:29,586 - INFO - Clicking 'Onboard a Customer' link...
2026-04-08 17:20:31,273 - INFO - Successfully navigated to Onboard Customer page.
2026-04-08 17:20:32,029 - INFO - Screenshot captured: reports/RUN_20260408_172009\screenshots\02_Onboard_Customer_Landing_172031.png
2026-04-08 17:20:32,029 - INFO - Starting to fill Step 1: Demographic Info...
2026-04-08 17:20:32,612 - INFO - Selected Account Type: PERSONAL
2026-04-08 17:20:34,191 - INFO - Filled First Name: Eva
2026-04-08 17:20:35,736 - INFO - Filled Last Name: Bains
2026-04-08 17:20:35,737 - INFO - Selecting address checkboxes...
2026-04-08 17:20:36,985 - INFO - Checked: Use Same for Billing
2026-04-08 17:20:38,206 - INFO - Checked: Use Same for Shipping
2026-04-08 17:20:39,349 - INFO - Checked: Primary Address
2026-04-08 17:20:39,349 - INFO - Selecting location details...
2026-04-08 17:20:44,034 - INFO - Filled Address Line 1: 123 Automation Lane
2026-04-08 17:20:45,633 - INFO - Filled Zip Code: 12345
2026-04-08 17:20:47,054 - INFO - Filled Phone Number: 9876543210
2026-04-08 17:20:48,486 - INFO - Filled Email: auto_eva_172047@test.com
2026-04-08 17:20:49,930 - INFO - Filled Confirm Email: auto_eva_172047@test.com
2026-04-08 17:20:49,932 - INFO - Clicking 'Save & Next'...
2026-04-08 17:20:50,752 - INFO - Screenshot captured: reports/RUN_20260408_172009\screenshots\03_Step1_Filled_Data_172050.png
2026-04-08 17:21:01,413 - ERROR - Failed to verify Step 1 success message.
2026-04-08 17:21:01,657 - INFO - Screenshot captured: reports/RUN_20260408_172009\screenshots\04_Step1_Submission_Error_172101.png
2026-04-08 17:58:25,650 - INFO - Test Session Started.
2026-04-08 17:58:25,655 - INFO - Navigating to Login Page: http://operator-qa.qmaastech.com/
2026-04-08 17:58:25,656 - INFO - Navigating to: http://operator-qa.qmaastech.com/
2026-04-08 17:58:28,222 - INFO - Attempting login for user: superadmin_qm@yopmail.com
2026-04-08 17:58:29,943 - INFO - Logging DOM elements BEFORE login click...
2026-04-08 17:58:29,943 - INFO - 
================================================================================
2026-04-08 17:58:29,943 - INFO - DOM SNAPSHOT AT STAGE: Before_Login
2026-04-08 17:58:29,943 - INFO - ================================================================================
2026-04-08 17:58:29,975 - INFO - 
Searching for pop-up elements in page content...
2026-04-08 17:58:30,382 - WARNING - ⚠ No known pop-up selectors found. Checking all visible divs...
2026-04-08 17:58:30,430 - INFO - Total DIV elements on page: 20
2026-04-08 17:58:30,939 - INFO -   Visible DIV 1: class='hero-pills' id='no-id' text='bolt
Real-time
smart_toy
AI-driven
hub
Multi-agenc'
2026-04-08 17:58:31,090 - INFO -   Visible DIV 2: class='auth-panel' id='no-id' text='Welcome Back

Sign in to your account to continue
'
2026-04-08 17:58:31,201 - INFO -   Visible DIV 3: class='auth-card' id='no-id' text='Welcome Back

Sign in to your account to continue
'
2026-04-08 17:58:31,353 - INFO -   Visible DIV 4: class='auth-step' id='no-id' text='Welcome Back

Sign in to your account to continue
'
2026-04-08 17:58:31,499 - INFO -   Visible DIV 5: class='field-wrap' id='no-id' text='Email ID / Username *
person'
2026-04-08 17:58:31,601 - INFO -   Visible DIV 6: class='input-shell' id='no-id' text='person'
2026-04-08 17:58:31,687 - INFO -   Visible DIV 7: class='field-wrap' id='no-id' text='Password *
lock
visibility_off'
2026-04-08 17:58:31,801 - INFO -   Visible DIV 8: class='input-shell' id='no-id' text='lock
visibility_off'
2026-04-08 17:58:31,898 - INFO -   Visible DIV 9: class='auth-bottom-links' id='no-id' text='New user?  Access Account

Forgot password?'
2026-04-08 17:58:31,929 - INFO - 
================================================================================

2026-04-08 17:58:32,505 - INFO - Login button clicked.
2026-04-08 17:58:32,507 - INFO - Taking rapid screenshots and validating pop-up...
2026-04-08 17:58:33,124 - INFO - Screenshot captured: reports/RUN_20260408_175821\screenshots\03_Popup_Immediate_1_175832.png
2026-04-08 17:58:33,126 - INFO - Screenshot 1 captured - Attempting validation...
2026-04-08 17:58:33,127 - INFO - 
================================================================================
2026-04-08 17:58:33,128 - INFO - STARTING COMPREHENSIVE POP-UP VALIDATION
2026-04-08 17:58:33,129 - INFO - ================================================================================
2026-04-08 17:58:33,160 - INFO - 
[VALIDATION 1] Checking Pop-up Visibility...
2026-04-08 17:58:33,177 - INFO -   Visibility Status: True
2026-04-08 17:58:33,190 - INFO -   PASSED: Pop-up is visible
2026-04-08 17:58:33,190 - INFO - 
[VALIDATION 2] Extracting and Validating Text Content...
2026-04-08 17:58:33,209 - INFO -   Extracted Text: 'Login Successful'
2026-04-08 17:58:33,209 - INFO -   PASSED: Text matches exactly: 'Login Successful'
2026-04-08 17:58:33,209 - INFO - 
[VALIDATION 3] Checking for Typos...
2026-04-08 17:58:33,209 - INFO -   PASSED: No known typos detected
2026-04-08 17:58:33,209 - INFO - 
[VALIDATION 4] Extracting CSS Classes and Attributes...
2026-04-08 17:58:33,264 - INFO -   CSS Classes: snackbar success-snackbar
2026-04-08 17:58:33,264 - INFO -   PASSED: 'success' class is present
2026-04-08 17:58:33,264 - INFO - 
[VALIDATION 5] Checking Element Properties...
2026-04-08 17:58:33,321 - INFO -   ID: Not set
2026-04-08 17:58:33,321 - INFO -   Data-TestID: Not set
2026-04-08 17:58:33,321 - INFO -   Role: Not set
2026-04-08 17:58:33,335 - INFO -   ARIA Label: Not set
2026-04-08 17:58:33,335 - INFO - 
[VALIDATION 6] Checking Position and Size...
2026-04-08 17:58:33,336 - INFO -   X: 1010, Y: 20
2026-04-08 17:58:33,351 - INFO -   Width: 250, Height: 43.5
2026-04-08 17:58:33,351 - INFO -   PASSED: Element has valid dimensions
2026-04-08 17:58:33,351 - INFO - 
[VALIDATION 7] Checking Computed Styles...
2026-04-08 17:58:33,388 - INFO -   Display: block
2026-04-08 17:58:33,388 - INFO -   Opacity: 1
2026-04-08 17:58:33,388 - INFO -   PASSED: Element is displayed with proper opacity
2026-04-08 17:58:33,388 - INFO - 
================================================================================
2026-04-08 17:58:33,388 - INFO - POP-UP VALIDATION SUMMARY
2026-04-08 17:58:33,388 - INFO - ================================================================================
2026-04-08 17:58:33,388 - INFO -   Visibility: PASSED
2026-04-08 17:58:33,388 - INFO -   Text Match: PASSED
2026-04-08 17:58:33,388 - INFO -   Typo Check: PASSED
2026-04-08 17:58:33,388 - INFO -   CSS Classes: Present
2026-04-08 17:58:33,388 - INFO -   Position & Size: Valid
2026-04-08 17:58:33,388 - INFO -   Computed Styles: Valid
2026-04-08 17:58:33,388 - INFO - ================================================================================

2026-04-08 17:58:33,388 - INFO - ✓ ALL VALIDATIONS PASSED - Pop-up is working correctly!
2026-04-08 17:58:33,925 - INFO - Screenshot captured: reports/RUN_20260408_175821\screenshots\03_Popup_Immediate_2_175833.png
2026-04-08 17:58:33,926 - INFO - Screenshot 2 captured - Attempting validation...
2026-04-08 17:58:33,926 - INFO - 
================================================================================
2026-04-08 17:58:33,927 - INFO - STARTING COMPREHENSIVE POP-UP VALIDATION
2026-04-08 17:58:33,927 - INFO - ================================================================================
2026-04-08 17:58:33,942 - ERROR - VALIDATION FAILED: Pop-up element not found!
2026-04-08 17:58:35,412 - INFO - Screenshot captured: reports/RUN_20260408_175821\screenshots\03_Popup_Immediate_3_175834.png
2026-04-08 17:58:35,416 - INFO - Screenshot 3 captured - Attempting validation...
2026-04-08 17:58:35,417 - INFO - 
================================================================================
2026-04-08 17:58:35,418 - INFO - STARTING COMPREHENSIVE POP-UP VALIDATION
2026-04-08 17:58:35,419 - INFO - ================================================================================
2026-04-08 17:58:35,454 - ERROR - VALIDATION FAILED: Pop-up element not found!
2026-04-08 17:58:35,589 - INFO - Logging DOM elements AFTER login click (pop-up should appear here)...
2026-04-08 17:58:35,589 - INFO - 
================================================================================
2026-04-08 17:58:35,589 - INFO - DOM SNAPSHOT AT STAGE: After_Login_Click
2026-04-08 17:58:35,589 - INFO - ================================================================================
2026-04-08 17:58:35,621 - INFO - 
Searching for pop-up elements in page content...
2026-04-08 17:58:35,990 - WARNING - ⚠ No known pop-up selectors found. Checking all visible divs...
2026-04-08 17:58:36,055 - INFO - Total DIV elements on page: 28
2026-04-08 17:58:36,311 - INFO -   Visible DIV 1: class='header-right' id='no-id' text='English
French
Spanish
Quantum Toll Authority
supe'
2026-04-08 17:58:36,437 - INFO -   Visible DIV 2: class='nav-user' id='no-id' text='Quantum Toll Authority
superadmin_qm@yopmail.com'
2026-04-08 17:58:36,650 - INFO -   Visible DIV 3: class='nav-user-info' id='no-id' text='Quantum Toll Authority
superadmin_qm@yopmail.com'
2026-04-08 17:58:36,781 - INFO -   Visible DIV 4: class='uname' id='no-id' text='Quantum Toll Authority'
2026-04-08 17:58:36,920 - INFO -   Visible DIV 5: class='urole' id='no-id' text='superadmin_qm@yopmail.com'
2026-04-08 17:58:37,049 - INFO -   Visible DIV 6: class='main-container' id='no-id' text='dashboard_2
group
decimal_increase
admin_panel_set'
2026-04-08 17:58:37,168 - INFO -   Visible DIV 7: class='inner' id='no-id' text='dashboard_2'
2026-04-08 17:58:37,289 - INFO -   Visible DIV 8: class='inner' id='no-id' text='group'
2026-04-08 17:58:37,431 - INFO -   Visible DIV 9: class='inner' id='no-id' text='decimal_increase'
2026-04-08 17:58:37,586 - INFO -   Visible DIV 10: class='inner' id='no-id' text='admin_panel_settings'
2026-04-08 17:58:37,730 - INFO -   Visible DIV 11: class='inner' id='no-id' text='nest_doorbell_visitor'
2026-04-08 17:58:37,862 - INFO -   Visible DIV 12: class='inner' id='no-id' text='key_visualizer'
2026-04-08 17:58:37,887 - INFO - 
================================================================================

2026-04-08 17:58:38,271 - INFO - Screenshot captured: reports/RUN_20260408_175821\screenshots\02_Just_After_Login_Click_175837.png
2026-04-08 17:58:38,605 - INFO - Executing test_onboard_new_customer_step1...
2026-04-08 17:58:38,605 - INFO - Starting navigation to Onboard Customer page...
2026-04-08 17:58:38,605 - INFO - Clicking Workbench icon...
2026-04-08 17:58:39,223 - INFO - Workbench menu expanded.
2026-04-08 17:58:39,225 - INFO - Clicking 'Manage Accounts' sub-menu...
2026-04-08 17:58:39,814 - INFO - 'Manage Accounts' submenu expanded.
2026-04-08 17:58:39,814 - INFO - Clicking 'Onboard a Customer' link...
2026-04-08 17:58:41,479 - INFO - Successfully navigated to Onboard Customer page.
2026-04-08 17:58:42,026 - INFO - Screenshot captured: reports/RUN_20260408_175821\screenshots\02_Onboard_Customer_Landing_175841.png
2026-04-08 17:58:42,029 - INFO - Starting to fill Step 1: Demographic Info...
2026-04-08 17:58:43,979 - INFO - Filled First Name: Shaan
2026-04-08 17:58:45,434 - INFO - Filled Last Name: Bhakta
2026-04-08 17:58:45,436 - INFO - Selecting address checkboxes...
2026-04-08 17:58:46,635 - INFO - Checked: Use Same for Billing
2026-04-08 17:58:47,794 - INFO - Checked: Use Same for Shipping
2026-04-08 17:58:48,927 - INFO - Checked: Primary Address
2026-04-08 17:58:48,927 - INFO - Selecting location details...
2026-04-08 17:58:53,514 - INFO - Filled Address Line 1: 123 Automation Lane
2026-04-08 17:58:54,900 - INFO - Filled Zip Code: 12345
2026-04-08 17:58:54,902 - INFO - Filling contact details...
2026-04-08 17:58:56,266 - WARNING - Could not highlight/fill Phone Country Code: Error: Element is not an <input>, <textarea> or [contenteditable] element
